Archive member included to satisfy reference by file (symbol)

/opt/st/stm32cubeide_1.10.1/plugins/com.st.stm32cube.ide.mcu.externaltools.gnu-tools-for-stm32.10.3-2021.10.linux64_1.0.0.202111181127/tools/bin/../lib/gcc/arm-none-eabi/10.3.1/../../../../arm-none-eabi/lib/thumb/v7e-m+fp/hard/libc_nano.a(lib_a-errno.o)
                              ./Core/Src/syscalls.o (__errno)
/opt/st/stm32cubeide_1.10.1/plugins/com.st.stm32cube.ide.mcu.externaltools.gnu-tools-for-stm32.10.3-2021.10.linux64_1.0.0.202111181127/tools/bin/../lib/gcc/arm-none-eabi/10.3.1/../../../../arm-none-eabi/lib/thumb/v7e-m+fp/hard/libc_nano.a(lib_a-exit.o)
                              /opt/st/stm32cubeide_1.10.1/plugins/com.st.stm32cube.ide.mcu.externaltools.gnu-tools-for-stm32.10.3-2021.10.linux64_1.0.0.202111181127/tools/bin/../lib/gcc/arm-none-eabi/10.3.1/../../../../arm-none-eabi/lib/thumb/v7e-m+fp/hard/crt0.o (exit)
/opt/st/stm32cubeide_1.10.1/plugins/com.st.stm32cube.ide.mcu.externaltools.gnu-tools-for-stm32.10.3-2021.10.linux64_1.0.0.202111181127/tools/bin/../lib/gcc/arm-none-eabi/10.3.1/../../../../arm-none-eabi/lib/thumb/v7e-m+fp/hard/libc_nano.a(lib_a-impure.o)
                              /opt/st/stm32cubeide_1.10.1/plugins/com.st.stm32cube.ide.mcu.externaltools.gnu-tools-for-stm32.10.3-2021.10.linux64_1.0.0.202111181127/tools/bin/../lib/gcc/arm-none-eabi/10.3.1/../../../../arm-none-eabi/lib/thumb/v7e-m+fp/hard/libc_nano.a(lib_a-exit.o) (_global_impure_ptr)
/opt/st/stm32cubeide_1.10.1/plugins/com.st.stm32cube.ide.mcu.externaltools.gnu-tools-for-stm32.10.3-2021.10.linux64_1.0.0.202111181127/tools/bin/../lib/gcc/arm-none-eabi/10.3.1/../../../../arm-none-eabi/lib/thumb/v7e-m+fp/hard/libc_nano.a(lib_a-init.o)
                              /opt/st/stm32cubeide_1.10.1/plugins/com.st.stm32cube.ide.mcu.externaltools.gnu-tools-for-stm32.10.3-2021.10.linux64_1.0.0.202111181127/tools/bin/../lib/gcc/arm-none-eabi/10.3.1/../../../../arm-none-eabi/lib/thumb/v7e-m+fp/hard/crt0.o (__libc_init_array)
/opt/st/stm32cubeide_1.10.1/plugins/com.st.stm32cube.ide.mcu.externaltools.gnu-tools-for-stm32.10.3-2021.10.linux64_1.0.0.202111181127/tools/bin/../lib/gcc/arm-none-eabi/10.3.1/../../../../arm-none-eabi/lib/thumb/v7e-m+fp/hard/libc_nano.a(lib_a-memset.o)
                              /opt/st/stm32cubeide_1.10.1/plugins/com.st.stm32cube.ide.mcu.externaltools.gnu-tools-for-stm32.10.3-2021.10.linux64_1.0.0.202111181127/tools/bin/../lib/gcc/arm-none-eabi/10.3.1/../../../../arm-none-eabi/lib/thumb/v7e-m+fp/hard/crt0.o (memset)
/opt/st/stm32cubeide_1.10.1/plugins/com.st.stm32cube.ide.mcu.externaltools.gnu-tools-for-stm32.10.3-2021.10.linux64_1.0.0.202111181127/tools/bin/../lib/gcc/arm-none-eabi/10.3.1/thumb/v7e-m+fp/hard/libgcc.a(_arm_addsubdf3.o)
                              ./Core/Src/whiteBalance.o (__aeabi_i2d)
/opt/st/stm32cubeide_1.10.1/plugins/com.st.stm32cube.ide.mcu.externaltools.gnu-tools-for-stm32.10.3-2021.10.linux64_1.0.0.202111181127/tools/bin/../lib/gcc/arm-none-eabi/10.3.1/thumb/v7e-m+fp/hard/libgcc.a(_arm_muldivdf3.o)
                              ./Core/Src/whiteBalance.o (__aeabi_ddiv)
/opt/st/stm32cubeide_1.10.1/plugins/com.st.stm32cube.ide.mcu.externaltools.gnu-tools-for-stm32.10.3-2021.10.linux64_1.0.0.202111181127/tools/bin/../lib/gcc/arm-none-eabi/10.3.1/thumb/v7e-m+fp/hard/libgcc.a(_arm_truncdfsf2.o)
                              ./Core/Src/whiteBalance.o (__aeabi_d2f)
/opt/st/stm32cubeide_1.10.1/plugins/com.st.stm32cube.ide.mcu.externaltools.gnu-tools-for-stm32.10.3-2021.10.linux64_1.0.0.202111181127/tools/bin/../lib/gcc/arm-none-eabi/10.3.1/thumb/v7e-m+fp/hard/libgcc.a(_aeabi_uldivmod.o)
                              ./Drivers/STM32F4xx_HAL_Driver/Src/stm32f4xx_hal_rcc.o (__aeabi_uldivmod)
/opt/st/stm32cubeide_1.10.1/plugins/com.st.stm32cube.ide.mcu.externaltools.gnu-tools-for-stm32.10.3-2021.10.linux64_1.0.0.202111181127/tools/bin/../lib/gcc/arm-none-eabi/10.3.1/thumb/v7e-m+fp/hard/libgcc.a(_udivmoddi4.o)
                              /opt/st/stm32cubeide_1.10.1/plugins/com.st.stm32cube.ide.mcu.externaltools.gnu-tools-for-stm32.10.3-2021.10.linux64_1.0.0.202111181127/tools/bin/../lib/gcc/arm-none-eabi/10.3.1/thumb/v7e-m+fp/hard/libgcc.a(_aeabi_uldivmod.o) (__udivmoddi4)
/opt/st/stm32cubeide_1.10.1/plugins/com.st.stm32cube.ide.mcu.externaltools.gnu-tools-for-stm32.10.3-2021.10.linux64_1.0.0.202111181127/tools/bin/../lib/gcc/arm-none-eabi/10.3.1/thumb/v7e-m+fp/hard/libgcc.a(_dvmd_tls.o)
                              /opt/st/stm32cubeide_1.10.1/plugins/com.st.stm32cube.ide.mcu.externaltools.gnu-tools-for-stm32.10.3-2021.10.linux64_1.0.0.202111181127/tools/bin/../lib/gcc/arm-none-eabi/10.3.1/thumb/v7e-m+fp/hard/libgcc.a(_aeabi_uldivmod.o) (__aeabi_ldiv0)

Discarded input sections

 .text          0x0000000000000000        0x0 /opt/st/stm32cubeide_1.10.1/plugins/com.st.stm32cube.ide.mcu.externaltools.gnu-tools-for-stm32.10.3-2021.10.linux64_1.0.0.202111181127/tools/bin/../lib/gcc/arm-none-eabi/10.3.1/thumb/v7e-m+fp/hard/crti.o
[...]
Memory Configuration

Name             Origin             Length             Attributes
RAM              0x0000000020000000 0x0000000000020000 xrw
FLASH            0x0000000008000000 0x0000000000080000 xr
*default*        0x0000000000000000 0xffffffffffffffff

Linker script and memory map

LOAD /opt/st/stm32cubeide_1.10.1/plugins/com.st.stm32cube.ide.mcu.externaltools.gnu-tools-for-stm32.10.3-2021.10.linux64_1.0.0.202111181127/tools/bin/../lib/gcc/arm-none-eabi/10.3.1/thumb/v7e-m+fp/hard/crti.o
LOAD /opt/st/stm32cubeide_1.10.1/plugins/com.st.stm32cube.ide.mcu.externaltools.gnu-tools-for-stm32.10.3-2021.10.linux64_1.0.0.202111181127/tools/bin/../lib/gcc/arm-none-eabi/10.3.1/thumb/v7e-m+fp/hard/crtbegin.o
LOAD /opt/st/stm32cubeide_1.10.1/plugins/com.st.stm32cube.ide.mcu.externaltools.gnu-tools-for-stm32.10.3-2021.10.linux64_1.0.0.202111181127/tools/bin/../lib/gcc/arm-none-eabi/10.3.1/../../../../arm-none-eabi/lib/thumb/v7e-m+fp/hard/crt0.o
LOAD ./Core/Src/UART_servo.o
LOAD ./Core/Src/colorSensor.o
LOAD ./Core/Src/communication.o
LOAD ./Core/Src/main.o
LOAD ./Core/Src/mainpp.o
LOAD ./Core/Src/mission.o
LOAD ./Core/Src/motor.o
LOAD ./Core/Src/servo.o
LOAD ./Core/Src/stm32f4xx_hal_msp.o
LOAD ./Core/Src/stm32f4xx_it.o
LOAD ./Core/Src/syscalls.o
LOAD ./Core/Src/sysmem.o
LOAD ./Core/Src/system_stm32f4xx.o
LOAD ./Core/Src/whiteBalance.o
LOAD ./Core/Startup/startup_stm32f446retx.o
LOAD ./Drivers/STM32F4xx_HAL_Driver/Src/stm32f4xx_hal.o
LOAD ./Drivers/STM32F4xx_HAL_Driver/Src/stm32f4xx_hal_cortex.o
LOAD ./Drivers/STM32F4xx_HAL_Driver/Src/stm32f4xx_hal_dma.o
LOAD ./Drivers/STM32F4xx_HAL_Driver/Src/stm32f4xx_hal_dma_ex.o
LOAD ./Drivers/STM32F4xx_HAL_Driver/Src/stm32f4xx_hal_exti.o
LOAD ./Drivers/STM32F4xx_HAL_Driver/Src/stm32f4xx_hal_flash.o
LOAD ./Drivers/STM32F4xx_HAL_Driver/Src/stm32f4xx_hal_flash_ex.o
LOAD ./Drivers/STM32F4xx_HAL_Driver/Src/stm32f4xx_hal_flash_ramfunc.o
LOAD ./Drivers/STM32F4xx_HAL_Driver/Src/stm32f4xx_hal_gpio.o
LOAD ./Drivers/STM32F4xx_HAL_Driver/Src/stm32f4xx_hal_pwr.o
LOAD ./Drivers/STM32F4xx_HAL_Driver/Src/stm32f4xx_hal_pwr_ex.o
LOAD ./Drivers/STM32F4xx_HAL_Driver/Src/stm32f4xx_hal_rcc.o
LOAD ./Drivers/STM32F4xx_HAL_Driver/Src/stm32f4xx_hal_rcc_ex.o
LOAD ./Drivers/STM32F4xx_HAL_Driver/Src/stm32f4xx_hal_tim.o
LOAD ./Drivers/STM32F4xx_HAL_Driver/Src/stm32f4xx_hal_tim_ex.o
LOAD ./Drivers/STM32F4xx_HAL_Driver/Src/stm32f4xx_hal_uart.o
START GROUP
LOAD /opt/st/stm32cubeide_1.10.1/plugins/com.st.stm32cube.ide.mcu.externaltools.gnu-tools-for-stm32.10.3-2021.10.linux64_1.0.0.202111181127/tools/bin/../lib/gcc/arm-none-eabi/10.3.1/../../../../arm-none-eabi/lib/thumb/v7e-m+fp/hard/libstdc++_nano.a
LOAD /opt/st/stm32cubeide_1.10.1/plugins/com.st.stm32cube.ide.mcu.externaltools.gnu-tools-for-stm32.10.3-2021.10.linux64_1.0.0.202111181127/tools/bin/../lib/gcc/arm-none-eabi/10.3.1/../../../../arm-none-eabi/lib/thumb/v7e-m+fp/hard/libsupc++_nano.a
END GROUP
LOAD /opt/st/stm32cubeide_1.10.1/plugins/com.st.stm32cube.ide.mcu.externaltools.gnu-tools-for-stm32.10.3-2021.10.linux64_1.0.0.202111181127/tools/bin/../lib/gcc/arm-none-eabi/10.3.1/../../../../arm-none-eabi/lib/thumb/v7e-m+fp/hard/libstdc++_nano.a
LOAD /opt/st/stm32cubeide_1.10.1/plugins/com.st.stm32cube.ide.mcu.externaltools.gnu-tools-for-stm32.10.3-2021.10.linux64_1.0.0.202111181127/tools/bin/../lib/gcc/arm-none-eabi/10.3.1/../../../../arm-none-eabi/lib/thumb/v7e-m+fp/hard/libm.a
LOAD /opt/st/stm32cubeide_1.10.1/plugins/com.st.stm32cube.ide.mcu.externaltools.gnu-tools-for-stm32.10.3-2021.10.linux64_1.0.0.202111181127/tools/bin/../lib/gcc/arm-none-eabi/10.3.1/../../../../arm-none-eabi/lib/thumb/v7e-m+fp/hard/libc_nano.a
START GROUP
LOAD /opt/st/stm32cubeide_1.10.1/plugins/com.st.stm32cube.ide.mcu.externaltools.gnu-tools-for-stm32.10.3-2021.10.linux64_1.0.0.202111181127/tools/bin/../lib/gcc/arm-none-eabi/10.3.1/thumb/v7e-m+fp/hard/libgcc.a
LOAD /opt/st/stm32cubeide_1.10.1/plugins/com.st.stm32cube.ide.mcu.externaltools.gnu-tools-for-stm32.10.3-2021.10.linux64_1.0.0.202111181127/tools/bin/../lib/gcc/arm-none-eabi/10.3.1/../../../../arm-none-eabi/lib/thumb/v7e-m+fp/hard/libc_nano.a
END GROUP
START GROUP
LOAD /opt/st/stm32cubeide_1.10.1/plugins/com.st.stm32cube.ide.mcu.externaltools.gnu-tools-for-stm32.10.3-2021.10.linux64_1.0.0.202111181127/tools/bin/../lib/gcc/arm-none-eabi/10.3.1/thumb/v7e-m+fp/hard/libgcc.a
LOAD /opt/st/stm32cubeide_1.10.1/plugins/com.st.stm32cube.ide.mcu.externaltools.gnu-tools-for-stm32.10.3-2021.10.linux64_1.0.0.202111181127/tools/bin/../lib/gcc/arm-none-eabi/10.3.1/../../../../arm-none-eabi/lib/thumb/v7e-m+fp/hard/libc_nano.a
LOAD /opt/st/stm32cubeide_1.10.1/plugins/com.st.stm32cube.ide.mcu.externaltools.gnu-tools-for-stm32.10.3-2021.10.linux64_1.0.0.202111181127/tools/bin/../lib/gcc/arm-none-eabi/10.3.1/../../../../arm-none-eabi/lib/thumb/v7e-m+fp/hard/libnosys.a
END GROUP
START GROUP
LOAD /opt/st/stm32cubeide_1.10.1/plugins/com.st.stm32cube.ide.mcu.externaltools.gnu-tools-for-stm32.10.3-2021.10.linux64_1.0.0.202111181127/tools/bin/../lib/gcc/arm-none-eabi/10.3.1/thumb/v7e-m+fp/hard/libgcc.a
LOAD /opt/st/stm32cubeide_1.10.1/plugins/com.st.stm32cube.ide.mcu.externaltools.gnu-tools-for-stm32.10.3-2021.10.linux64_1.0.0.202111181127/tools/bin/../lib/gcc/arm-none-eabi/10.3.1/../../../../arm-none-eabi/lib/thumb/v7e-m+fp/hard/libc_nano.a
LOAD /opt/st/stm32cubeide_1.10.1/plugins/com.st.stm32cube.ide.mcu.externaltools.gnu-tools-for-stm32.10.3-2021.10.linux64_1.0.0.202111181127/tools/bin/../lib/gcc/arm-none-eabi/10.3.1/../../../../arm-none-eabi/lib/thumb/v7e-m+fp/hard/libnosys.a
END GROUP
LOAD /opt/st/stm32cubeide_1.10.1/plugins/com.st.stm32cube.ide.mcu.externaltools.gnu-tools-for-stm32.10.3-2021.10.linux64_1.0.0.202111181127/tools/bin/../lib/gcc/arm-none-eabi/10.3.1/thumb/v7e-m+fp/hard/crtend.o
LOAD /opt/st/stm32cubeide_1.10.1/plugins/com.st.stm32cube.ide.mcu.externaltools.gnu-tools-for-stm32.10.3-2021.10.linux64_1.0.0.202111181127/tools/bin/../lib/gcc/arm-none-eabi/10.3.1/thumb/v7e-m+fp/hard/crtn.o
                0x0000000020020000                _estack = (ORIGIN (RAM) + LENGTH (RAM))
                0x0000000000000200                _Min_Heap_Size = 0x200
                0x0000000000000400                _Min_Stack_Size = 0x400

.isr_vector     0x0000000008000000      0x1c4
                0x0000000008000000                . = ALIGN (0x4)
 *(.isr_vector)
 .isr_vector    0x0000000008000000      0x1c4 ./Core/Startup/startup_stm32f446retx.o
                0x0000000008000000                g_pfnVectors
                0x00000000080001c4                . = ALIGN (0x4)

.text           0x00000000080001c4     0x7950
                0x00000000080001c4                . = ALIGN (0x4)
 *(.text)
 .text          0x00000000080001c4       0x40 /opt/st/stm32cubeide_1.10.1/plugins/com.st.stm32cube.ide.mcu.externaltools.gnu-tools-for-stm32.10.3-2021.10.linux64_1.0.0.202111181127/tools/bin/../lib/gcc/arm-none-eabi/10.3.1/thumb/v7e-m+fp/hard/crtbegin.o
 .text          0x0000000008000204       0x30 /opt/st/stm32cubeide_1.10.1/plugins/com.st.stm32cube.ide.mcu.externaltools.gnu-tools-for-stm32.10.3-2021.10.linux64_1.0.0.202111181127/tools/bin/../lib/gcc/arm-none-eabi/10.3.1/thumb/v7e-m+fp/hard/libgcc.a(_aeabi_uldivmod.o)
                0x0000000008000204                __aeabi_uldivmod
 .text          0x0000000008000234      0x2d0 /opt/st/stm32cubeide_1.10.1/plugins/com.st.stm32cube.ide.mcu.externaltools.gnu-tools-for-stm32.10.3-2021.10.linux64_1.0.0.202111181127/tools/bin/../lib/gcc/arm-none-eabi/10.3.1/thumb/v7e-m+fp/hard/libgcc.a(_udivmoddi4.o)
                0x0000000008000234                __udivmoddi4
 .text          0x0000000008000504        0x4 /opt/st/stm32cubeide_1.10.1/plugins/com.st.stm32cube.ide.mcu.externaltools.gnu-tools-for-stm32.10.3-2021.10.linux64_1.0.0.202111181127/tools/bin/../lib/gcc/arm-none-eabi/10.3.1/thumb/v7e-m+fp/hard/libgcc.a(_dvmd_tls.o)
                0x0000000008000504                __aeabi_ldiv0
                0x0000000008000504                __aeabi_idiv0
 *(.text*)
 .text._Z9UART_Sendh
                0x0000000008000508       0x38 ./Core/Src/UART_servo.o
                0x0000000008000508                UART_Send(unsigned char)
 .text._Z26UART_Send_SetMotorPositionttt
                0x0000000008000540       0x88 ./Core/Src/UART_servo.o
                0x0000000008000540                UART_Send_SetMotorPosition(unsigned short, unsigned short, unsigned short)
 .text._Z8arm_moveP3Armi
                0x00000000080005c8       0x7c ./Core/Src/UART_servo.o
                0x00000000080005c8                arm_move(Arm*, int)
 .text._Z7ARM_RUNv
                0x0000000008000644       0x30 ./Core/Src/UART_servo.o
                0x0000000008000644                ARM_RUN()
 .text._Z11pos_controlP3Arm
                0x0000000008000674       0x9c ./Core/Src/UART_servo.o
                0x0000000008000674                pos_control(Arm*)
 .text._Z4clawP3Arm
                0x0000000008000710       0x48 ./Core/Src/UART_servo.o
                0x0000000008000710                claw(Arm*)
 .text._Z11upadate_posP3Armi
                0x0000000008000758       0x20 ./Core/Src/UART_servo.o
                0x0000000008000758                upadate_pos(Arm*, int)
 .text._Z11update_clawP3Armb
                0x0000000008000778       0x22 ./Core/Src/UART_servo.o
                0x0000000008000778                update_claw(Arm*, bool)
 *fill*         0x000000000800079a        0x2 
 .text._Z10UART_setupv
                0x000000000800079c       0x1c ./Core/Src/communication.o
                0x000000000800079c                UART_setup()
 .text._Z27UART_TransmitData_Status_ITP20__UART_HandleTypeDefffff
                0x00000000080007b8       0x54 ./Core/Src/communication.o
                0x00000000080007b8                UART_TransmitData_Status_IT(__UART_HandleTypeDef*, float, float, float, float)
 .text._Z38UART_ReceiveData_arrriveDestination_ITP20__UART_HandleTypeDefPb
                0x000000000800080c       0x28 ./Core/Src/communication.o
                0x000000000800080c                UART_ReceiveData_arrriveDestination_IT(__UART_HandleTypeDef*, bool*)
 .text._Z13UART_TRANSMITv
                0x0000000008000834       0x40 ./Core/Src/communication.o
                0x0000000008000834                UART_TRANSMIT()
 .text.HAL_UART_TxCpltCallback
                0x0000000008000874       0x6c ./Core/Src/communication.o
                0x0000000008000874                HAL_UART_TxCpltCallback
 .text.HAL_UART_RxCpltCallback
                0x00000000080008e0       0x3c ./Core/Src/communication.o
                0x00000000080008e0                HAL_UART_RxCpltCallback
 .text.main     0x000000000800091c       0x52 ./Core/Src/main.o
                0x000000000800091c                main
 *fill*         0x000000000800096e        0x2 
 .text.SystemClock_Config
                0x0000000008000970       0xdc ./Core/Src/main.o
                0x0000000008000970                SystemClock_Config
 .text.MX_NVIC_Init
                0x0000000008000a4c       0x78 ./Core/Src/main.o
 .text.MX_TIM1_Init
                0x0000000008000ac4      0x150 ./Core/Src/main.o
 .text.MX_TIM2_Init
                0x0000000008000c14       0x9c ./Core/Src/main.o
 .text.MX_TIM3_Init
                0x0000000008000cb0       0xa8 ./Core/Src/main.o
 .text.MX_TIM5_Init
                0x0000000008000d58       0xa8 ./Core/Src/main.o
 .text.MX_TIM7_Init
                0x0000000008000e00       0x6c ./Core/Src/main.o
 .text.MX_TIM9_Init
                0x0000000008000e6c       0x74 ./Core/Src/main.o
 .text.MX_TIM10_Init
                0x0000000008000ee0       0x48 ./Core/Src/main.o
 .text.MX_TIM11_Init
                0x0000000008000f28       0x48 ./Core/Src/main.o
 .text.MX_TIM12_Init
                0x0000000008000f70       0xa4 ./Core/Src/main.o
 .text.MX_TIM13_Init
                0x0000000008001014       0x48 ./Core/Src/main.o
 .text.MX_UART5_Init
                0x000000000800105c       0x54 ./Core/Src/main.o
 .text.MX_USART3_UART_Init
                0x00000000080010b0       0x54 ./Core/Src/main.o
 .text.MX_DMA_Init
                0x0000000008001104       0x50 ./Core/Src/main.o
 .text.MX_GPIO_Init
                0x0000000008001154      0x208 ./Core/Src/main.o
 .text.Error_Handler
                0x000000000800135c        0xa ./Core/Src/main.o
                0x000000000800135c                Error_Handler
 *fill*         0x0000000008001366        0x2 
 .text.setup    0x0000000008001368       0x3c ./Core/Src/mainpp.o
                0x0000000008001368                setup
 .text.divide   0x00000000080013a4       0x2c ./Core/Src/mainpp.o
                0x00000000080013a4                divide
 .text.wait     0x00000000080013d0       0x38 ./Core/Src/mainpp.o
                0x00000000080013d0                wait
 .text.main_function
                0x0000000008001408      0x184 ./Core/Src/mainpp.o
                0x0000000008001408                main_function
 .text.TEST_MODE
                0x000000000800158c       0x30 ./Core/Src/mainpp.o
                0x000000000800158c                TEST_MODE
 .text.HAL_TIM_PeriodElapsedCallback
                0x00000000080015bc       0xb4 ./Core/Src/mainpp.o
                0x00000000080015bc                HAL_TIM_PeriodElapsedCallback
 .text._Z5resett
                0x0000000008001670      0x1f4 ./Core/Src/mainpp.o
                0x0000000008001670                reset(unsigned short)
 .text.HAL_GPIO_EXTI_Callback
                0x0000000008001864       0x22 ./Core/Src/mainpp.o
                0x0000000008001864                HAL_GPIO_EXTI_Callback
 *fill*         0x0000000008001886        0x2 
 .text._Z4GoToffff
                0x0000000008001888       0x58 ./Core/Src/mission.o
                0x0000000008001888                GoTo(float, float, float, float)
 .text._Z7Cascadeff
                0x00000000080018e0       0x54 ./Core/Src/mission.o
                0x00000000080018e0                Cascade(float, float)
 .text._Z8takeBalli
                0x0000000008001934       0xb8 ./Core/Src/mission.o
                0x0000000008001934                takeBall(int)
 .text._Z9placeBalli
                0x00000000080019ec       0x74 ./Core/Src/mission.o
                0x00000000080019ec                placeBall(int)
 .text._Z11mission_1_Rv
                0x0000000008001a60      0x1b0 ./Core/Src/mission.o
                0x0000000008001a60                mission_1_R()
 .text._Z11mission_1_Lv
                0x0000000008001c10      0x26c ./Core/Src/mission.o
                0x0000000008001c10                mission_1_L()
 .text._Z9mission_2v
                0x0000000008001e7c      0x1c4 ./Core/Src/mission.o
                0x0000000008001e7c                mission_2()
 .text._Z9mission_3v
                0x0000000008002040      0x1dc ./Core/Src/mission.o
                0x0000000008002040                mission_3()
 .text._Z13DCmotor_setupv
                0x000000000800221c       0x44 ./Core/Src/motor.o
                0x000000000800221c                DCmotor_setup()
 .text._Z14PI_control_runP8DC_motorf
                0x0000000008002260      0x224 ./Core/Src/motor.o
                0x0000000008002260                PI_control_run(DC_motor*, float)
 .text._Z8getStateP8DC_motori
                0x0000000008002484       0x70 ./Core/Src/motor.o
                0x0000000008002484                getState(DC_motor*, int)
 .text._Z14updateLocationt
                0x00000000080024f4      0x1b4 ./Core/Src/motor.o
                0x00000000080024f4                updateLocation(unsigned short)
 .text._Z17reach_destinationP8DC_motor
                0x00000000080026a8       0x26 ./Core/Src/motor.o
                0x00000000080026a8                reach_destination(DC_motor*)
 *fill*         0x00000000080026ce        0x2 
 .text._Z11DCmotor_runv
                0x00000000080026d0       0x60 ./Core/Src/motor.o
                0x00000000080026d0                DCmotor_run()
 .text._Z18gotoTargetLocationP8DC_motorPf
                0x0000000008002730       0x7c ./Core/Src/motor.o
                0x0000000008002730                gotoTargetLocation(DC_motor*, float*)
 .text._Z17setTargetLocationP8DC_motori
                0x00000000080027ac       0x2c ./Core/Src/motor.o
                0x00000000080027ac                setTargetLocation(DC_motor*, int)
 .text._Z12DCMOTOR_TESTv
                0x00000000080027d8       0x60 ./Core/Src/motor.o
                0x00000000080027d8                DCMOTOR_TEST()
 .text._Z41__static_initialization_and_destruction_0ii
                0x0000000008002838       0x7c ./Core/Src/motor.o
 .text._GLOBAL__sub_I_ki
                0x00000000080028b4       0x10 ./Core/Src/motor.o
 .text._Z11servo_setupv
                0x00000000080028c4       0x2c ./Core/Src/servo.o
                0x00000000080028c4                servo_setup()
 .text._Z10servo_moveP5servof
                0x00000000080028f0       0x30 ./Core/Src/servo.o
                0x00000000080028f0                servo_move(servo*, float)
 .text._Z9servo_runP5servoi
                0x0000000008002920      0x154 ./Core/Src/servo.o
                0x0000000008002920                servo_run(servo*, int)
 .text._Z10blockStatev
                0x0000000008002a74       0xf4 ./Core/Src/servo.o
                0x0000000008002a74                blockState()
 .text._Z17update_blockstateP5servob
                0x0000000008002b68       0x1e ./Core/Src/servo.o
                0x0000000008002b68                update_blockstate(servo*, bool)
 *fill*         0x0000000008002b86        0x2 
 .text._Z10SERVO_TESTv
                0x0000000008002b88       0x9c ./Core/Src/servo.o
                0x0000000008002b88                SERVO_TEST()
 .text.HAL_MspInit
                0x0000000008002c24       0x50 ./Core/Src/stm32f4xx_hal_msp.o
                0x0000000008002c24                HAL_MspInit
 .text.HAL_TIM_PWM_MspInit
                0x0000000008002c74       0x7c ./Core/Src/stm32f4xx_hal_msp.o
                0x0000000008002c74                HAL_TIM_PWM_MspInit
 .text.HAL_TIM_Base_MspInit
                0x0000000008002cf0      0x148 ./Core/Src/stm32f4xx_hal_msp.o
                0x0000000008002cf0                HAL_TIM_Base_MspInit
 .text.HAL_TIM_Encoder_MspInit
                0x0000000008002e38       0xf8 ./Core/Src/stm32f4xx_hal_msp.o
                0x0000000008002e38                HAL_TIM_Encoder_MspInit
 .text.HAL_TIM_MspPostInit
                0x0000000008002f30       0xc8 ./Core/Src/stm32f4xx_hal_msp.o
                0x0000000008002f30                HAL_TIM_MspPostInit
 .text.HAL_UART_MspInit
                0x0000000008002ff8      0x254 ./Core/Src/stm32f4xx_hal_msp.o
                0x0000000008002ff8                HAL_UART_MspInit
 .text.NMI_Handler
                0x000000000800324c        0x6 ./Core/Src/stm32f4xx_it.o
                0x000000000800324c                NMI_Handler
 .text.HardFault_Handler
                0x0000000008003252        0x6 ./Core/Src/stm32f4xx_it.o
                0x0000000008003252                HardFault_Handler
 .text.MemManage_Handler
                0x0000000008003258        0x6 ./Core/Src/stm32f4xx_it.o
                0x0000000008003258                MemManage_Handler
 .text.BusFault_Handler
                0x000000000800325e        0x6 ./Core/Src/stm32f4xx_it.o
                0x000000000800325e                BusFault_Handler
 .text.UsageFault_Handler
                0x0000000008003264        0x6 ./Core/Src/stm32f4xx_it.o
                0x0000000008003264                UsageFault_Handler
 .text.SVC_Handler
                0x000000000800326a        0xe ./Core/Src/stm32f4xx_it.o
                0x000000000800326a                SVC_Handler
 .text.DebugMon_Handler
                0x0000000008003278        0xe ./Core/Src/stm32f4xx_it.o
                0x0000000008003278                DebugMon_Handler
 .text.PendSV_Handler
                0x0000000008003286        0xe ./Core/Src/stm32f4xx_it.o
                0x0000000008003286                PendSV_Handler
 .text.SysTick_Handler
                0x0000000008003294        0xc ./Core/Src/stm32f4xx_it.o
                0x0000000008003294                SysTick_Handler
 .text.EXTI0_IRQHandler
                0x00000000080032a0        0xe ./Core/Src/stm32f4xx_it.o
                0x00000000080032a0                EXTI0_IRQHandler
 .text.EXTI1_IRQHandler
                0x00000000080032ae        0xe ./Core/Src/stm32f4xx_it.o
                0x00000000080032ae                EXTI1_IRQHandler
 .text.EXTI2_IRQHandler
                0x00000000080032bc        0xe ./Core/Src/stm32f4xx_it.o
                0x00000000080032bc                EXTI2_IRQHandler
 .text.EXTI3_IRQHandler
                0x00000000080032ca        0xe ./Core/Src/stm32f4xx_it.o
                0x00000000080032ca                EXTI3_IRQHandler
 .text.EXTI4_IRQHandler
                0x00000000080032d8        0xe ./Core/Src/stm32f4xx_it.o
                0x00000000080032d8                EXTI4_IRQHandler
 *fill*         0x00000000080032e6        0x2 
 .text.DMA1_Stream1_IRQHandler
                0x00000000080032e8       0x14 ./Core/Src/stm32f4xx_it.o
                0x00000000080032e8                DMA1_Stream1_IRQHandler
 .text.DMA1_Stream3_IRQHandler
                0x00000000080032fc       0x14 ./Core/Src/stm32f4xx_it.o
                0x00000000080032fc                DMA1_Stream3_IRQHandler
 .text.EXTI9_5_IRQHandler
                0x0000000008003310       0x1e ./Core/Src/stm32f4xx_it.o
                0x0000000008003310                EXTI9_5_IRQHandler
 *fill*         0x000000000800332e        0x2 
 .text.TIM1_BRK_TIM9_IRQHandler
                0x0000000008003330       0x1c ./Core/Src/stm32f4xx_it.o
                0x0000000008003330                TIM1_BRK_TIM9_IRQHandler
 .text.TIM1_UP_TIM10_IRQHandler
                0x000000000800334c       0x1c ./Core/Src/stm32f4xx_it.o
                0x000000000800334c                TIM1_UP_TIM10_IRQHandler
 .text.TIM1_TRG_COM_TIM11_IRQHandler
                0x0000000008003368       0x1c ./Core/Src/stm32f4xx_it.o
                0x0000000008003368                TIM1_TRG_COM_TIM11_IRQHandler
 .text.TIM2_IRQHandler
                0x0000000008003384       0x14 ./Core/Src/stm32f4xx_it.o
                0x0000000008003384                TIM2_IRQHandler
 .text.USART3_IRQHandler
                0x0000000008003398       0x14 ./Core/Src/stm32f4xx_it.o
                0x0000000008003398                USART3_IRQHandler
 .text.EXTI15_10_IRQHandler
                0x00000000080033ac       0x10 ./Core/Src/stm32f4xx_it.o
                0x00000000080033ac                EXTI15_10_IRQHandler
 .text.TIM8_UP_TIM13_IRQHandler
                0x00000000080033bc       0x14 ./Core/Src/stm32f4xx_it.o
                0x00000000080033bc                TIM8_UP_TIM13_IRQHandler
 .text.TIM7_IRQHandler
                0x00000000080033d0       0x14 ./Core/Src/stm32f4xx_it.o
                0x00000000080033d0                TIM7_IRQHandler
 .text.SystemInit
                0x00000000080033e4       0x24 ./Core/Src/system_stm32f4xx.o
                0x00000000080033e4                SystemInit
 .text.Reset_Handler
                0x0000000008003408       0x50 ./Core/Startup/startup_stm32f446retx.o
                0x0000000008003408                Reset_Handler
 .text.Default_Handler
                0x0000000008003458        0x2 ./Core/Startup/startup_stm32f446retx.o
                0x0000000008003458                RTC_Alarm_IRQHandler
                0x0000000008003458                TIM8_CC_IRQHandler
                0x0000000008003458                FMPI2C1_EV_IRQHandler
                0x0000000008003458                SPI4_IRQHandler
                0x0000000008003458                TIM1_CC_IRQHandler
                0x0000000008003458                DMA2_Stream5_IRQHandler
                0x0000000008003458                DMA1_Stream5_IRQHandler
                0x0000000008003458                PVD_IRQHandler
                0x0000000008003458                SDIO_IRQHandler
                0x0000000008003458                TAMP_STAMP_IRQHandler
                0x0000000008003458                CAN2_RX1_IRQHandler
                0x0000000008003458                TIM8_TRG_COM_TIM14_IRQHandler
                0x0000000008003458                I2C3_ER_IRQHandler
                0x0000000008003458                I2C2_EV_IRQHandler
                0x0000000008003458                DMA1_Stream2_IRQHandler
                0x0000000008003458                CAN1_RX0_IRQHandler
                0x0000000008003458                FPU_IRQHandler
                0x0000000008003458                OTG_HS_WKUP_IRQHandler
                0x0000000008003458                CAN2_SCE_IRQHandler
                0x0000000008003458                DMA2_Stream2_IRQHandler
                0x0000000008003458                SPI1_IRQHandler
                0x0000000008003458                TIM6_DAC_IRQHandler
                0x0000000008003458                DCMI_IRQHandler
                0x0000000008003458                CAN2_RX0_IRQHandler
                0x0000000008003458                DMA2_Stream3_IRQHandler
                0x0000000008003458                SAI2_IRQHandler
                0x0000000008003458                USART6_IRQHandler
                0x0000000008003458                CAN1_RX1_IRQHandler
                0x0000000008003458                UART5_IRQHandler
                0x0000000008003458                DMA2_Stream0_IRQHandler
                0x0000000008003458                TIM4_IRQHandler
                0x0000000008003458                QUADSPI_IRQHandler
                0x0000000008003458                I2C1_EV_IRQHandler
                0x0000000008003458                DMA1_Stream6_IRQHandler
                0x0000000008003458                UART4_IRQHandler
                0x0000000008003458                TIM3_IRQHandler
                0x0000000008003458                RCC_IRQHandler
                0x0000000008003458                TIM8_BRK_TIM12_IRQHandler
                0x0000000008003458                Default_Handler
                0x0000000008003458                CEC_IRQHandler
                0x0000000008003458                ADC_IRQHandler
                0x0000000008003458                DMA1_Stream7_IRQHandler
                0x0000000008003458                CAN2_TX_IRQHandler
                0x0000000008003458                TIM5_IRQHandler
                0x0000000008003458                DMA2_Stream7_IRQHandler
                0x0000000008003458                I2C3_EV_IRQHandler
                0x0000000008003458                RTC_WKUP_IRQHandler
                0x0000000008003458                SPDIF_RX_IRQHandler
                0x0000000008003458                SPI2_IRQHandler
                0x0000000008003458                OTG_HS_EP1_IN_IRQHandler
                0x0000000008003458                DMA1_Stream0_IRQHandler
                0x0000000008003458                CAN1_TX_IRQHandler
                0x0000000008003458                FMPI2C1_ER_IRQHandler
                0x0000000008003458                OTG_HS_EP1_OUT_IRQHandler
                0x0000000008003458                WWDG_IRQHandler
                0x0000000008003458                OTG_FS_WKUP_IRQHandler
                0x0000000008003458                OTG_HS_IRQHandler
                0x0000000008003458                USART2_IRQHandler
                0x0000000008003458                I2C2_ER_IRQHandler
                0x0000000008003458                DMA2_Stream1_IRQHandler
                0x0000000008003458                CAN1_SCE_IRQHandler
                0x0000000008003458                FLASH_IRQHandler
                0x0000000008003458                DMA2_Stream4_IRQHandler
                0x0000000008003458                USART1_IRQHandler
                0x0000000008003458                OTG_FS_IRQHandler
                0x0000000008003458                SPI3_IRQHandler
                0x0000000008003458                DMA1_Stream4_IRQHandler
                0x0000000008003458                I2C1_ER_IRQHandler
                0x0000000008003458                FMC_IRQHandler
                0x0000000008003458                DMA2_Stream6_IRQHandler
                0x0000000008003458                SAI1_IRQHandler
 *fill*         0x000000000800345a        0x2 
 .text.HAL_Init
                0x000000000800345c       0x44 ./Drivers/STM32F4xx_HAL_Driver/Src/stm32f4xx_hal.o
                0x000000000800345c                HAL_Init
 .text.HAL_InitTick
                0x00000000080034a0       0x60 ./Drivers/STM32F4xx_HAL_Driver/Src/stm32f4xx_hal.o
                0x00000000080034a0                HAL_InitTick
 .text.HAL_IncTick
                0x0000000008003500       0x28 ./Drivers/STM32F4xx_HAL_Driver/Src/stm32f4xx_hal.o
                0x0000000008003500                HAL_IncTick
 .text.HAL_GetTick
                0x0000000008003528       0x18 ./Drivers/STM32F4xx_HAL_Driver/Src/stm32f4xx_hal.o
                0x0000000008003528                HAL_GetTick
 .text.__NVIC_SetPriorityGrouping
                0x0000000008003540       0x48 ./Drivers/STM32F4xx_HAL_Driver/Src/stm32f4xx_hal_cortex.o
 .text.__NVIC_GetPriorityGrouping
                0x0000000008003588       0x1c ./Drivers/STM32F4xx_HAL_Driver/Src/stm32f4xx_hal_cortex.o
 .text.__NVIC_EnableIRQ
                0x00000000080035a4       0x3c ./Drivers/STM32F4xx_HAL_Driver/Src/stm32f4xx_hal_cortex.o
 .text.__NVIC_SetPriority
                0x00000000080035e0       0x54 ./Drivers/STM32F4xx_HAL_Driver/Src/stm32f4xx_hal_cortex.o
 .text.NVIC_EncodePriority
                0x0000000008003634       0x66 ./Drivers/STM32F4xx_HAL_Driver/Src/stm32f4xx_hal_cortex.o
 *fill*         0x000000000800369a        0x2 
 .text.SysTick_Config
                0x000000000800369c       0x44 ./Drivers/STM32F4xx_HAL_Driver/Src/stm32f4xx_hal_cortex.o
 .text.HAL_NVIC_SetPriorityGrouping
                0x00000000080036e0       0x16 ./Drivers/STM32F4xx_HAL_Driver/Src/stm32f4xx_hal_cortex.o
                0x00000000080036e0                HAL_NVIC_SetPriorityGrouping
 .text.HAL_NVIC_SetPriority
                0x00000000080036f6       0x38 ./Drivers/STM32F4xx_HAL_Driver/Src/stm32f4xx_hal_cortex.o
                0x00000000080036f6                HAL_NVIC_SetPriority
 .text.HAL_NVIC_EnableIRQ
                0x000000000800372e       0x1c ./Drivers/STM32F4xx_HAL_Driver/Src/stm32f4xx_hal_cortex.o
                0x000000000800372e                HAL_NVIC_EnableIRQ
 .text.HAL_SYSTICK_Config
                0x000000000800374a       0x18 ./Drivers/STM32F4xx_HAL_Driver/Src/stm32f4xx_hal_cortex.o
                0x000000000800374a                HAL_SYSTICK_Config
 *fill*         0x0000000008003762        0x2 
 .text.HAL_DMA_Init
                0x0000000008003764      0x15c ./Drivers/STM32F4xx_HAL_Driver/Src/stm32f4xx_hal_dma.o
                0x0000000008003764                HAL_DMA_Init
 .text.HAL_DMA_Start_IT
                0x00000000080038c0       0xb0 ./Drivers/STM32F4xx_HAL_Driver/Src/stm32f4xx_hal_dma.o
                0x00000000080038c0                HAL_DMA_Start_IT
 .text.HAL_DMA_Abort
                0x0000000008003970       0xe0 ./Drivers/STM32F4xx_HAL_Driver/Src/stm32f4xx_hal_dma.o
                0x0000000008003970                HAL_DMA_Abort
 .text.HAL_DMA_Abort_IT
                0x0000000008003a50       0x44 ./Drivers/STM32F4xx_HAL_Driver/Src/stm32f4xx_hal_dma.o
                0x0000000008003a50                HAL_DMA_Abort_IT
 .text.HAL_DMA_IRQHandler
                0x0000000008003a94      0x314 ./Drivers/STM32F4xx_HAL_Driver/Src/stm32f4xx_hal_dma.o
                0x0000000008003a94                HAL_DMA_IRQHandler
 .text.DMA_SetConfig
                0x0000000008003da8       0x5c ./Drivers/STM32F4xx_HAL_Driver/Src/stm32f4xx_hal_dma.o
 .text.DMA_CalcBaseAndBitshift
                0x0000000008003e04       0x6c ./Drivers/STM32F4xx_HAL_Driver/Src/stm32f4xx_hal_dma.o
 .text.DMA_CheckFifoParam
                0x0000000008003e70       0xf8 ./Drivers/STM32F4xx_HAL_Driver/Src/stm32f4xx_hal_dma.o
 .text.HAL_GPIO_Init
                0x0000000008003f68      0x328 ./Drivers/STM32F4xx_HAL_Driver/Src/stm32f4xx_hal_gpio.o
                0x0000000008003f68                HAL_GPIO_Init
 .text.HAL_GPIO_ReadPin
                0x0000000008004290       0x30 ./Drivers/STM32F4xx_HAL_Driver/Src/stm32f4xx_hal_gpio.o
                0x0000000008004290                HAL_GPIO_ReadPin
 .text.HAL_GPIO_WritePin
                0x00000000080042c0       0x32 ./Drivers/STM32F4xx_HAL_Driver/Src/stm32f4xx_hal_gpio.o
                0x00000000080042c0                HAL_GPIO_WritePin
 *fill*         0x00000000080042f2        0x2 
 .text.HAL_GPIO_EXTI_IRQHandler
                0x00000000080042f4       0x30 ./Drivers/STM32F4xx_HAL_Driver/Src/stm32f4xx_hal_gpio.o
                0x00000000080042f4                HAL_GPIO_EXTI_IRQHandler
 .text.HAL_RCC_ClockConfig
                0x0000000008004324      0x1cc ./Drivers/STM32F4xx_HAL_Driver/Src/stm32f4xx_hal_rcc.o
                0x0000000008004324                HAL_RCC_ClockConfig
 .text.HAL_RCC_GetHCLKFreq
                0x00000000080044f0       0x18 ./Drivers/STM32F4xx_HAL_Driver/Src/stm32f4xx_hal_rcc.o
                0x00000000080044f0                HAL_RCC_GetHCLKFreq
 .text.HAL_RCC_GetPCLK1Freq
                0x0000000008004508       0x28 ./Drivers/STM32F4xx_HAL_Driver/Src/stm32f4xx_hal_rcc.o
                0x0000000008004508                HAL_RCC_GetPCLK1Freq
 .text.HAL_RCC_GetPCLK2Freq
                0x0000000008004530       0x28 ./Drivers/STM32F4xx_HAL_Driver/Src/stm32f4xx_hal_rcc.o
                0x0000000008004530                HAL_RCC_GetPCLK2Freq
 .text.HAL_RCC_GetSysClockFreq
                0x0000000008004558      0x460 ./Drivers/STM32F4xx_HAL_Driver/Src/stm32f4xx_hal_rcc_ex.o
                0x0000000008004558                HAL_RCC_GetSysClockFreq
 .text.HAL_RCC_OscConfig
                0x00000000080049b8      0x53c ./Drivers/STM32F4xx_HAL_Driver/Src/stm32f4xx_hal_rcc_ex.o
                0x00000000080049b8                HAL_RCC_OscConfig
 .text.HAL_TIM_Base_Init
                0x0000000008004ef4       0x9e ./Drivers/STM32F4xx_HAL_Driver/Src/stm32f4xx_hal_tim.o
                0x0000000008004ef4                HAL_TIM_Base_Init
 *fill*         0x0000000008004f92        0x2 
 .text.HAL_TIM_Base_Start_IT
                0x0000000008004f94       0xe0 ./Drivers/STM32F4xx_HAL_Driver/Src/stm32f4xx_hal_tim.o
                0x0000000008004f94                HAL_TIM_Base_Start_IT
 .text.HAL_TIM_Base_Stop_IT
                0x0000000008005074       0x5e ./Drivers/STM32F4xx_HAL_Driver/Src/stm32f4xx_hal_tim.o
                0x0000000008005074                HAL_TIM_Base_Stop_IT
 .text.HAL_TIM_PWM_Init
                0x00000000080050d2       0x9e ./Drivers/STM32F4xx_HAL_Driver/Src/stm32f4xx_hal_tim.o
                0x00000000080050d2                HAL_TIM_PWM_Init
 .text.HAL_TIM_PWM_Start
                0x0000000008005170      0x190 ./Drivers/STM32F4xx_HAL_Driver/Src/stm32f4xx_hal_tim.o
                0x0000000008005170                HAL_TIM_PWM_Start
 .text.HAL_TIM_PWM_Start_IT
                0x0000000008005300      0x22c ./Drivers/STM32F4xx_HAL_Driver/Src/stm32f4xx_hal_tim.o
                0x0000000008005300                HAL_TIM_PWM_Start_IT
 .text.HAL_TIM_Encoder_Init
                0x000000000800552c      0x14c ./Drivers/STM32F4xx_HAL_Driver/Src/stm32f4xx_hal_tim.o
                0x000000000800552c                HAL_TIM_Encoder_Init
 .text.HAL_TIM_Encoder_Start
                0x0000000008005678      0x11c ./Drivers/STM32F4xx_HAL_Driver/Src/stm32f4xx_hal_tim.o
                0x0000000008005678                HAL_TIM_Encoder_Start
 .text.HAL_TIM_IRQHandler
                0x0000000008005794      0x210 ./Drivers/STM32F4xx_HAL_Driver/Src/stm32f4xx_hal_tim.o
                0x0000000008005794                HAL_TIM_IRQHandler
 .text.HAL_TIM_PWM_ConfigChannel
                0x00000000080059a4      0x184 ./Drivers/STM32F4xx_HAL_Driver/Src/stm32f4xx_hal_tim.o
                0x00000000080059a4                HAL_TIM_PWM_ConfigChannel
 .text.HAL_TIM_ConfigClockSource
                0x0000000008005b28      0x18e ./Drivers/STM32F4xx_HAL_Driver/Src/stm32f4xx_hal_tim.o
                0x0000000008005b28                HAL_TIM_ConfigClockSource
 .text.HAL_TIM_OC_DelayElapsedCallback
                0x0000000008005cb6       0x14 ./Drivers/STM32F4xx_HAL_Driver/Src/stm32f4xx_hal_tim.o
                0x0000000008005cb6                HAL_TIM_OC_DelayElapsedCallback
 .text.HAL_TIM_IC_CaptureCallback
                0x0000000008005cca       0x14 ./Drivers/STM32F4xx_HAL_Driver/Src/stm32f4xx_hal_tim.o
                0x0000000008005cca                HAL_TIM_IC_CaptureCallback
 .text.HAL_TIM_PWM_PulseFinishedCallback
                0x0000000008005cde       0x14 ./Drivers/STM32F4xx_HAL_Driver/Src/stm32f4xx_hal_tim.o
                0x0000000008005cde                HAL_TIM_PWM_PulseFinishedCallback
 .text.HAL_TIM_TriggerCallback
                0x0000000008005cf2       0x14 ./Drivers/STM32F4xx_HAL_Driver/Src/stm32f4xx_hal_tim.o
                0x0000000008005cf2                HAL_TIM_TriggerCallback
 *fill*         0x0000000008005d06        0x2 
 .text.TIM_Base_SetConfig
                0x0000000008005d08      0x140 ./Drivers/STM32F4xx_HAL_Driver/Src/stm32f4xx_hal_tim.o
                0x0000000008005d08                TIM_Base_SetConfig
 .text.TIM_OC1_SetConfig
                0x0000000008005e48       0xe0 ./Drivers/STM32F4xx_HAL_Driver/Src/stm32f4xx_hal_tim.o
 .text.TIM_OC2_SetConfig
                0x0000000008005f28       0xec ./Drivers/STM32F4xx_HAL_Driver/Src/stm32f4xx_hal_tim.o
                0x0000000008005f28                TIM_OC2_SetConfig
 .text.TIM_OC3_SetConfig
                0x0000000008006014       0xe8 ./Drivers/STM32F4xx_HAL_Driver/Src/stm32f4xx_hal_tim.o
 .text.TIM_OC4_SetConfig
                0x00000000080060fc       0xac ./Drivers/STM32F4xx_HAL_Driver/Src/stm32f4xx_hal_tim.o
 .text.TIM_TI1_ConfigInputStage
                0x00000000080061a8       0x5e ./Drivers/STM32F4xx_HAL_Driver/Src/stm32f4xx_hal_tim.o
 .text.TIM_TI2_ConfigInputStage
                0x0000000008006206       0x60 ./Drivers/STM32F4xx_HAL_Driver/Src/stm32f4xx_hal_tim.o
 .text.TIM_ITRx_SetConfig
                0x0000000008006266       0x36 ./Drivers/STM32F4xx_HAL_Driver/Src/stm32f4xx_hal_tim.o
 .text.TIM_ETR_SetConfig
                0x000000000800629c       0x40 ./Drivers/STM32F4xx_HAL_Driver/Src/stm32f4xx_hal_tim.o
                0x000000000800629c                TIM_ETR_SetConfig
 .text.TIM_CCxChannelCmd
                0x00000000080062dc       0x4a ./Drivers/STM32F4xx_HAL_Driver/Src/stm32f4xx_hal_tim.o
                0x00000000080062dc                TIM_CCxChannelCmd
 *fill*         0x0000000008006326        0x2 
 .text.HAL_TIMEx_MasterConfigSynchronization
                0x0000000008006328       0xf8 ./Drivers/STM32F4xx_HAL_Driver/Src/stm32f4xx_hal_tim_ex.o
                0x0000000008006328                HAL_TIMEx_MasterConfigSynchronization
 .text.HAL_TIMEx_ConfigBreakDeadTime
                0x0000000008006420       0xa4 ./Drivers/STM32F4xx_HAL_Driver/Src/stm32f4xx_hal_tim_ex.o
                0x0000000008006420                HAL_TIMEx_ConfigBreakDeadTime
 .text.HAL_TIMEx_CommutCallback
                0x00000000080064c4       0x14 ./Drivers/STM32F4xx_HAL_Driver/Src/stm32f4xx_hal_tim_ex.o
                0x00000000080064c4                HAL_TIMEx_CommutCallback
 .text.HAL_TIMEx_BreakCallback
                0x00000000080064d8       0x14 ./Drivers/STM32F4xx_HAL_Driver/Src/stm32f4xx_hal_tim_ex.o
                0x00000000080064d8                HAL_TIMEx_BreakCallback
 .text.HAL_UART_Init
                0x00000000080064ec       0x9a ./Drivers/STM32F4xx_HAL_Driver/Src/stm32f4xx_hal_uart.o
                0x00000000080064ec                HAL_UART_Init
 .text.HAL_UART_Transmit
                0x0000000008006586      0x124 ./Drivers/STM32F4xx_HAL_Driver/Src/stm32f4xx_hal_uart.o
                0x0000000008006586                HAL_UART_Transmit
 *fill*         0x00000000080066aa        0x2 
 .text.HAL_UART_Transmit_DMA
                0x00000000080066ac       0xfc ./Drivers/STM32F4xx_HAL_Driver/Src/stm32f4xx_hal_uart.o
                0x00000000080066ac                HAL_UART_Transmit_DMA
 .text.HAL_UART_Receive_DMA
                0x00000000080067a8       0x60 ./Drivers/STM32F4xx_HAL_Driver/Src/stm32f4xx_hal_uart.o
                0x00000000080067a8                HAL_UART_Receive_DMA
 .text.HAL_UART_IRQHandler
                0x0000000008006808      0x51c ./Drivers/STM32F4xx_HAL_Driver/Src/stm32f4xx_hal_uart.o
                0x0000000008006808                HAL_UART_IRQHandler
 .text.HAL_UART_TxHalfCpltCallback
                0x0000000008006d24       0x14 ./Drivers/STM32F4xx_HAL_Driver/Src/stm32f4xx_hal_uart.o
                0x0000000008006d24                HAL_UART_TxHalfCpltCallback
 .text.HAL_UART_RxHalfCpltCallback
                0x0000000008006d38       0x14 ./Drivers/STM32F4xx_HAL_Driver/Src/stm32f4xx_hal_uart.o
                0x0000000008006d38                HAL_UART_RxHalfCpltCallback
 .text.HAL_UART_ErrorCallback
                0x0000000008006d4c       0x14 ./Drivers/STM32F4xx_HAL_Driver/Src/stm32f4xx_hal_uart.o
                0x0000000008006d4c                HAL_UART_ErrorCallback
 .text.HAL_UARTEx_RxEventCallback
                0x0000000008006d60       0x18 ./Drivers/STM32F4xx_HAL_Driver/Src/stm32f4xx_hal_uart.o
                0x0000000008006d60                HAL_UARTEx_RxEventCallback
 .text.UART_DMATransmitCplt
                0x0000000008006d78       0x9a ./Drivers/STM32F4xx_HAL_Driver/Src/stm32f4xx_hal_uart.o
 .text.UART_DMATxHalfCplt
                0x0000000008006e12       0x1c ./Drivers/STM32F4xx_HAL_Driver/Src/stm32f4xx_hal_uart.o
 .text.UART_DMAReceiveCplt
                0x0000000008006e2e      0x126 ./Drivers/STM32F4xx_HAL_Driver/Src/stm32f4xx_hal_uart.o
 .text.UART_DMARxHalfCplt
                0x0000000008006f54       0x36 ./Drivers/STM32F4xx_HAL_Driver/Src/stm32f4xx_hal_uart.o
 .text.UART_DMAError
                0x0000000008006f8a       0x94 ./Drivers/STM32F4xx_HAL_Driver/Src/stm32f4xx_hal_uart.o
 .text.UART_WaitOnFlagUntilTimeout
                0x000000000800701e       0xdc ./Drivers/STM32F4xx_HAL_Driver/Src/stm32f4xx_hal_uart.o
 *fill*         0x00000000080070fa        0x2 
 .text.UART_Start_Receive_DMA
                0x00000000080070fc      0x13c ./Drivers/STM32F4xx_HAL_Driver/Src/stm32f4xx_hal_uart.o
                0x00000000080070fc                UART_Start_Receive_DMA
 .text.UART_EndTxTransfer
                0x0000000008007238       0x50 ./Drivers/STM32F4xx_HAL_Driver/Src/stm32f4xx_hal_uart.o
 .text.UART_EndRxTransfer
                0x0000000008007288       0xc6 ./Drivers/STM32F4xx_HAL_Driver/Src/stm32f4xx_hal_uart.o
 .text.UART_DMAAbortOnError
                0x000000000800734e       0x28 ./Drivers/STM32F4xx_HAL_Driver/Src/stm32f4xx_hal_uart.o
 .text.UART_Transmit_IT
                0x0000000008007376       0xa0 ./Drivers/STM32F4xx_HAL_Driver/Src/stm32f4xx_hal_uart.o
 .text.UART_EndTransmit_IT
                0x0000000008007416       0x30 ./Drivers/STM32F4xx_HAL_Driver/Src/stm32f4xx_hal_uart.o
 .text.UART_Receive_IT
                0x0000000008007446      0x176 ./Drivers/STM32F4xx_HAL_Driver/Src/stm32f4xx_hal_uart.o
 .text.UART_SetConfig
                0x00000000080075bc      0x4e8 ./Drivers/STM32F4xx_HAL_Driver/Src/stm32f4xx_hal_uart.o
 .text.__libc_init_array
                0x0000000008007aa4       0x48 /opt/st/stm32cubeide_1.10.1/plugins/com.st.stm32cube.ide.mcu.externaltools.gnu-tools-for-stm32.10.3-2021.10.linux64_1.0.0.202111181127/tools/bin/../lib/gcc/arm-none-eabi/10.3.1/../../../../arm-none-eabi/lib/thumb/v7e-m+fp/hard/libc_nano.a(lib_a-init.o)
                0x0000000008007aa4                __libc_init_array
 .text.memset   0x0000000008007aec       0x10 /opt/st/stm32cubeide_1.10.1/plugins/com.st.stm32cube.ide.mcu.externaltools.gnu-tools-for-stm32.10.3-2021.10.linux64_1.0.0.202111181127/tools/bin/../lib/gcc/arm-none-eabi/10.3.1/../../../../arm-none-eabi/lib/thumb/v7e-m+fp/hard/libc_nano.a(lib_a-memset.o)
                0x0000000008007aec                memset
 *(.glue_7)
 .glue_7        0x0000000008007afc        0x0 linker stubs
 *(.glue_7t)
 .glue_7t       0x0000000008007afc        0x0 linker stubs
 *(.eh_frame)
 .eh_frame      0x0000000008007afc        0x0 /opt/st/stm32cubeide_1.10.1/plugins/com.st.stm32cube.ide.mcu.externaltools.gnu-tools-for-stm32.10.3-2021.10.linux64_1.0.0.202111181127/tools/bin/../lib/gcc/arm-none-eabi/10.3.1/thumb/v7e-m+fp/hard/crtbegin.o
 *(.init)
 .init          0x0000000008007afc        0x4 /opt/st/stm32cubeide_1.10.1/plugins/com.st.stm32cube.ide.mcu.externaltools.gnu-tools-for-stm32.10.3-2021.10.linux64_1.0.0.202111181127/tools/bin/../lib/gcc/arm-none-eabi/10.3.1/thumb/v7e-m+fp/hard/crti.o
                0x0000000008007afc                _init
 .init          0x0000000008007b00        0x8 /opt/st/stm32cubeide_1.10.1/plugins/com.st.stm32cube.ide.mcu.externaltools.gnu-tools-for-stm32.10.3-2021.10.linux64_1.0.0.202111181127/tools/bin/../lib/gcc/arm-none-eabi/10.3.1/thumb/v7e-m+fp/hard/crtn.o
 *(.fini)
 .fini          0x0000000008007b08        0x4 /opt/st/stm32cubeide_1.10.1/plugins/com.st.stm32cube.ide.mcu.externaltools.gnu-tools-for-stm32.10.3-2021.10.linux64_1.0.0.202111181127/tools/bin/../lib/gcc/arm-none-eabi/10.3.1/thumb/v7e-m+fp/hard/crti.o
                0x0000000008007b08                _fini
 .fini          0x0000000008007b0c        0x8 /opt/st/stm32cubeide_1.10.1/plugins/com.st.stm32cube.ide.mcu.externaltools.gnu-tools-for-stm32.10.3-2021.10.linux64_1.0.0.202111181127/tools/bin/../lib/gcc/arm-none-eabi/10.3.1/thumb/v7e-m+fp/hard/crtn.o
                0x0000000008007b14                . = ALIGN (0x4)
                0x0000000008007b14                _etext = .

.vfp11_veneer   0x0000000008007b14        0x0
 .vfp11_veneer  0x0000000008007b14        0x0 linker stubs

.v4_bx          0x0000000008007b14        0x0
 .v4_bx         0x0000000008007b14        0x0 linker stubs

.iplt           0x0000000008007b14        0x0
 .iplt          0x0000000008007b14        0x0 /opt/st/stm32cubeide_1.10.1/plugins/com.st.stm32cube.ide.mcu.externaltools.gnu-tools-for-stm32.10.3-2021.10.linux64_1.0.0.202111181127/tools/bin/../lib/gcc/arm-none-eabi/10.3.1/thumb/v7e-m+fp/hard/crtbegin.o

.rodata         0x0000000008007b14       0x20
                0x0000000008007b14                . = ALIGN (0x4)
 *(.rodata)
 *(.rodata*)
 .rodata.AHBPrescTable
                0x0000000008007b14       0x10 ./Core/Src/system_stm32f4xx.o
                0x0000000008007b14                AHBPrescTable
 .rodata.APBPrescTable
                0x0000000008007b24        0x8 ./Core/Src/system_stm32f4xx.o
                0x0000000008007b24                APBPrescTable
 .rodata.flagBitshiftOffset.0
                0x0000000008007b2c        0x8 ./Drivers/STM32F4xx_HAL_Driver/Src/stm32f4xx_hal_dma.o
                0x0000000008007b34                . = ALIGN (0x4)

.ARM.extab      0x0000000008007b34        0x0
                0x0000000008007b34                . = ALIGN (0x4)
 *(.ARM.extab* .gnu.linkonce.armextab.*)
                0x0000000008007b34                . = ALIGN (0x4)

.ARM            0x0000000008007b34        0x8
                0x0000000008007b34                . = ALIGN (0x4)
                0x0000000008007b34                __exidx_start = .
 *(.ARM.exidx*)
 .ARM.exidx     0x0000000008007b34        0x8 /opt/st/stm32cubeide_1.10.1/plugins/com.st.stm32cube.ide.mcu.externaltools.gnu-tools-for-stm32.10.3-2021.10.linux64_1.0.0.202111181127/tools/bin/../lib/gcc/arm-none-eabi/10.3.1/thumb/v7e-m+fp/hard/libgcc.a(_udivmoddi4.o)
                0x0000000008007b3c                __exidx_end = .
                0x0000000008007b3c                . = ALIGN (0x4)

.rel.dyn        0x0000000008007b3c        0x0
 .rel.iplt      0x0000000008007b3c        0x0 /opt/st/stm32cubeide_1.10.1/plugins/com.st.stm32cube.ide.mcu.externaltools.gnu-tools-for-stm32.10.3-2021.10.linux64_1.0.0.202111181127/tools/bin/../lib/gcc/arm-none-eabi/10.3.1/thumb/v7e-m+fp/hard/crtbegin.o

.preinit_array  0x0000000008007b3c        0x0
                0x0000000008007b3c                . = ALIGN (0x4)
                0x0000000008007b3c                PROVIDE (__preinit_array_start = .)
 *(.preinit_array*)
                0x0000000008007b3c                PROVIDE (__preinit_array_end = .)
                0x0000000008007b3c                . = ALIGN (0x4)

.init_array     0x0000000008007b3c        0x8
                0x0000000008007b3c                . = ALIGN (0x4)
                0x0000000008007b3c                PROVIDE (__init_array_start = .)
 *(SORT_BY_NAME(.init_array.*))
 *(.init_array*)
 .init_array    0x0000000008007b3c        0x4 /opt/st/stm32cubeide_1.10.1/plugins/com.st.stm32cube.ide.mcu.externaltools.gnu-tools-for-stm32.10.3-2021.10.linux64_1.0.0.202111181127/tools/bin/../lib/gcc/arm-none-eabi/10.3.1/thumb/v7e-m+fp/hard/crtbegin.o
 .init_array    0x0000000008007b40        0x4 ./Core/Src/motor.o
                0x0000000008007b44                PROVIDE (__init_array_end = .)
                0x0000000008007b44                . = ALIGN (0x4)

.fini_array     0x0000000008007b44        0x4
                0x0000000008007b44                . = ALIGN (0x4)
                [!provide]                        PROVIDE (__fini_array_start = .)
 *(SORT_BY_NAME(.fini_array.*))
 *(.fini_array*)
 .fini_array    0x0000000008007b44        0x4 /opt/st/stm32cubeide_1.10.1/plugins/com.st.stm32cube.ide.mcu.externaltools.gnu-tools-for-stm32.10.3-2021.10.linux64_1.0.0.202111181127/tools/bin/../lib/gcc/arm-none-eabi/10.3.1/thumb/v7e-m+fp/hard/crtbegin.o
                [!provide]                        PROVIDE (__fini_array_end = .)
                0x0000000008007b48                . = ALIGN (0x4)
                0x0000000008007b48                _sidata = LOADADDR (.data)

.data           0x0000000020000000      0x1b0 load address 0x0000000008007b48
                0x0000000020000000                . = ALIGN (0x4)
                0x0000000020000000                _sdata = .
 *(.data)
 *(.data*)
 .data.reflectime
                0x0000000020000000        0x2 ./Core/Src/UART_servo.o
                0x0000000020000000                reflectime
 *fill*         0x0000000020000002        0x2 
 .data.Arms     0x0000000020000004       0x60 ./Core/Src/UART_servo.o
                0x0000000020000004                Arms
 .data.getball_pos1
                0x0000000020000064        0x4 ./Core/Src/UART_servo.o
                0x0000000020000064                getball_pos1
 .data.getball_pos2
                0x0000000020000068        0x4 ./Core/Src/UART_servo.o
                0x0000000020000068                getball_pos2
 .data.putball_rail_pos1
                0x000000002000006c        0x4 ./Core/Src/UART_servo.o
                0x000000002000006c                putball_rail_pos1
 .data.putball_rail_pos2
                0x0000000020000070        0x4 ./Core/Src/UART_servo.o
                0x0000000020000070                putball_rail_pos2
 .data.putball_TDKbox_pos1
                0x0000000020000074        0x4 ./Core/Src/UART_servo.o
                0x0000000020000074                putball_TDKbox_pos1
 .data.putball_TDKbox_pos2
                0x0000000020000078        0x4 ./Core/Src/UART_servo.o
                0x0000000020000078                putball_TDKbox_pos2
 .data.vertical_pos1
                0x000000002000007c        0x4 ./Core/Src/UART_servo.o
                0x000000002000007c                vertical_pos1
 .data.vertical_pos2
                0x0000000020000080        0x4 ./Core/Src/UART_servo.o
                0x0000000020000080                vertical_pos2
 .data.close_pos
                0x0000000020000084        0x2 ./Core/Src/UART_servo.o
                0x0000000020000084                close_pos
 .data.open_angle
                0x0000000020000086        0x2 ./Core/Src/UART_servo.o
                0x0000000020000086                open_angle
 .data.ki       0x0000000020000088        0x4 ./Core/Src/motor.o
                0x0000000020000088                ki
 .data.kp       0x000000002000008c        0x4 ./Core/Src/motor.o
                0x000000002000008c                kp
 .data.arr      0x0000000020000090        0x4 ./Core/Src/motor.o
                0x0000000020000090                arr
 .data.span     0x0000000020000094        0x4 ./Core/Src/motor.o
                0x0000000020000094                span
 .data.lifter_speed
                0x0000000020000098        0x4 ./Core/Src/motor.o
                0x0000000020000098                lifter_speed
 .data.PID_controllers
                0x000000002000009c       0x58 ./Core/Src/motor.o
                0x000000002000009c                PID_controllers
 .data.lifters  0x00000000200000f4       0x30 ./Core/Src/motor.o
                0x00000000200000f4                lifters
 .data.responseTime
                0x0000000020000124        0x4 ./Core/Src/servo.o
                0x0000000020000124                responseTime
 .data.servoAngle
                0x0000000020000128        0xc ./Core/Src/servo.o
                0x0000000020000128                servoAngle
 .data.servoFR  0x0000000020000134       0x1c ./Core/Src/servo.o
                0x0000000020000134                servoFR
 .data.servoBR  0x0000000020000150       0x1c ./Core/Src/servo.o
                0x0000000020000150                servoBR
 .data.servoFM  0x000000002000016c       0x1c ./Core/Src/servo.o
                0x000000002000016c                servoFM
 .data.servoBM  0x0000000020000188       0x1c ./Core/Src/servo.o
                0x0000000020000188                servoBM
 .data.SystemCoreClock
                0x00000000200001a4        0x4 ./Core/Src/system_stm32f4xx.o
                0x00000000200001a4                SystemCoreClock
 .data.uwTickPrio
                0x00000000200001a8        0x4 ./Drivers/STM32F4xx_HAL_Driver/Src/stm32f4xx_hal.o
                0x00000000200001a8                uwTickPrio
 .data.uwTickFreq
                0x00000000200001ac        0x1 ./Drivers/STM32F4xx_HAL_Driver/Src/stm32f4xx_hal.o
                0x00000000200001ac                uwTickFreq
 *(.RamFunc)
 *(.RamFunc*)
                0x00000000200001b0                . = ALIGN (0x4)
 *fill*         0x00000000200001ad        0x3 
                0x00000000200001b0                _edata = .

.igot.plt       0x00000000200001b0        0x0 load address 0x0000000008007cf8
 .igot.plt      0x00000000200001b0        0x0 /opt/st/stm32cubeide_1.10.1/plugins/com.st.stm32cube.ide.mcu.externaltools.gnu-tools-for-stm32.10.3-2021.10.linux64_1.0.0.202111181127/tools/bin/../lib/gcc/arm-none-eabi/10.3.1/thumb/v7e-m+fp/hard/crtbegin.o
                0x00000000200001b0                . = ALIGN (0x4)

.bss            0x00000000200001b0      0x4b0 load address 0x0000000008007cf8
                0x00000000200001b0                _sbss = .
                0x00000000200001b0                __bss_start__ = _sbss
 *(.bss)
 .bss           0x00000000200001b0       0x1c /opt/st/stm32cubeide_1.10.1/plugins/com.st.stm32cube.ide.mcu.externaltools.gnu-tools-for-stm32.10.3-2021.10.linux64_1.0.0.202111181127/tools/bin/../lib/gcc/arm-none-eabi/10.3.1/thumb/v7e-m+fp/hard/crtbegin.o
 *(.bss*)
 .bss.Checksum_Calc
                0x00000000200001cc        0x4 ./Core/Src/UART_servo.o
                0x00000000200001cc                Checksum_Calc
 .bss.buffer_TX
                0x00000000200001d0       0x10 ./Core/Src/communication.o
                0x00000000200001d0                buffer_TX
 .bss.buffer_RX
                0x00000000200001e0        0x1 ./Core/Src/communication.o
                0x00000000200001e0                buffer_RX
 .bss.arrive    0x00000000200001e1        0x1 ./Core/Src/communication.o
                0x00000000200001e1                arrive
 *fill*         0x00000000200001e2        0x2 
 .bss.rx        0x00000000200001e4        0x4 ./Core/Src/communication.o
                0x00000000200001e4                rx
 .bss.tx        0x00000000200001e8        0x4 ./Core/Src/communication.o
                0x00000000200001e8                tx
 .bss.htim1     0x00000000200001ec       0x48 ./Core/Src/main.o
                0x00000000200001ec                htim1
 .bss.htim2     0x0000000020000234       0x48 ./Core/Src/main.o
                0x0000000020000234                htim2
 .bss.htim3     0x000000002000027c       0x48 ./Core/Src/main.o
                0x000000002000027c                htim3
 .bss.htim5     0x00000000200002c4       0x48 ./Core/Src/main.o
                0x00000000200002c4                htim5
 .bss.htim7     0x000000002000030c       0x48 ./Core/Src/main.o
                0x000000002000030c                htim7
 .bss.htim9     0x0000000020000354       0x48 ./Core/Src/main.o
                0x0000000020000354                htim9
 .bss.htim10    0x000000002000039c       0x48 ./Core/Src/main.o
                0x000000002000039c                htim10
 .bss.htim11    0x00000000200003e4       0x48 ./Core/Src/main.o
                0x00000000200003e4                htim11
 .bss.htim12    0x000000002000042c       0x48 ./Core/Src/main.o
                0x000000002000042c                htim12
 .bss.htim13    0x0000000020000474       0x48 ./Core/Src/main.o
                0x0000000020000474                htim13
 .bss.huart5    0x00000000200004bc       0x44 ./Core/Src/main.o
                0x00000000200004bc                huart5
 .bss.huart3    0x0000000020000500       0x44 ./Core/Src/main.o
                0x0000000020000500                huart3
 .bss.hdma_usart3_rx
                0x0000000020000544       0x60 ./Core/Src/main.o
                0x0000000020000544                hdma_usart3_rx
 .bss.hdma_usart3_tx
                0x00000000200005a4       0x60 ./Core/Src/main.o
                0x00000000200005a4                hdma_usart3_tx
 .bss.delay_count
                0x0000000020000604        0x4 ./Core/Src/mainpp.o
                0x0000000020000604                delay_count
 .bss.divide_10_count
                0x0000000020000608        0x4 ./Core/Src/mainpp.o
                0x0000000020000608                divide_10_count
 .bss.divide_100_count
                0x000000002000060c        0x4 ./Core/Src/mainpp.o
                0x000000002000060c                divide_100_count
 .bss.timer     0x0000000020000610        0x4 ./Core/Src/mainpp.o
                0x0000000020000610                timer
 .bss.test      0x0000000020000614        0x4 ./Core/Src/mainpp.o
                0x0000000020000614                test
 .bss.script    0x0000000020000618        0x4 ./Core/Src/mainpp.o
                0x0000000020000618                script
 .bss.statusData
                0x000000002000061c       0x10 ./Core/Src/mission.o
                0x000000002000061c                statusData
 .bss.sp        0x000000002000062c        0x8 ./Core/Src/motor.o
                0x000000002000062c                sp
 .bss.sp_test   0x0000000020000634        0x8 ./Core/Src/motor.o
                0x0000000020000634                sp_test
 .bss.y         0x000000002000063c        0xc ./Core/Src/motor.o
                0x000000002000063c                y
 .bss.t         0x0000000020000648        0x4 ./Core/Src/servo.o
                0x0000000020000648                t
 .bss.testAngle
                0x000000002000064c       0x10 ./Core/Src/servo.o
                0x000000002000064c                testAngle
 .bss.uwTick    0x000000002000065c        0x4 ./Drivers/STM32F4xx_HAL_Driver/Src/stm32f4xx_hal.o
                0x000000002000065c                uwTick
 *(COMMON)
                0x0000000020000660                . = ALIGN (0x4)
                0x0000000020000660                _ebss = .
                0x0000000020000660                __bss_end__ = _ebss

._user_heap_stack
                0x0000000020000660      0x600 load address 0x0000000008007cf8
                0x0000000020000660                . = ALIGN (0x8)
                [!provide]                        PROVIDE (end = .)
                0x0000000020000660                PROVIDE (_end = .)
                0x0000000020000860                . = (. + _Min_Heap_Size)
 *fill*         0x0000000020000660      0x200 
                0x0000000020000c60                . = (. + _Min_Stack_Size)
 *fill*         0x0000000020000860      0x400 
                0x0000000020000c60                . = ALIGN (0x8)

/DISCARD/
 libc.a(*)
 libm.a(*)
 libgcc.a(*)

.ARM.attributes
                0x0000000000000000       0x30
 *(.ARM.attributes)
 .ARM.attributes
                0x0000000000000000       0x1e /opt/st/stm32cubeide_1.10.1/plugins/com.st.stm32cube.ide.mcu.externaltools.gnu-tools-for-stm32.10.3-2021.10.linux64_1.0.0.202111181127/tools/bin/../lib/gcc/arm-none-eabi/10.3.1/thumb/v7e-m+fp/hard/crti.o
 .ARM.attributes
                0x000000000000001e       0x34 /opt/st/stm32cubeide_1.10.1/plugins/com.st.stm32cube.ide.mcu.externaltools.gnu-tools-for-stm32.10.3-2021.10.linux64_1.0.0.202111181127/tools/bin/../lib/gcc/arm-none-eabi/10.3.1/thumb/v7e-m+fp/hard/crtbegin.o
 .ARM.attributes
                0x0000000000000052       0x34 ./Core/Src/UART_servo.o
 .ARM.attributes
                0x0000000000000086       0x34 ./Core/Src/communication.o
 .ARM.attributes
                0x00000000000000ba       0x34 ./Core/Src/main.o
 .ARM.attributes
                0x00000000000000ee       0x34 ./Core/Src/mainpp.o
 .ARM.attributes
                0x0000000000000122       0x34 ./Core/Src/mission.o
 .ARM.attributes
                0x0000000000000156       0x34 ./Core/Src/motor.o
 .ARM.attributes
                0x000000000000018a       0x34 ./Core/Src/servo.o
 .ARM.attributes
                0x00000000000001be       0x34 ./Core/Src/stm32f4xx_hal_msp.o
 .ARM.attributes
                0x00000000000001f2       0x34 ./Core/Src/stm32f4xx_it.o
 .ARM.attributes
                0x0000000000000226       0x34 ./Core/Src/system_stm32f4xx.o
 .ARM.attributes
                0x000000000000025a       0x21 ./Core/Startup/startup_stm32f446retx.o
 .ARM.attributes
                0x000000000000027b       0x34 ./Drivers/STM32F4xx_HAL_Driver/Src/stm32f4xx_hal.o
 .ARM.attributes
                0x00000000000002af       0x34 ./Drivers/STM32F4xx_HAL_Driver/Src/stm32f4xx_hal_cortex.o
 .ARM.attributes
                0x00000000000002e3       0x34 ./Drivers/STM32F4xx_HAL_Driver/Src/stm32f4xx_hal_dma.o
 .ARM.attributes
                0x0000000000000317       0x34 ./Drivers/STM32F4xx_HAL_Driver/Src/stm32f4xx_hal_gpio.o
 .ARM.attributes
                0x000000000000034b       0x34 ./Drivers/STM32F4xx_HAL_Driver/Src/stm32f4xx_hal_rcc.o
 .ARM.attributes
                0x000000000000037f       0x34 ./Drivers/STM32F4xx_HAL_Driver/Src/stm32f4xx_hal_rcc_ex.o
 .ARM.attributes
                0x00000000000003b3       0x34 ./Drivers/STM32F4xx_HAL_Driver/Src/stm32f4xx_hal_tim.o
 .ARM.attributes
                0x00000000000003e7       0x34 ./Drivers/STM32F4xx_HAL_Driver/Src/stm32f4xx_hal_tim_ex.o
 .ARM.attributes
                0x000000000000041b       0x34 ./Drivers/STM32F4xx_HAL_Driver/Src/stm32f4xx_hal_uart.o
 .ARM.attributes
                0x000000000000044f       0x34 /opt/st/stm32cubeide_1.10.1/plugins/com.st.stm32cube.ide.mcu.externaltools.gnu-tools-for-stm32.10.3-2021.10.linux64_1.0.0.202111181127/tools/bin/../lib/gcc/arm-none-eabi/10.3.1/../../../../arm-none-eabi/lib/thumb/v7e-m+fp/hard/libc_nano.a(lib_a-init.o)
 .ARM.attributes
                0x0000000000000483       0x34 /opt/st/stm32cubeide_1.10.1/plugins/com.st.stm32cube.ide.mcu.externaltools.gnu-tools-for-stm32.10.3-2021.10.linux64_1.0.0.202111181127/tools/bin/../lib/gcc/arm-none-eabi/10.3.1/../../../../arm-none-eabi/lib/thumb/v7e-m+fp/hard/libc_nano.a(lib_a-memset.o)
 .ARM.attributes
                0x00000000000004b7       0x1e /opt/st/stm32cubeide_1.10.1/plugins/com.st.stm32cube.ide.mcu.externaltools.gnu-tools-for-stm32.10.3-2021.10.linux64_1.0.0.202111181127/tools/bin/../lib/gcc/arm-none-eabi/10.3.1/thumb/v7e-m+fp/hard/libgcc.a(_aeabi_uldivmod.o)
 .ARM.attributes
                0x00000000000004d5       0x34 /opt/st/stm32cubeide_1.10.1/plugins/com.st.stm32cube.ide.mcu.externaltools.gnu-tools-for-stm32.10.3-2021.10.linux64_1.0.0.202111181127/tools/bin/../lib/gcc/arm-none-eabi/10.3.1/thumb/v7e-m+fp/hard/libgcc.a(_udivmoddi4.o)
 .ARM.attributes
                0x0000000000000509       0x1e /opt/st/stm32cubeide_1.10.1/plugins/com.st.stm32cube.ide.mcu.externaltools.gnu-tools-for-stm32.10.3-2021.10.linux64_1.0.0.202111181127/tools/bin/../lib/gcc/arm-none-eabi/10.3.1/thumb/v7e-m+fp/hard/libgcc.a(_dvmd_tls.o)
 .ARM.attributes
                0x0000000000000527       0x1e /opt/st/stm32cubeide_1.10.1/plugins/com.st.stm32cube.ide.mcu.externaltools.gnu-tools-for-stm32.10.3-2021.10.linux64_1.0.0.202111181127/tools/bin/../lib/gcc/arm-none-eabi/10.3.1/thumb/v7e-m+fp/hard/crtn.o
OUTPUT(TDK_Mission.elf elf32-littlearm)
LOAD linker stubs
LOAD /opt/st/stm32cubeide_1.10.1/plugins/com.st.stm32cube.ide.mcu.externaltools.gnu-tools-for-stm32.10.3-2021.10.linux64_1.0.0.202111181127/tools/bin/../lib/gcc/arm-none-eabi/10.3.1/../../../../arm-none-eabi/lib/thumb/v7e-m+fp/hard/libc.a
LOAD /opt/st/stm32cubeide_1.10.1/plugins/com.st.stm32cube.ide.mcu.externaltools.gnu-tools-for-stm32.10.3-2021.10.linux64_1.0.0.202111181127/tools/bin/../lib/gcc/arm-none-eabi/10.3.1/../../../../arm-none-eabi/lib/thumb/v7e-m+fp/hard/libm.a
LOAD /opt/st/stm32cubeide_1.10.1/plugins/com.st.stm32cube.ide.mcu.externaltools.gnu-tools-for-stm32.10.3-2021.10.linux64_1.0.0.202111181127/tools/bin/../lib/gcc/arm-none-eabi/10.3.1/thumb/v7e-m+fp/hard/libgcc.a

.debug_info     0x0000000000000000    0x177a4
 .debug_info    0x0000000000000000     0x225a ./Core/Src/UART_servo.o
 .debug_info    0x000000000000225a     0x1082 ./Core/Src/communication.o
 .debug_info    0x00000000000032dc     0x184c ./Core/Src/main.o
 .debug_info    0x0000000000004b28     0x15a6 ./Core/Src/mainpp.o
 .debug_info    0x00000000000060ce     0x13ef ./Core/Src/mission.o
 .debug_info    0x00000000000074bd     0x24aa ./Core/Src/motor.o
 .debug_info    0x0000000000009967      0x9ff ./Core/Src/servo.o
 .debug_info    0x000000000000a366     0x134b ./Core/Src/stm32f4xx_hal_msp.o
 .debug_info    0x000000000000b6b1      0xb6d ./Core/Src/stm32f4xx_it.o
 .debug_info    0x000000000000c21e      0x55b ./Core/Src/system_stm32f4xx.o
 .debug_info    0x000000000000c779       0x22 ./Core/Startup/startup_stm32f446retx.o
 .debug_info    0x000000000000c79b      0x9d2 ./Drivers/STM32F4xx_HAL_Driver/Src/stm32f4xx_hal.o
 .debug_info    0x000000000000d16d      0xe39 ./Drivers/STM32F4xx_HAL_Driver/Src/stm32f4xx_hal_cortex.o
 .debug_info    0x000000000000dfa6      0x94f ./Drivers/STM32F4xx_HAL_Driver/Src/stm32f4xx_hal_dma.o
 .debug_info    0x000000000000e8f5      0x7be ./Drivers/STM32F4xx_HAL_Driver/Src/stm32f4xx_hal_gpio.o
 .debug_info    0x000000000000f0b3      0x9ab ./Drivers/STM32F4xx_HAL_Driver/Src/stm32f4xx_hal_rcc.o
 .debug_info    0x000000000000fa5e      0x9ec ./Drivers/STM32F4xx_HAL_Driver/Src/stm32f4xx_hal_rcc_ex.o
 .debug_info    0x000000000001044a     0x2bbe ./Drivers/STM32F4xx_HAL_Driver/Src/stm32f4xx_hal_tim.o
 .debug_info    0x0000000000013008     0x15e0 ./Drivers/STM32F4xx_HAL_Driver/Src/stm32f4xx_hal_tim_ex.o
 .debug_info    0x00000000000145e8     0x31bc ./Drivers/STM32F4xx_HAL_Driver/Src/stm32f4xx_hal_uart.o

.debug_abbrev   0x0000000000000000     0x2f04
 .debug_abbrev  0x0000000000000000      0x2ce ./Core/Src/UART_servo.o
 .debug_abbrev  0x00000000000002ce      0x2b2 ./Core/Src/communication.o
 .debug_abbrev  0x0000000000000580      0x2da ./Core/Src/main.o
 .debug_abbrev  0x000000000000085a      0x343 ./Core/Src/mainpp.o
 .debug_abbrev  0x0000000000000b9d      0x327 ./Core/Src/mission.o
 .debug_abbrev  0x0000000000000ec4      0x373 ./Core/Src/motor.o
 .debug_abbrev  0x0000000000001237      0x1eb ./Core/Src/servo.o
 .debug_abbrev  0x0000000000001422      0x263 ./Core/Src/stm32f4xx_hal_msp.o
 .debug_abbrev  0x0000000000001685      0x1ba ./Core/Src/stm32f4xx_it.o
 .debug_abbrev  0x000000000000183f      0x116 ./Core/Src/system_stm32f4xx.o
 .debug_abbrev  0x0000000000001955       0x12 ./Core/Startup/startup_stm32f446retx.o
 .debug_abbrev  0x0000000000001967      0x20d ./Drivers/STM32F4xx_HAL_Driver/Src/stm32f4xx_hal.o
 .debug_abbrev  0x0000000000001b74      0x316 ./Drivers/STM32F4xx_HAL_Driver/Src/stm32f4xx_hal_cortex.o
 .debug_abbrev  0x0000000000001e8a      0x25b ./Drivers/STM32F4xx_HAL_Driver/Src/stm32f4xx_hal_dma.o
 .debug_abbrev  0x00000000000020e5      0x1c4 ./Drivers/STM32F4xx_HAL_Driver/Src/stm32f4xx_hal_gpio.o
 .debug_abbrev  0x00000000000022a9      0x2aa ./Drivers/STM32F4xx_HAL_Driver/Src/stm32f4xx_hal_rcc.o
 .debug_abbrev  0x0000000000002553      0x1fb ./Drivers/STM32F4xx_HAL_Driver/Src/stm32f4xx_hal_rcc_ex.o
 .debug_abbrev  0x000000000000274e      0x25d ./Drivers/STM32F4xx_HAL_Driver/Src/stm32f4xx_hal_tim.o
 .debug_abbrev  0x00000000000029ab      0x265 ./Drivers/STM32F4xx_HAL_Driver/Src/stm32f4xx_hal_tim_ex.o
 .debug_abbrev  0x0000000000002c10      0x2f4 ./Drivers/STM32F4xx_HAL_Driver/Src/stm32f4xx_hal_uart.o

.debug_aranges  0x0000000000000000      0xf90
 .debug_aranges
                0x0000000000000000       0x70 ./Core/Src/UART_servo.o
 .debug_aranges
                0x0000000000000070       0x48 ./Core/Src/communication.o
 .debug_aranges
                0x00000000000000b8       0xa8 ./Core/Src/main.o
 .debug_aranges
                0x0000000000000160       0x58 ./Core/Src/mainpp.o
 .debug_aranges
                0x00000000000001b8       0x60 ./Core/Src/mission.o
 .debug_aranges
                0x0000000000000218       0x70 ./Core/Src/motor.o
 .debug_aranges
                0x0000000000000288       0x48 ./Core/Src/servo.o
 .debug_aranges
                0x00000000000002d0       0x68 ./Core/Src/stm32f4xx_hal_msp.o
 .debug_aranges
                0x0000000000000338       0xe0 ./Core/Src/stm32f4xx_it.o
 .debug_aranges
                0x0000000000000418       0x28 ./Core/Src/system_stm32f4xx.o
 .debug_aranges
                0x0000000000000440       0x28 ./Core/Startup/startup_stm32f446retx.o
 .debug_aranges
                0x0000000000000468       0xf0 ./Drivers/STM32F4xx_HAL_Driver/Src/stm32f4xx_hal.o
 .debug_aranges
                0x0000000000000558      0x118 ./Drivers/STM32F4xx_HAL_Driver/Src/stm32f4xx_hal_cortex.o
 .debug_aranges
                0x0000000000000670       0x90 ./Drivers/STM32F4xx_HAL_Driver/Src/stm32f4xx_hal_dma.o
 .debug_aranges
                0x0000000000000700       0x58 ./Drivers/STM32F4xx_HAL_Driver/Src/stm32f4xx_hal_gpio.o
 .debug_aranges
                0x0000000000000758       0x88 ./Drivers/STM32F4xx_HAL_Driver/Src/stm32f4xx_hal_rcc.o
 .debug_aranges
                0x00000000000007e0       0x78 ./Drivers/STM32F4xx_HAL_Driver/Src/stm32f4xx_hal_rcc_ex.o
 .debug_aranges
                0x0000000000000858      0x3d0 ./Drivers/STM32F4xx_HAL_Driver/Src/stm32f4xx_hal_tim.o
 .debug_aranges
                0x0000000000000c28      0x168 ./Drivers/STM32F4xx_HAL_Driver/Src/stm32f4xx_hal_tim_ex.o
 .debug_aranges
                0x0000000000000d90      0x200 ./Drivers/STM32F4xx_HAL_Driver/Src/stm32f4xx_hal_uart.o

.debug_ranges   0x0000000000000000      0xe88
 .debug_ranges  0x0000000000000000       0x60 ./Core/Src/UART_servo.o
 .debug_ranges  0x0000000000000060       0x38 ./Core/Src/communication.o
 .debug_ranges  0x0000000000000098       0x98 ./Core/Src/main.o
 .debug_ranges  0x0000000000000130       0x48 ./Core/Src/mainpp.o
 .debug_ranges  0x0000000000000178       0x50 ./Core/Src/mission.o
 .debug_ranges  0x00000000000001c8       0x60 ./Core/Src/motor.o
 .debug_ranges  0x0000000000000228       0x38 ./Core/Src/servo.o
 .debug_ranges  0x0000000000000260       0x58 ./Core/Src/stm32f4xx_hal_msp.o
 .debug_ranges  0x00000000000002b8       0xd0 ./Core/Src/stm32f4xx_it.o
 .debug_ranges  0x0000000000000388       0x18 ./Core/Src/system_stm32f4xx.o
 .debug_ranges  0x00000000000003a0       0x20 ./Core/Startup/startup_stm32f446retx.o
 .debug_ranges  0x00000000000003c0       0xe0 ./Drivers/STM32F4xx_HAL_Driver/Src/stm32f4xx_hal.o
 .debug_ranges  0x00000000000004a0      0x108 ./Drivers/STM32F4xx_HAL_Driver/Src/stm32f4xx_hal_cortex.o
 .debug_ranges  0x00000000000005a8       0x80 ./Drivers/STM32F4xx_HAL_Driver/Src/stm32f4xx_hal_dma.o
 .debug_ranges  0x0000000000000628       0x48 ./Drivers/STM32F4xx_HAL_Driver/Src/stm32f4xx_hal_gpio.o
 .debug_ranges  0x0000000000000670       0x78 ./Drivers/STM32F4xx_HAL_Driver/Src/stm32f4xx_hal_rcc.o
 .debug_ranges  0x00000000000006e8       0x68 ./Drivers/STM32F4xx_HAL_Driver/Src/stm32f4xx_hal_rcc_ex.o
 .debug_ranges  0x0000000000000750      0x3c0 ./Drivers/STM32F4xx_HAL_Driver/Src/stm32f4xx_hal_tim.o
 .debug_ranges  0x0000000000000b10      0x158 ./Drivers/STM32F4xx_HAL_Driver/Src/stm32f4xx_hal_tim_ex.o
 .debug_ranges  0x0000000000000c68      0x220 ./Drivers/STM32F4xx_HAL_Driver/Src/stm32f4xx_hal_uart.o

.debug_macro    0x0000000000000000    0x253d1
 .debug_macro   0x0000000000000000      0x323 ./Core/Src/UART_servo.o
 .debug_macro   0x0000000000000323      0xb50 ./Core/Src/UART_servo.o
 .debug_macro   0x0000000000000e73      0x29b ./Core/Src/UART_servo.o
 .debug_macro   0x000000000000110e       0x2e ./Core/Src/UART_servo.o
 .debug_macro   0x000000000000113c       0x28 ./Core/Src/UART_servo.o
 .debug_macro   0x0000000000001164       0x1c ./Core/Src/UART_servo.o
 .debug_macro   0x0000000000001180       0x22 ./Core/Src/UART_servo.o
 .debug_macro   0x00000000000011a2       0x8e ./Core/Src/UART_servo.o
 .debug_macro   0x0000000000001230       0x51 ./Core/Src/UART_servo.o
 .debug_macro   0x0000000000001281      0x103 ./Core/Src/UART_servo.o
 .debug_macro   0x0000000000001384       0x6a ./Core/Src/UART_servo.o
 .debug_macro   0x00000000000013ee      0x1df ./Core/Src/UART_servo.o
 .debug_macro   0x00000000000015cd       0x1c ./Core/Src/UART_servo.o
 .debug_macro   0x00000000000015e9       0x22 ./Core/Src/UART_servo.o
 .debug_macro   0x000000000000160b       0xd9 ./Core/Src/UART_servo.o
 .debug_macro   0x00000000000016e4     0x102d ./Core/Src/UART_servo.o
 .debug_macro   0x0000000000002711      0x11f ./Core/Src/UART_servo.o
 .debug_macro   0x0000000000002830    0x16749 ./Core/Src/UART_servo.o
 .debug_macro   0x0000000000018f79       0x6d ./Core/Src/UART_servo.o
 .debug_macro   0x0000000000018fe6     0x367e ./Core/Src/UART_servo.o
 .debug_macro   0x000000000001c664      0x17b ./Core/Src/UART_servo.o
 .debug_macro   0x000000000001c7df       0x5c ./Core/Src/UART_servo.o
 .debug_macro   0x000000000001c83b      0xc90 ./Core/Src/UART_servo.o
 .debug_macro   0x000000000001d4cb      0x9fe ./Core/Src/UART_servo.o
 .debug_macro   0x000000000001dec9      0x115 ./Core/Src/UART_servo.o
 .debug_macro   0x000000000001dfde      0x1a0 ./Core/Src/UART_servo.o
 .debug_macro   0x000000000001e17e       0xa5 ./Core/Src/UART_servo.o
 .debug_macro   0x000000000001e223      0x16d ./Core/Src/UART_servo.o
 .debug_macro   0x000000000001e390      0x287 ./Core/Src/UART_servo.o
 .debug_macro   0x000000000001e617       0x5f ./Core/Src/UART_servo.o
 .debug_macro   0x000000000001e676      0x236 ./Core/Src/UART_servo.o
 .debug_macro   0x000000000001e8ac      0x132 ./Core/Src/UART_servo.o
 .debug_macro   0x000000000001e9de      0x29c ./Core/Src/UART_servo.o
 .debug_macro   0x000000000001ec7a       0x2e ./Core/Src/UART_servo.o
 .debug_macro   0x000000000001eca8      0x11a ./Core/Src/UART_servo.o
 .debug_macro   0x000000000001edc2       0xe8 ./Core/Src/UART_servo.o
 .debug_macro   0x000000000001eeaa       0x89 ./Core/Src/UART_servo.o
 .debug_macro   0x000000000001ef33      0x8e6 ./Core/Src/UART_servo.o
 .debug_macro   0x000000000001f819       0x4d ./Core/Src/UART_servo.o
 .debug_macro   0x000000000001f866      0x295 ./Core/Src/UART_servo.o
 .debug_macro   0x000000000001fafb      0x126 ./Core/Src/UART_servo.o
 .debug_macro   0x000000000001fc21      0x18a ./Core/Src/UART_servo.o
 .debug_macro   0x000000000001fdab       0x10 ./Core/Src/UART_servo.o
 .debug_macro   0x000000000001fdbb      0x3d1 ./Core/Src/UART_servo.o
 .debug_macro   0x000000000002018c       0x18 ./Core/Src/UART_servo.o
 .debug_macro   0x00000000000201a4       0x52 ./Core/Src/UART_servo.o
 .debug_macro   0x00000000000201f6       0x1e ./Core/Src/UART_servo.o
 .debug_macro   0x0000000000020214       0x3c ./Core/Src/UART_servo.o
 .debug_macro   0x0000000000020250       0x34 ./Core/Src/UART_servo.o
 .debug_macro   0x0000000000020284       0x16 ./Core/Src/UART_servo.o
 .debug_macro   0x000000000002029a       0x43 ./Core/Src/UART_servo.o
 .debug_macro   0x00000000000202dd       0x34 ./Core/Src/UART_servo.o
 .debug_macro   0x0000000000020311       0x10 ./Core/Src/UART_servo.o
 .debug_macro   0x0000000000020321       0x58 ./Core/Src/UART_servo.o
 .debug_macro   0x0000000000020379       0x71 ./Core/Src/UART_servo.o
 .debug_macro   0x00000000000203ea       0x16 ./Core/Src/UART_servo.o
 .debug_macro   0x0000000000020400      0x12a ./Core/Src/UART_servo.o
 .debug_macro   0x000000000002052a      0x364 ./Core/Src/UART_servo.o
 .debug_macro   0x000000000002088e      0x194 ./Core/Src/UART_servo.o
 .debug_macro   0x0000000000020a22       0x10 ./Core/Src/UART_servo.o
 .debug_macro   0x0000000000020a32       0x16 ./Core/Src/UART_servo.o
 .debug_macro   0x0000000000020a48       0x35 ./Core/Src/UART_servo.o
 .debug_macro   0x0000000000020a7d       0x16 ./Core/Src/UART_servo.o
 .debug_macro   0x0000000000020a93       0x29 ./Core/Src/UART_servo.o
 .debug_macro   0x0000000000020abc       0x10 ./Core/Src/UART_servo.o
 .debug_macro   0x0000000000020acc      0x3c7 ./Core/Src/UART_servo.o
 .debug_macro   0x0000000000020e93      0x323 ./Core/Src/communication.o
 .debug_macro   0x00000000000211b6       0x10 ./Core/Src/communication.o
 .debug_macro   0x00000000000211c6       0x1c ./Core/Src/communication.o
 .debug_macro   0x00000000000211e2       0xde ./Core/Src/communication.o
 .debug_macro   0x00000000000212c0       0x16 ./Core/Src/communication.o
 .debug_macro   0x00000000000212d6       0x20 ./Core/Src/communication.o
 .debug_macro   0x00000000000212f6      0x1e7 ./Core/Src/main.o
 .debug_macro   0x00000000000214dd      0xa78 ./Core/Src/main.o
 .debug_macro   0x0000000000021f55     0x102d ./Core/Src/main.o
 .debug_macro   0x0000000000022f82      0x174 ./Core/Src/main.o
 .debug_macro   0x00000000000230f6       0x34 ./Core/Src/main.o
 .debug_macro   0x000000000002312a      0x367 ./Core/Src/mainpp.o
 .debug_macro   0x0000000000023491      0x36f ./Core/Src/mission.o
 .debug_macro   0x0000000000023800      0x368 ./Core/Src/motor.o
 .debug_macro   0x0000000000023b68       0x10 ./Core/Src/motor.o
 .debug_macro   0x0000000000023b78       0x10 ./Core/Src/motor.o
 .debug_macro   0x0000000000023b88      0x1e7 ./Core/Src/servo.o
 .debug_macro   0x0000000000023d6f      0x1dd ./Core/Src/stm32f4xx_hal_msp.o
 .debug_macro   0x0000000000023f4c      0x1e7 ./Core/Src/stm32f4xx_it.o
 .debug_macro   0x0000000000024133      0x1ce ./Core/Src/system_stm32f4xx.o
 .debug_macro   0x0000000000024301      0x22e ./Drivers/STM32F4xx_HAL_Driver/Src/stm32f4xx_hal.o
 .debug_macro   0x000000000002452f      0x1ce ./Drivers/STM32F4xx_HAL_Driver/Src/stm32f4xx_hal_cortex.o
 .debug_macro   0x00000000000246fd      0x1d4 ./Drivers/STM32F4xx_HAL_Driver/Src/stm32f4xx_hal_dma.o
 .debug_macro   0x00000000000248d1      0x1d4 ./Drivers/STM32F4xx_HAL_Driver/Src/stm32f4xx_hal_gpio.o
 .debug_macro   0x0000000000024aa5      0x1f2 ./Drivers/STM32F4xx_HAL_Driver/Src/stm32f4xx_hal_rcc.o
 .debug_macro   0x0000000000024c97      0x1ce ./Drivers/STM32F4xx_HAL_Driver/Src/stm32f4xx_hal_rcc_ex.o
 .debug_macro   0x0000000000024e65      0x1cf ./Drivers/STM32F4xx_HAL_Driver/Src/stm32f4xx_hal_tim.o
 .debug_macro   0x0000000000025034      0x1ce ./Drivers/STM32F4xx_HAL_Driver/Src/stm32f4xx_hal_tim_ex.o
 .debug_macro   0x0000000000025202      0x1cf ./Drivers/STM32F4xx_HAL_Driver/Src/stm32f4xx_hal_uart.o

.debug_line     0x0000000000000000    0x13893
 .debug_line    0x0000000000000000      0xd36 ./Core/Src/UART_servo.o
 .debug_line    0x0000000000000d36      0xb53 ./Core/Src/communication.o
 .debug_line    0x0000000000001889      0xb73 ./Core/Src/main.o
 .debug_line    0x00000000000023fc      0xcf7 ./Core/Src/mainpp.o
 .debug_line    0x00000000000030f3      0xcf8 ./Core/Src/mission.o
 .debug_line    0x0000000000003deb      0xe9d ./Core/Src/motor.o
 .debug_line    0x0000000000004c88      0x7d3 ./Core/Src/servo.o
 .debug_line    0x000000000000545b      0x99d ./Core/Src/stm32f4xx_hal_msp.o
 .debug_line    0x0000000000005df8      0x8df ./Core/Src/stm32f4xx_it.o
 .debug_line    0x00000000000066d7      0x719 ./Core/Src/system_stm32f4xx.o
 .debug_line    0x0000000000006df0       0x88 ./Core/Startup/startup_stm32f446retx.o
 .debug_line    0x0000000000006e78      0x97f ./Drivers/STM32F4xx_HAL_Driver/Src/stm32f4xx_hal.o
 .debug_line    0x00000000000077f7      0xc2e ./Drivers/STM32F4xx_HAL_Driver/Src/stm32f4xx_hal_cortex.o
 .debug_line    0x0000000000008425      0xee3 ./Drivers/STM32F4xx_HAL_Driver/Src/stm32f4xx_hal_dma.o
 .debug_line    0x0000000000009308      0xadf ./Drivers/STM32F4xx_HAL_Driver/Src/stm32f4xx_hal_gpio.o
 .debug_line    0x0000000000009de7      0xd07 ./Drivers/STM32F4xx_HAL_Driver/Src/stm32f4xx_hal_rcc.o
 .debug_line    0x000000000000aaee     0x1392 ./Drivers/STM32F4xx_HAL_Driver/Src/stm32f4xx_hal_rcc_ex.o
 .debug_line    0x000000000000be80     0x3673 ./Drivers/STM32F4xx_HAL_Driver/Src/stm32f4xx_hal_tim.o
 .debug_line    0x000000000000f4f3     0x197c ./Drivers/STM32F4xx_HAL_Driver/Src/stm32f4xx_hal_tim_ex.o
 .debug_line    0x0000000000010e6f     0x2a24 ./Drivers/STM32F4xx_HAL_Driver/Src/stm32f4xx_hal_uart.o

.debug_str      0x0000000000000000    0xd3ba4
 .debug_str     0x0000000000000000    0xcf3b1 ./Core/Src/UART_servo.o
                                      0xcf8bd (size before relaxing)
 .debug_str     0x00000000000cf3b1      0x3f4 ./Core/Src/communication.o
                                      0xce484 (size before relaxing)
 .debug_str     0x00000000000cf7a5     0x10bf ./Core/Src/main.o
                                      0xca429 (size before relaxing)
 .debug_str     0x00000000000d0864      0x438 ./Core/Src/mainpp.o
                                      0xce96b (size before relaxing)
 .debug_str     0x00000000000d0c9c       0xf1 ./Core/Src/mission.o
                                      0xce7db (size before relaxing)
 .debug_str     0x00000000000d0d8d      0x1d6 ./Core/Src/motor.o
                                      0xcfb20 (size before relaxing)
 .debug_str     0x00000000000d0f63       0x86 ./Core/Src/servo.o
                                      0xc9c93 (size before relaxing)
 .debug_str     0x00000000000d0fe9      0x155 ./Core/Src/stm32f4xx_hal_msp.o
                                      0xc9f92 (size before relaxing)
 .debug_str     0x00000000000d113e      0x264 ./Core/Src/stm32f4xx_it.o
                                      0xc9971 (size before relaxing)
 .debug_str     0x00000000000d13a2       0xdb ./Core/Src/system_stm32f4xx.o
                                      0xc9105 (size before relaxing)
 .debug_str     0x00000000000d147d       0x36 ./Core/Startup/startup_stm32f446retx.o
                                         0x70 (size before relaxing)
 .debug_str     0x00000000000d14b3      0x591 ./Drivers/STM32F4xx_HAL_Driver/Src/stm32f4xx_hal.o
                                      0xc9cca (size before relaxing)
 .debug_str     0x00000000000d1a44      0x324 ./Drivers/STM32F4xx_HAL_Driver/Src/stm32f4xx_hal_cortex.o
                                      0xc99d8 (size before relaxing)
 .debug_str     0x00000000000d1d68      0x2ee ./Drivers/STM32F4xx_HAL_Driver/Src/stm32f4xx_hal_dma.o
                                      0xc94fa (size before relaxing)
 .debug_str     0x00000000000d2056       0xd7 ./Drivers/STM32F4xx_HAL_Driver/Src/stm32f4xx_hal_gpio.o
                                      0xc9280 (size before relaxing)
 .debug_str     0x00000000000d212d      0x228 ./Drivers/STM32F4xx_HAL_Driver/Src/stm32f4xx_hal_rcc.o
                                      0xc953e (size before relaxing)
 .debug_str     0x00000000000d2355      0x324 ./Drivers/STM32F4xx_HAL_Driver/Src/stm32f4xx_hal_rcc_ex.o
                                      0xc9571 (size before relaxing)
 .debug_str     0x00000000000d2679      0xbce ./Drivers/STM32F4xx_HAL_Driver/Src/stm32f4xx_hal_tim.o
                                      0xca45a (size before relaxing)
 .debug_str     0x00000000000d3247      0x3e1 ./Drivers/STM32F4xx_HAL_Driver/Src/stm32f4xx_hal_tim_ex.o
                                      0xc9c76 (size before relaxing)
 .debug_str     0x00000000000d3628      0x57c ./Drivers/STM32F4xx_HAL_Driver/Src/stm32f4xx_hal_uart.o
                                      0xc9ab3 (size before relaxing)

.comment        0x0000000000000000       0x50
 .comment       0x0000000000000000       0x50 ./Core/Src/UART_servo.o
                                         0x51 (size before relaxing)
 .comment       0x0000000000000050       0x51 ./Core/Src/communication.o
 .comment       0x0000000000000050       0x51 ./Core/Src/main.o
 .comment       0x0000000000000050       0x51 ./Core/Src/mainpp.o
 .comment       0x0000000000000050       0x51 ./Core/Src/mission.o
 .comment       0x0000000000000050       0x51 ./Core/Src/motor.o
 .comment       0x0000000000000050       0x51 ./Core/Src/servo.o
 .comment       0x0000000000000050       0x51 ./Core/Src/stm32f4xx_hal_msp.o
 .comment       0x0000000000000050       0x51 ./Core/Src/stm32f4xx_it.o
 .comment       0x0000000000000050       0x51 ./Core/Src/system_stm32f4xx.o
 .comment       0x0000000000000050       0x51 ./Drivers/STM32F4xx_HAL_Driver/Src/stm32f4xx_hal.o
 .comment       0x0000000000000050       0x51 ./Drivers/STM32F4xx_HAL_Driver/Src/stm32f4xx_hal_cortex.o
 .comment       0x0000000000000050       0x51 ./Drivers/STM32F4xx_HAL_Driver/Src/stm32f4xx_hal_dma.o
 .comment       0x0000000000000050       0x51 ./Drivers/STM32F4xx_HAL_Driver/Src/stm32f4xx_hal_gpio.o
 .comment       0x0000000000000050       0x51 ./Drivers/STM32F4xx_HAL_Driver/Src/stm32f4xx_hal_rcc.o
 .comment       0x0000000000000050       0x51 ./Drivers/STM32F4xx_HAL_Driver/Src/stm32f4xx_hal_rcc_ex.o
 .comment       0x0000000000000050       0x51 ./Drivers/STM32F4xx_HAL_Driver/Src/stm32f4xx_hal_tim.o
 .comment       0x0000000000000050       0x51 ./Drivers/STM32F4xx_HAL_Driver/Src/stm32f4xx_hal_tim_ex.o
 .comment       0x0000000000000050       0x51 ./Drivers/STM32F4xx_HAL_Driver/Src/stm32f4xx_hal_uart.o

.debug_frame    0x0000000000000000     0x3f68
 .debug_frame   0x0000000000000000      0x194 ./Core/Src/UART_servo.o
 .debug_frame   0x0000000000000194       0xd8 ./Core/Src/communication.o
 .debug_frame   0x000000000000026c      0x254 ./Core/Src/main.o
 .debug_frame   0x00000000000004c0      0x11c ./Core/Src/mainpp.o
 .debug_frame   0x00000000000005dc      0x12c ./Core/Src/mission.o
 .debug_frame   0x0000000000000708      0x190 ./Core/Src/motor.o
 .debug_frame   0x0000000000000898       0xdc ./Core/Src/servo.o
 .debug_frame   0x0000000000000974      0x180 ./Core/Src/stm32f4xx_hal_msp.o
 .debug_frame   0x0000000000000af4      0x2c4 ./Core/Src/stm32f4xx_it.o
 .debug_frame   0x0000000000000db8       0x58 ./Core/Src/system_stm32f4xx.o
 .debug_frame   0x0000000000000e10      0x374 ./Drivers/STM32F4xx_HAL_Driver/Src/stm32f4xx_hal.o
 .debug_frame   0x0000000000001184      0x498 ./Drivers/STM32F4xx_HAL_Driver/Src/stm32f4xx_hal_cortex.o
 .debug_frame   0x000000000000161c      0x250 ./Drivers/STM32F4xx_HAL_Driver/Src/stm32f4xx_hal_dma.o
 .debug_frame   0x000000000000186c      0x14c ./Drivers/STM32F4xx_HAL_Driver/Src/stm32f4xx_hal_gpio.o
 .debug_frame   0x00000000000019b8      0x1f4 ./Drivers/STM32F4xx_HAL_Driver/Src/stm32f4xx_hal_rcc.o
 .debug_frame   0x0000000000001bac      0x1e8 ./Drivers/STM32F4xx_HAL_Driver/Src/stm32f4xx_hal_rcc_ex.o
 .debug_frame   0x0000000000001d94     0x11c4 ./Drivers/STM32F4xx_HAL_Driver/Src/stm32f4xx_hal_tim.o
 .debug_frame   0x0000000000002f58      0x638 ./Drivers/STM32F4xx_HAL_Driver/Src/stm32f4xx_hal_tim_ex.o
 .debug_frame   0x0000000000003590      0x92c ./Drivers/STM32F4xx_HAL_Driver/Src/stm32f4xx_hal_uart.o
 .debug_frame   0x0000000000003ebc       0x2c /opt/st/stm32cubeide_1.10.1/plugins/com.st.stm32cube.ide.mcu.externaltools.gnu-tools-for-stm32.10.3-2021.10.linux64_1.0.0.202111181127/tools/bin/../lib/gcc/arm-none-eabi/10.3.1/../../../../arm-none-eabi/lib/thumb/v7e-m+fp/hard/libc_nano.a(lib_a-init.o)
 .debug_frame   0x0000000000003ee8       0x20 /opt/st/stm32cubeide_1.10.1/plugins/com.st.stm32cube.ide.mcu.externaltools.gnu-tools-for-stm32.10.3-2021.10.linux64_1.0.0.202111181127/tools/bin/../lib/gcc/arm-none-eabi/10.3.1/../../../../arm-none-eabi/lib/thumb/v7e-m+fp/hard/libc_nano.a(lib_a-memset.o)
 .debug_frame   0x0000000000003f08       0x2c /opt/st/stm32cubeide_1.10.1/plugins/com.st.stm32cube.ide.mcu.externaltools.gnu-tools-for-stm32.10.3-2021.10.linux64_1.0.0.202111181127/tools/bin/../lib/gcc/arm-none-eabi/10.3.1/thumb/v7e-m+fp/hard/libgcc.a(_aeabi_uldivmod.o)
 .debug_frame   0x0000000000003f34       0x34 /opt/st/stm32cubeide_1.10.1/plugins/com.st.stm32cube.ide.mcu.externaltools.gnu-tools-for-stm32.10.3-2021.10.linux64_1.0.0.202111181127/tools/bin/../lib/gcc/arm-none-eabi/10.3.1/thumb/v7e-m+fp/hard/libgcc.a(_udivmoddi4.o)
