Archive member included to satisfy reference by file (symbol)

/opt/st/stm32cubeide_1.10.1/plugins/com.st.stm32cube.ide.mcu.externaltools.gnu-tools-for-stm32.10.3-2021.10.linux64_1.0.0.202111181127/tools/bin/../lib/gcc/arm-none-eabi/10.3.1/../../../../arm-none-eabi/lib/thumb/v7e-m+fp/hard/libc_nano.a(lib_a-errno.o)
                              ./Core/Src/syscalls.o (__errno)
/opt/st/stm32cubeide_1.10.1/plugins/com.st.stm32cube.ide.mcu.externaltools.gnu-tools-for-stm32.10.3-2021.10.linux64_1.0.0.202111181127/tools/bin/../lib/gcc/arm-none-eabi/10.3.1/../../../../arm-none-eabi/lib/thumb/v7e-m+fp/hard/libc_nano.a(lib_a-exit.o)
                              /opt/st/stm32cubeide_1.10.1/plugins/com.st.stm32cube.ide.mcu.externaltools.gnu-tools-for-stm32.10.3-2021.10.linux64_1.0.0.202111181127/tools/bin/../lib/gcc/arm-none-eabi/10.3.1/../../../../arm-none-eabi/lib/thumb/v7e-m+fp/hard/crt0.o (exit)
/opt/st/stm32cubeide_1.10.1/plugins/com.st.stm32cube.ide.mcu.externaltools.gnu-tools-for-stm32.10.3-2021.10.linux64_1.0.0.202111181127/tools/bin/../lib/gcc/arm-none-eabi/10.3.1/../../../../arm-none-eabi/lib/thumb/v7e-m+fp/hard/libc_nano.a(lib_a-impure.o)
                              /opt/st/stm32cubeide_1.10.1/plugins/com.st.stm32cube.ide.mcu.externaltools.gnu-tools-for-stm32.10.3-2021.10.linux64_1.0.0.202111181127/tools/bin/../lib/gcc/arm-none-eabi/10.3.1/../../../../arm-none-eabi/lib/thumb/v7e-m+fp/hard/libc_nano.a(lib_a-exit.o) (_global_impure_ptr)
/opt/st/stm32cubeide_1.10.1/plugins/com.st.stm32cube.ide.mcu.externaltools.gnu-tools-for-stm32.10.3-2021.10.linux64_1.0.0.202111181127/tools/bin/../lib/gcc/arm-none-eabi/10.3.1/../../../../arm-none-eabi/lib/thumb/v7e-m+fp/hard/libc_nano.a(lib_a-init.o)
                              /opt/st/stm32cubeide_1.10.1/plugins/com.st.stm32cube.ide.mcu.externaltools.gnu-tools-for-stm32.10.3-2021.10.linux64_1.0.0.202111181127/tools/bin/../lib/gcc/arm-none-eabi/10.3.1/../../../../arm-none-eabi/lib/thumb/v7e-m+fp/hard/crt0.o (__libc_init_array)
/opt/st/stm32cubeide_1.10.1/plugins/com.st.stm32cube.ide.mcu.externaltools.gnu-tools-for-stm32.10.3-2021.10.linux64_1.0.0.202111181127/tools/bin/../lib/gcc/arm-none-eabi/10.3.1/../../../../arm-none-eabi/lib/thumb/v7e-m+fp/hard/libc_nano.a(lib_a-memset.o)
                              /opt/st/stm32cubeide_1.10.1/plugins/com.st.stm32cube.ide.mcu.externaltools.gnu-tools-for-stm32.10.3-2021.10.linux64_1.0.0.202111181127/tools/bin/../lib/gcc/arm-none-eabi/10.3.1/../../../../arm-none-eabi/lib/thumb/v7e-m+fp/hard/crt0.o (memset)
/opt/st/stm32cubeide_1.10.1/plugins/com.st.stm32cube.ide.mcu.externaltools.gnu-tools-for-stm32.10.3-2021.10.linux64_1.0.0.202111181127/tools/bin/../lib/gcc/arm-none-eabi/10.3.1/thumb/v7e-m+fp/hard/libgcc.a(_arm_addsubdf3.o)
                              ./Core/Src/whiteBalance.o (__aeabi_i2d)
/opt/st/stm32cubeide_1.10.1/plugins/com.st.stm32cube.ide.mcu.externaltools.gnu-tools-for-stm32.10.3-2021.10.linux64_1.0.0.202111181127/tools/bin/../lib/gcc/arm-none-eabi/10.3.1/thumb/v7e-m+fp/hard/libgcc.a(_arm_muldivdf3.o)
                              ./Core/Src/whiteBalance.o (__aeabi_ddiv)
/opt/st/stm32cubeide_1.10.1/plugins/com.st.stm32cube.ide.mcu.externaltools.gnu-tools-for-stm32.10.3-2021.10.linux64_1.0.0.202111181127/tools/bin/../lib/gcc/arm-none-eabi/10.3.1/thumb/v7e-m+fp/hard/libgcc.a(_arm_truncdfsf2.o)
                              ./Core/Src/whiteBalance.o (__aeabi_d2f)
/opt/st/stm32cubeide_1.10.1/plugins/com.st.stm32cube.ide.mcu.externaltools.gnu-tools-for-stm32.10.3-2021.10.linux64_1.0.0.202111181127/tools/bin/../lib/gcc/arm-none-eabi/10.3.1/thumb/v7e-m+fp/hard/libgcc.a(_aeabi_uldivmod.o)
                              ./Drivers/STM32F4xx_HAL_Driver/Src/stm32f4xx_hal_rcc.o (__aeabi_uldivmod)
/opt/st/stm32cubeide_1.10.1/plugins/com.st.stm32cube.ide.mcu.externaltools.gnu-tools-for-stm32.10.3-2021.10.linux64_1.0.0.202111181127/tools/bin/../lib/gcc/arm-none-eabi/10.3.1/thumb/v7e-m+fp/hard/libgcc.a(_udivmoddi4.o)
                              /opt/st/stm32cubeide_1.10.1/plugins/com.st.stm32cube.ide.mcu.externaltools.gnu-tools-for-stm32.10.3-2021.10.linux64_1.0.0.202111181127/tools/bin/../lib/gcc/arm-none-eabi/10.3.1/thumb/v7e-m+fp/hard/libgcc.a(_aeabi_uldivmod.o) (__udivmoddi4)
/opt/st/stm32cubeide_1.10.1/plugins/com.st.stm32cube.ide.mcu.externaltools.gnu-tools-for-stm32.10.3-2021.10.linux64_1.0.0.202111181127/tools/bin/../lib/gcc/arm-none-eabi/10.3.1/thumb/v7e-m+fp/hard/libgcc.a(_dvmd_tls.o)
                              /opt/st/stm32cubeide_1.10.1/plugins/com.st.stm32cube.ide.mcu.externaltools.gnu-tools-for-stm32.10.3-2021.10.linux64_1.0.0.202111181127/tools/bin/../lib/gcc/arm-none-eabi/10.3.1/thumb/v7e-m+fp/hard/libgcc.a(_aeabi_uldivmod.o) (__aeabi_ldiv0)

Discarded input sections

 .text          0x0000000000000000        0x0 /opt/st/stm32cubeide_1.10.1/plugins/com.st.stm32cube.ide.mcu.externaltools.gnu-tools-for-stm32.10.3-2021.10.linux64_1.0.0.202111181127/tools/bin/../lib/gcc/arm-none-eabi/10.3.1/thumb/v7e-m+fp/hard/crti.o
[...]
Memory Configuration

Name             Origin             Length             Attributes
RAM              0x0000000020000000 0x0000000000020000 xrw
FLASH            0x0000000008000000 0x0000000000080000 xr
*default*        0x0000000000000000 0xffffffffffffffff

Linker script and memory map

LOAD /opt/st/stm32cubeide_1.10.1/plugins/com.st.stm32cube.ide.mcu.externaltools.gnu-tools-for-stm32.10.3-2021.10.linux64_1.0.0.202111181127/tools/bin/../lib/gcc/arm-none-eabi/10.3.1/thumb/v7e-m+fp/hard/crti.o
LOAD /opt/st/stm32cubeide_1.10.1/plugins/com.st.stm32cube.ide.mcu.externaltools.gnu-tools-for-stm32.10.3-2021.10.linux64_1.0.0.202111181127/tools/bin/../lib/gcc/arm-none-eabi/10.3.1/thumb/v7e-m+fp/hard/crtbegin.o
LOAD /opt/st/stm32cubeide_1.10.1/plugins/com.st.stm32cube.ide.mcu.externaltools.gnu-tools-for-stm32.10.3-2021.10.linux64_1.0.0.202111181127/tools/bin/../lib/gcc/arm-none-eabi/10.3.1/../../../../arm-none-eabi/lib/thumb/v7e-m+fp/hard/crt0.o
LOAD ./Core/Src/UART_servo.o
LOAD ./Core/Src/colorSensor.o
LOAD ./Core/Src/communication.o
LOAD ./Core/Src/main.o
LOAD ./Core/Src/mainpp.o
LOAD ./Core/Src/mission.o
LOAD ./Core/Src/motor.o
LOAD ./Core/Src/servo.o
LOAD ./Core/Src/stm32f4xx_hal_msp.o
LOAD ./Core/Src/stm32f4xx_it.o
LOAD ./Core/Src/syscalls.o
LOAD ./Core/Src/sysmem.o
LOAD ./Core/Src/system_stm32f4xx.o
LOAD ./Core/Src/whiteBalance.o
LOAD ./Core/Startup/startup_stm32f446retx.o
LOAD ./Drivers/STM32F4xx_HAL_Driver/Src/stm32f4xx_hal.o
LOAD ./Drivers/STM32F4xx_HAL_Driver/Src/stm32f4xx_hal_cortex.o
LOAD ./Drivers/STM32F4xx_HAL_Driver/Src/stm32f4xx_hal_dma.o
LOAD ./Drivers/STM32F4xx_HAL_Driver/Src/stm32f4xx_hal_dma_ex.o
LOAD ./Drivers/STM32F4xx_HAL_Driver/Src/stm32f4xx_hal_exti.o
LOAD ./Drivers/STM32F4xx_HAL_Driver/Src/stm32f4xx_hal_flash.o
LOAD ./Drivers/STM32F4xx_HAL_Driver/Src/stm32f4xx_hal_flash_ex.o
LOAD ./Drivers/STM32F4xx_HAL_Driver/Src/stm32f4xx_hal_flash_ramfunc.o
LOAD ./Drivers/STM32F4xx_HAL_Driver/Src/stm32f4xx_hal_gpio.o
LOAD ./Drivers/STM32F4xx_HAL_Driver/Src/stm32f4xx_hal_pwr.o
LOAD ./Drivers/STM32F4xx_HAL_Driver/Src/stm32f4xx_hal_pwr_ex.o
LOAD ./Drivers/STM32F4xx_HAL_Driver/Src/stm32f4xx_hal_rcc.o
LOAD ./Drivers/STM32F4xx_HAL_Driver/Src/stm32f4xx_hal_rcc_ex.o
LOAD ./Drivers/STM32F4xx_HAL_Driver/Src/stm32f4xx_hal_tim.o
LOAD ./Drivers/STM32F4xx_HAL_Driver/Src/stm32f4xx_hal_tim_ex.o
LOAD ./Drivers/STM32F4xx_HAL_Driver/Src/stm32f4xx_hal_uart.o
START GROUP
LOAD /opt/st/stm32cubeide_1.10.1/plugins/com.st.stm32cube.ide.mcu.externaltools.gnu-tools-for-stm32.10.3-2021.10.linux64_1.0.0.202111181127/tools/bin/../lib/gcc/arm-none-eabi/10.3.1/../../../../arm-none-eabi/lib/thumb/v7e-m+fp/hard/libstdc++_nano.a
LOAD /opt/st/stm32cubeide_1.10.1/plugins/com.st.stm32cube.ide.mcu.externaltools.gnu-tools-for-stm32.10.3-2021.10.linux64_1.0.0.202111181127/tools/bin/../lib/gcc/arm-none-eabi/10.3.1/../../../../arm-none-eabi/lib/thumb/v7e-m+fp/hard/libsupc++_nano.a
END GROUP
LOAD /opt/st/stm32cubeide_1.10.1/plugins/com.st.stm32cube.ide.mcu.externaltools.gnu-tools-for-stm32.10.3-2021.10.linux64_1.0.0.202111181127/tools/bin/../lib/gcc/arm-none-eabi/10.3.1/../../../../arm-none-eabi/lib/thumb/v7e-m+fp/hard/libstdc++_nano.a
LOAD /opt/st/stm32cubeide_1.10.1/plugins/com.st.stm32cube.ide.mcu.externaltools.gnu-tools-for-stm32.10.3-2021.10.linux64_1.0.0.202111181127/tools/bin/../lib/gcc/arm-none-eabi/10.3.1/../../../../arm-none-eabi/lib/thumb/v7e-m+fp/hard/libm.a
LOAD /opt/st/stm32cubeide_1.10.1/plugins/com.st.stm32cube.ide.mcu.externaltools.gnu-tools-for-stm32.10.3-2021.10.linux64_1.0.0.202111181127/tools/bin/../lib/gcc/arm-none-eabi/10.3.1/../../../../arm-none-eabi/lib/thumb/v7e-m+fp/hard/libc_nano.a
START GROUP
LOAD /opt/st/stm32cubeide_1.10.1/plugins/com.st.stm32cube.ide.mcu.externaltools.gnu-tools-for-stm32.10.3-2021.10.linux64_1.0.0.202111181127/tools/bin/../lib/gcc/arm-none-eabi/10.3.1/thumb/v7e-m+fp/hard/libgcc.a
LOAD /opt/st/stm32cubeide_1.10.1/plugins/com.st.stm32cube.ide.mcu.externaltools.gnu-tools-for-stm32.10.3-2021.10.linux64_1.0.0.202111181127/tools/bin/../lib/gcc/arm-none-eabi/10.3.1/../../../../arm-none-eabi/lib/thumb/v7e-m+fp/hard/libc_nano.a
END GROUP
START GROUP
LOAD /opt/st/stm32cubeide_1.10.1/plugins/com.st.stm32cube.ide.mcu.externaltools.gnu-tools-for-stm32.10.3-2021.10.linux64_1.0.0.202111181127/tools/bin/../lib/gcc/arm-none-eabi/10.3.1/thumb/v7e-m+fp/hard/libgcc.a
LOAD /opt/st/stm32cubeide_1.10.1/plugins/com.st.stm32cube.ide.mcu.externaltools.gnu-tools-for-stm32.10.3-2021.10.linux64_1.0.0.202111181127/tools/bin/../lib/gcc/arm-none-eabi/10.3.1/../../../../arm-none-eabi/lib/thumb/v7e-m+fp/hard/libc_nano.a
LOAD /opt/st/stm32cubeide_1.10.1/plugins/com.st.stm32cube.ide.mcu.externaltools.gnu-tools-for-stm32.10.3-2021.10.linux64_1.0.0.202111181127/tools/bin/../lib/gcc/arm-none-eabi/10.3.1/../../../../arm-none-eabi/lib/thumb/v7e-m+fp/hard/libnosys.a
END GROUP
START GROUP
LOAD /opt/st/stm32cubeide_1.10.1/plugins/com.st.stm32cube.ide.mcu.externaltools.gnu-tools-for-stm32.10.3-2021.10.linux64_1.0.0.202111181127/tools/bin/../lib/gcc/arm-none-eabi/10.3.1/thumb/v7e-m+fp/hard/libgcc.a
LOAD /opt/st/stm32cubeide_1.10.1/plugins/com.st.stm32cube.ide.mcu.externaltools.gnu-tools-for-stm32.10.3-2021.10.linux64_1.0.0.202111181127/tools/bin/../lib/gcc/arm-none-eabi/10.3.1/../../../../arm-none-eabi/lib/thumb/v7e-m+fp/hard/libc_nano.a
LOAD /opt/st/stm32cubeide_1.10.1/plugins/com.st.stm32cube.ide.mcu.externaltools.gnu-tools-for-stm32.10.3-2021.10.linux64_1.0.0.202111181127/tools/bin/../lib/gcc/arm-none-eabi/10.3.1/../../../../arm-none-eabi/lib/thumb/v7e-m+fp/hard/libnosys.a
END GROUP
LOAD /opt/st/stm32cubeide_1.10.1/plugins/com.st.stm32cube.ide.mcu.externaltools.gnu-tools-for-stm32.10.3-2021.10.linux64_1.0.0.202111181127/tools/bin/../lib/gcc/arm-none-eabi/10.3.1/thumb/v7e-m+fp/hard/crtend.o
LOAD /opt/st/stm32cubeide_1.10.1/plugins/com.st.stm32cube.ide.mcu.externaltools.gnu-tools-for-stm32.10.3-2021.10.linux64_1.0.0.202111181127/tools/bin/../lib/gcc/arm-none-eabi/10.3.1/thumb/v7e-m+fp/hard/crtn.o
                0x0000000020020000                _estack = (ORIGIN (RAM) + LENGTH (RAM))
                0x0000000000000200                _Min_Heap_Size = 0x200
                0x0000000000000400                _Min_Stack_Size = 0x400

.isr_vector     0x0000000008000000      0x1c4
                0x0000000008000000                . = ALIGN (0x4)
 *(.isr_vector)
 .isr_vector    0x0000000008000000      0x1c4 ./Core/Startup/startup_stm32f446retx.o
                0x0000000008000000                g_pfnVectors
                0x00000000080001c4                . = ALIGN (0x4)

.text           0x00000000080001c4     0x6bc0
                0x00000000080001c4                . = ALIGN (0x4)
 *(.text)
 .text          0x00000000080001c4       0x40 /opt/st/stm32cubeide_1.10.1/plugins/com.st.stm32cube.ide.mcu.externaltools.gnu-tools-for-stm32.10.3-2021.10.linux64_1.0.0.202111181127/tools/bin/../lib/gcc/arm-none-eabi/10.3.1/thumb/v7e-m+fp/hard/crtbegin.o
 .text          0x0000000008000204       0x30 /opt/st/stm32cubeide_1.10.1/plugins/com.st.stm32cube.ide.mcu.externaltools.gnu-tools-for-stm32.10.3-2021.10.linux64_1.0.0.202111181127/tools/bin/../lib/gcc/arm-none-eabi/10.3.1/thumb/v7e-m+fp/hard/libgcc.a(_aeabi_uldivmod.o)
                0x0000000008000204                __aeabi_uldivmod
 .text          0x0000000008000234      0x2d0 /opt/st/stm32cubeide_1.10.1/plugins/com.st.stm32cube.ide.mcu.externaltools.gnu-tools-for-stm32.10.3-2021.10.linux64_1.0.0.202111181127/tools/bin/../lib/gcc/arm-none-eabi/10.3.1/thumb/v7e-m+fp/hard/libgcc.a(_udivmoddi4.o)
                0x0000000008000234                __udivmoddi4
 .text          0x0000000008000504        0x4 /opt/st/stm32cubeide_1.10.1/plugins/com.st.stm32cube.ide.mcu.externaltools.gnu-tools-for-stm32.10.3-2021.10.linux64_1.0.0.202111181127/tools/bin/../lib/gcc/arm-none-eabi/10.3.1/thumb/v7e-m+fp/hard/libgcc.a(_dvmd_tls.o)
                0x0000000008000504                __aeabi_ldiv0
                0x0000000008000504                __aeabi_idiv0
 *(.text*)
 .text._Z9UART_Sendh
                0x0000000008000508       0x38 ./Core/Src/UART_servo.o
                0x0000000008000508                UART_Send(unsigned char)
 .text._Z26UART_Send_SetMotorPositionttt
                0x0000000008000540       0x88 ./Core/Src/UART_servo.o
                0x0000000008000540                UART_Send_SetMotorPosition(unsigned short, unsigned short, unsigned short)
 .text._Z8arm_moveP3Armi
                0x00000000080005c8       0x7c ./Core/Src/UART_servo.o
                0x00000000080005c8                arm_move(Arm*, int)
 .text._Z7ARM_RUNv
                0x0000000008000644       0x30 ./Core/Src/UART_servo.o
                0x0000000008000644                ARM_RUN()
 .text._Z11pos_controlP3Arm
                0x0000000008000674       0x78 ./Core/Src/UART_servo.o
                0x0000000008000674                pos_control(Arm*)
 .text._Z4clawP3Arm
                0x00000000080006ec       0x48 ./Core/Src/UART_servo.o
                0x00000000080006ec                claw(Arm*)
 .text._Z11upadate_posP3Armi
                0x0000000008000734       0x20 ./Core/Src/UART_servo.o
                0x0000000008000734                upadate_pos(Arm*, int)
 .text._Z11update_clawP3Armb
                0x0000000008000754       0x22 ./Core/Src/UART_servo.o
                0x0000000008000754                update_claw(Arm*, bool)
 *fill*         0x0000000008000776        0x2 
 .text._Z10UART_setupv
                0x0000000008000778       0x1c ./Core/Src/communication.o
                0x0000000008000778                UART_setup()
 .text._Z27UART_TransmitData_Status_ITP20__UART_HandleTypeDefffff
                0x0000000008000794       0x54 ./Core/Src/communication.o
                0x0000000008000794                UART_TransmitData_Status_IT(__UART_HandleTypeDef*, float, float, float, float)
 .text._Z38UART_ReceiveData_arrriveDestination_ITP20__UART_HandleTypeDefPb
                0x00000000080007e8       0x28 ./Core/Src/communication.o
                0x00000000080007e8                UART_ReceiveData_arrriveDestination_IT(__UART_HandleTypeDef*, bool*)
 .text._Z13UART_TRANSMITv
                0x0000000008000810       0x40 ./Core/Src/communication.o
                0x0000000008000810                UART_TRANSMIT()
 .text.HAL_UART_TxCpltCallback
                0x0000000008000850       0x6c ./Core/Src/communication.o
                0x0000000008000850                HAL_UART_TxCpltCallback
 .text.HAL_UART_RxCpltCallback
                0x00000000080008bc       0x3c ./Core/Src/communication.o
                0x00000000080008bc                HAL_UART_RxCpltCallback
 .text.main     0x00000000080008f8       0x52 ./Core/Src/main.o
                0x00000000080008f8                main
 *fill*         0x000000000800094a        0x2 
 .text.SystemClock_Config
                0x000000000800094c       0xdc ./Core/Src/main.o
                0x000000000800094c                SystemClock_Config
 .text.MX_NVIC_Init
                0x0000000008000a28       0x78 ./Core/Src/main.o
 .text.MX_TIM1_Init
                0x0000000008000aa0      0x150 ./Core/Src/main.o
 .text.MX_TIM2_Init
                0x0000000008000bf0       0x9c ./Core/Src/main.o
 .text.MX_TIM3_Init
                0x0000000008000c8c       0xa8 ./Core/Src/main.o
 .text.MX_TIM5_Init
                0x0000000008000d34       0xa8 ./Core/Src/main.o
 .text.MX_TIM7_Init
                0x0000000008000ddc       0x6c ./Core/Src/main.o
 .text.MX_TIM9_Init
                0x0000000008000e48       0x74 ./Core/Src/main.o
 .text.MX_TIM10_Init
                0x0000000008000ebc       0x48 ./Core/Src/main.o
 .text.MX_TIM11_Init
                0x0000000008000f04       0x48 ./Core/Src/main.o
 .text.MX_TIM12_Init
                0x0000000008000f4c       0xa4 ./Core/Src/main.o
 .text.MX_TIM13_Init
                0x0000000008000ff0       0x48 ./Core/Src/main.o
 .text.MX_UART5_Init
                0x0000000008001038       0x54 ./Core/Src/main.o
 .text.MX_USART3_UART_Init
                0x000000000800108c       0x54 ./Core/Src/main.o
 .text.MX_DMA_Init
                0x00000000080010e0       0x50 ./Core/Src/main.o
 .text.MX_GPIO_Init
                0x0000000008001130      0x208 ./Core/Src/main.o
 .text.Error_Handler
                0x0000000008001338        0xa ./Core/Src/main.o
                0x0000000008001338                Error_Handler
 *fill*         0x0000000008001342        0x2 
 .text.setup    0x0000000008001344       0x3c ./Core/Src/mainpp.o
                0x0000000008001344                setup
 .text.divide   0x0000000008001380       0x2c ./Core/Src/mainpp.o
                0x0000000008001380                divide
 .text.wait     0x00000000080013ac       0x38 ./Core/Src/mainpp.o
                0x00000000080013ac                wait
 .text.main_function
                0x00000000080013e4       0xac ./Core/Src/mainpp.o
                0x00000000080013e4                main_function
 .text.HAL_TIM_PeriodElapsedCallback
                0x0000000008001490       0xac ./Core/Src/mainpp.o
                0x0000000008001490                HAL_TIM_PeriodElapsedCallback
 .text.HAL_GPIO_EXTI_Callback
                0x000000000800153c       0x1a ./Core/Src/mainpp.o
                0x000000000800153c                HAL_GPIO_EXTI_Callback
 *fill*         0x0000000008001556        0x2 
 .text._Z4GoToffff
                0x0000000008001558       0x58 ./Core/Src/mission.o
                0x0000000008001558                GoTo(float, float, float, float)
 .text._Z13DCmotor_setupv
                0x00000000080015b0       0x44 ./Core/Src/motor.o
                0x00000000080015b0                DCmotor_setup()
 .text._Z14PI_control_runP8DC_motorf
                0x00000000080015f4      0x224 ./Core/Src/motor.o
                0x00000000080015f4                PI_control_run(DC_motor*, float)
 .text._Z8getStateP8DC_motori
                0x0000000008001818       0x70 ./Core/Src/motor.o
                0x0000000008001818                getState(DC_motor*, int)
 .text._Z14updateLocationt
                0x0000000008001888      0x1b4 ./Core/Src/motor.o
                0x0000000008001888                updateLocation(unsigned short)
 .text._Z17reach_destinationP8DC_motor
                0x0000000008001a3c       0x26 ./Core/Src/motor.o
                0x0000000008001a3c                reach_destination(DC_motor*)
 *fill*         0x0000000008001a62        0x2 
 .text._Z11DCmotor_runv
                0x0000000008001a64       0x60 ./Core/Src/motor.o
                0x0000000008001a64                DCmotor_run()
 .text._Z18gotoTargetLocationP8DC_motorPf
                0x0000000008001ac4       0x7c ./Core/Src/motor.o
                0x0000000008001ac4                gotoTargetLocation(DC_motor*, float*)
 .text._Z17setTargetLocationP8DC_motori
                0x0000000008001b40       0x2c ./Core/Src/motor.o
                0x0000000008001b40                setTargetLocation(DC_motor*, int)
 .text._Z41__static_initialization_and_destruction_0ii
                0x0000000008001b6c       0x7c ./Core/Src/motor.o
 .text._GLOBAL__sub_I_ki
                0x0000000008001be8       0x10 ./Core/Src/motor.o
 .text._Z11servo_setupv
                0x0000000008001bf8       0x2c ./Core/Src/servo.o
                0x0000000008001bf8                servo_setup()
 .text._Z10servo_moveP5servof
                0x0000000008001c24       0x30 ./Core/Src/servo.o
                0x0000000008001c24                servo_move(servo*, float)
 .text._Z9servo_runP5servoi
                0x0000000008001c54      0x154 ./Core/Src/servo.o
                0x0000000008001c54                servo_run(servo*, int)
 .text._Z10blockStatev
                0x0000000008001da8       0xf4 ./Core/Src/servo.o
                0x0000000008001da8                blockState()
 .text.HAL_MspInit
                0x0000000008001e9c       0x50 ./Core/Src/stm32f4xx_hal_msp.o
                0x0000000008001e9c                HAL_MspInit
 .text.HAL_TIM_PWM_MspInit
                0x0000000008001eec       0x7c ./Core/Src/stm32f4xx_hal_msp.o
                0x0000000008001eec                HAL_TIM_PWM_MspInit
 .text.HAL_TIM_Base_MspInit
                0x0000000008001f68      0x148 ./Core/Src/stm32f4xx_hal_msp.o
                0x0000000008001f68                HAL_TIM_Base_MspInit
 .text.HAL_TIM_Encoder_MspInit
                0x00000000080020b0       0xf8 ./Core/Src/stm32f4xx_hal_msp.o
                0x00000000080020b0                HAL_TIM_Encoder_MspInit
 .text.HAL_TIM_MspPostInit
                0x00000000080021a8       0xc8 ./Core/Src/stm32f4xx_hal_msp.o
                0x00000000080021a8                HAL_TIM_MspPostInit
 .text.HAL_UART_MspInit
                0x0000000008002270      0x254 ./Core/Src/stm32f4xx_hal_msp.o
                0x0000000008002270                HAL_UART_MspInit
 .text.NMI_Handler
                0x00000000080024c4        0x6 ./Core/Src/stm32f4xx_it.o
                0x00000000080024c4                NMI_Handler
 .text.HardFault_Handler
                0x00000000080024ca        0x6 ./Core/Src/stm32f4xx_it.o
                0x00000000080024ca                HardFault_Handler
 .text.MemManage_Handler
                0x00000000080024d0        0x6 ./Core/Src/stm32f4xx_it.o
                0x00000000080024d0                MemManage_Handler
 .text.BusFault_Handler
                0x00000000080024d6        0x6 ./Core/Src/stm32f4xx_it.o
                0x00000000080024d6                BusFault_Handler
 .text.UsageFault_Handler
                0x00000000080024dc        0x6 ./Core/Src/stm32f4xx_it.o
                0x00000000080024dc                UsageFault_Handler
 .text.SVC_Handler
                0x00000000080024e2        0xe ./Core/Src/stm32f4xx_it.o
                0x00000000080024e2                SVC_Handler
 .text.DebugMon_Handler
                0x00000000080024f0        0xe ./Core/Src/stm32f4xx_it.o
                0x00000000080024f0                DebugMon_Handler
 .text.PendSV_Handler
                0x00000000080024fe        0xe ./Core/Src/stm32f4xx_it.o
                0x00000000080024fe                PendSV_Handler
 .text.SysTick_Handler
                0x000000000800250c        0xc ./Core/Src/stm32f4xx_it.o
                0x000000000800250c                SysTick_Handler
 .text.EXTI0_IRQHandler
                0x0000000008002518        0xe ./Core/Src/stm32f4xx_it.o
                0x0000000008002518                EXTI0_IRQHandler
 .text.EXTI1_IRQHandler
                0x0000000008002526        0xe ./Core/Src/stm32f4xx_it.o
                0x0000000008002526                EXTI1_IRQHandler
 .text.EXTI2_IRQHandler
                0x0000000008002534        0xe ./Core/Src/stm32f4xx_it.o
                0x0000000008002534                EXTI2_IRQHandler
 .text.EXTI3_IRQHandler
                0x0000000008002542        0xe ./Core/Src/stm32f4xx_it.o
                0x0000000008002542                EXTI3_IRQHandler
 .text.EXTI4_IRQHandler
                0x0000000008002550        0xe ./Core/Src/stm32f4xx_it.o
                0x0000000008002550                EXTI4_IRQHandler
 *fill*         0x000000000800255e        0x2 
 .text.DMA1_Stream1_IRQHandler
                0x0000000008002560       0x14 ./Core/Src/stm32f4xx_it.o
                0x0000000008002560                DMA1_Stream1_IRQHandler
 .text.DMA1_Stream3_IRQHandler
                0x0000000008002574       0x14 ./Core/Src/stm32f4xx_it.o
                0x0000000008002574                DMA1_Stream3_IRQHandler
 .text.EXTI9_5_IRQHandler
                0x0000000008002588       0x16 ./Core/Src/stm32f4xx_it.o
                0x0000000008002588                EXTI9_5_IRQHandler
 *fill*         0x000000000800259e        0x2 
 .text.TIM1_BRK_TIM9_IRQHandler
                0x00000000080025a0       0x1c ./Core/Src/stm32f4xx_it.o
                0x00000000080025a0                TIM1_BRK_TIM9_IRQHandler
 .text.TIM1_UP_TIM10_IRQHandler
                0x00000000080025bc       0x1c ./Core/Src/stm32f4xx_it.o
                0x00000000080025bc                TIM1_UP_TIM10_IRQHandler
 .text.TIM1_TRG_COM_TIM11_IRQHandler
                0x00000000080025d8       0x1c ./Core/Src/stm32f4xx_it.o
                0x00000000080025d8                TIM1_TRG_COM_TIM11_IRQHandler
 .text.TIM2_IRQHandler
                0x00000000080025f4       0x14 ./Core/Src/stm32f4xx_it.o
                0x00000000080025f4                TIM2_IRQHandler
 .text.USART3_IRQHandler
                0x0000000008002608       0x14 ./Core/Src/stm32f4xx_it.o
                0x0000000008002608                USART3_IRQHandler
 .text.EXTI15_10_IRQHandler
                0x000000000800261c       0x10 ./Core/Src/stm32f4xx_it.o
                0x000000000800261c                EXTI15_10_IRQHandler
 .text.TIM8_UP_TIM13_IRQHandler
                0x000000000800262c       0x14 ./Core/Src/stm32f4xx_it.o
                0x000000000800262c                TIM8_UP_TIM13_IRQHandler
 .text.TIM7_IRQHandler
                0x0000000008002640       0x14 ./Core/Src/stm32f4xx_it.o
                0x0000000008002640                TIM7_IRQHandler
 .text.SystemInit
                0x0000000008002654       0x24 ./Core/Src/system_stm32f4xx.o
                0x0000000008002654                SystemInit
 .text.Reset_Handler
                0x0000000008002678       0x50 ./Core/Startup/startup_stm32f446retx.o
                0x0000000008002678                Reset_Handler
 .text.Default_Handler
                0x00000000080026c8        0x2 ./Core/Startup/startup_stm32f446retx.o
                0x00000000080026c8                RTC_Alarm_IRQHandler
                0x00000000080026c8                TIM8_CC_IRQHandler
                0x00000000080026c8                FMPI2C1_EV_IRQHandler
                0x00000000080026c8                SPI4_IRQHandler
                0x00000000080026c8                TIM1_CC_IRQHandler
                0x00000000080026c8                DMA2_Stream5_IRQHandler
                0x00000000080026c8                DMA1_Stream5_IRQHandler
                0x00000000080026c8                PVD_IRQHandler
                0x00000000080026c8                SDIO_IRQHandler
                0x00000000080026c8                TAMP_STAMP_IRQHandler
                0x00000000080026c8                CAN2_RX1_IRQHandler
                0x00000000080026c8                TIM8_TRG_COM_TIM14_IRQHandler
                0x00000000080026c8                I2C3_ER_IRQHandler
                0x00000000080026c8                I2C2_EV_IRQHandler
                0x00000000080026c8                DMA1_Stream2_IRQHandler
                0x00000000080026c8                CAN1_RX0_IRQHandler
                0x00000000080026c8                FPU_IRQHandler
                0x00000000080026c8                OTG_HS_WKUP_IRQHandler
                0x00000000080026c8                CAN2_SCE_IRQHandler
                0x00000000080026c8                DMA2_Stream2_IRQHandler
                0x00000000080026c8                SPI1_IRQHandler
                0x00000000080026c8                TIM6_DAC_IRQHandler
                0x00000000080026c8                DCMI_IRQHandler
                0x00000000080026c8                CAN2_RX0_IRQHandler
                0x00000000080026c8                DMA2_Stream3_IRQHandler
                0x00000000080026c8                SAI2_IRQHandler
                0x00000000080026c8                USART6_IRQHandler
                0x00000000080026c8                CAN1_RX1_IRQHandler
                0x00000000080026c8                UART5_IRQHandler
                0x00000000080026c8                DMA2_Stream0_IRQHandler
                0x00000000080026c8                TIM4_IRQHandler
                0x00000000080026c8                QUADSPI_IRQHandler
                0x00000000080026c8                I2C1_EV_IRQHandler
                0x00000000080026c8                DMA1_Stream6_IRQHandler
                0x00000000080026c8                UART4_IRQHandler
                0x00000000080026c8                TIM3_IRQHandler
                0x00000000080026c8                RCC_IRQHandler
                0x00000000080026c8                TIM8_BRK_TIM12_IRQHandler
                0x00000000080026c8                Default_Handler
                0x00000000080026c8                CEC_IRQHandler
                0x00000000080026c8                ADC_IRQHandler
                0x00000000080026c8                DMA1_Stream7_IRQHandler
                0x00000000080026c8                CAN2_TX_IRQHandler
                0x00000000080026c8                TIM5_IRQHandler
                0x00000000080026c8                DMA2_Stream7_IRQHandler
                0x00000000080026c8                I2C3_EV_IRQHandler
                0x00000000080026c8                RTC_WKUP_IRQHandler
                0x00000000080026c8                SPDIF_RX_IRQHandler
                0x00000000080026c8                SPI2_IRQHandler
                0x00000000080026c8                OTG_HS_EP1_IN_IRQHandler
                0x00000000080026c8                DMA1_Stream0_IRQHandler
                0x00000000080026c8                CAN1_TX_IRQHandler
                0x00000000080026c8                FMPI2C1_ER_IRQHandler
                0x00000000080026c8                OTG_HS_EP1_OUT_IRQHandler
                0x00000000080026c8                WWDG_IRQHandler
                0x00000000080026c8                OTG_FS_WKUP_IRQHandler
                0x00000000080026c8                OTG_HS_IRQHandler
                0x00000000080026c8                USART2_IRQHandler
                0x00000000080026c8                I2C2_ER_IRQHandler
                0x00000000080026c8                DMA2_Stream1_IRQHandler
                0x00000000080026c8                CAN1_SCE_IRQHandler
                0x00000000080026c8                FLASH_IRQHandler
                0x00000000080026c8                DMA2_Stream4_IRQHandler
                0x00000000080026c8                USART1_IRQHandler
                0x00000000080026c8                OTG_FS_IRQHandler
                0x00000000080026c8                SPI3_IRQHandler
                0x00000000080026c8                DMA1_Stream4_IRQHandler
                0x00000000080026c8                I2C1_ER_IRQHandler
                0x00000000080026c8                FMC_IRQHandler
                0x00000000080026c8                DMA2_Stream6_IRQHandler
                0x00000000080026c8                SAI1_IRQHandler
 *fill*         0x00000000080026ca        0x2 
 .text.HAL_Init
                0x00000000080026cc       0x44 ./Drivers/STM32F4xx_HAL_Driver/Src/stm32f4xx_hal.o
                0x00000000080026cc                HAL_Init
 .text.HAL_InitTick
                0x0000000008002710       0x60 ./Drivers/STM32F4xx_HAL_Driver/Src/stm32f4xx_hal.o
                0x0000000008002710                HAL_InitTick
 .text.HAL_IncTick
                0x0000000008002770       0x28 ./Drivers/STM32F4xx_HAL_Driver/Src/stm32f4xx_hal.o
                0x0000000008002770                HAL_IncTick
 .text.HAL_GetTick
                0x0000000008002798       0x18 ./Drivers/STM32F4xx_HAL_Driver/Src/stm32f4xx_hal.o
                0x0000000008002798                HAL_GetTick
 .text.__NVIC_SetPriorityGrouping
                0x00000000080027b0       0x48 ./Drivers/STM32F4xx_HAL_Driver/Src/stm32f4xx_hal_cortex.o
 .text.__NVIC_GetPriorityGrouping
                0x00000000080027f8       0x1c ./Drivers/STM32F4xx_HAL_Driver/Src/stm32f4xx_hal_cortex.o
 .text.__NVIC_EnableIRQ
                0x0000000008002814       0x3c ./Drivers/STM32F4xx_HAL_Driver/Src/stm32f4xx_hal_cortex.o
 .text.__NVIC_SetPriority
                0x0000000008002850       0x54 ./Drivers/STM32F4xx_HAL_Driver/Src/stm32f4xx_hal_cortex.o
 .text.NVIC_EncodePriority
                0x00000000080028a4       0x66 ./Drivers/STM32F4xx_HAL_Driver/Src/stm32f4xx_hal_cortex.o
 *fill*         0x000000000800290a        0x2 
 .text.SysTick_Config
                0x000000000800290c       0x44 ./Drivers/STM32F4xx_HAL_Driver/Src/stm32f4xx_hal_cortex.o
 .text.HAL_NVIC_SetPriorityGrouping
                0x0000000008002950       0x16 ./Drivers/STM32F4xx_HAL_Driver/Src/stm32f4xx_hal_cortex.o
                0x0000000008002950                HAL_NVIC_SetPriorityGrouping
 .text.HAL_NVIC_SetPriority
                0x0000000008002966       0x38 ./Drivers/STM32F4xx_HAL_Driver/Src/stm32f4xx_hal_cortex.o
                0x0000000008002966                HAL_NVIC_SetPriority
 .text.HAL_NVIC_EnableIRQ
                0x000000000800299e       0x1c ./Drivers/STM32F4xx_HAL_Driver/Src/stm32f4xx_hal_cortex.o
                0x000000000800299e                HAL_NVIC_EnableIRQ
 .text.HAL_SYSTICK_Config
                0x00000000080029ba       0x18 ./Drivers/STM32F4xx_HAL_Driver/Src/stm32f4xx_hal_cortex.o
                0x00000000080029ba                HAL_SYSTICK_Config
 *fill*         0x00000000080029d2        0x2 
 .text.HAL_DMA_Init
                0x00000000080029d4      0x15c ./Drivers/STM32F4xx_HAL_Driver/Src/stm32f4xx_hal_dma.o
                0x00000000080029d4                HAL_DMA_Init
 .text.HAL_DMA_Start_IT
                0x0000000008002b30       0xb0 ./Drivers/STM32F4xx_HAL_Driver/Src/stm32f4xx_hal_dma.o
                0x0000000008002b30                HAL_DMA_Start_IT
 .text.HAL_DMA_Abort
                0x0000000008002be0       0xe0 ./Drivers/STM32F4xx_HAL_Driver/Src/stm32f4xx_hal_dma.o
                0x0000000008002be0                HAL_DMA_Abort
 .text.HAL_DMA_Abort_IT
                0x0000000008002cc0       0x44 ./Drivers/STM32F4xx_HAL_Driver/Src/stm32f4xx_hal_dma.o
                0x0000000008002cc0                HAL_DMA_Abort_IT
 .text.HAL_DMA_IRQHandler
                0x0000000008002d04      0x314 ./Drivers/STM32F4xx_HAL_Driver/Src/stm32f4xx_hal_dma.o
                0x0000000008002d04                HAL_DMA_IRQHandler
 .text.DMA_SetConfig
                0x0000000008003018       0x5c ./Drivers/STM32F4xx_HAL_Driver/Src/stm32f4xx_hal_dma.o
 .text.DMA_CalcBaseAndBitshift
                0x0000000008003074       0x6c ./Drivers/STM32F4xx_HAL_Driver/Src/stm32f4xx_hal_dma.o
 .text.DMA_CheckFifoParam
                0x00000000080030e0       0xf8 ./Drivers/STM32F4xx_HAL_Driver/Src/stm32f4xx_hal_dma.o
 .text.HAL_GPIO_Init
                0x00000000080031d8      0x328 ./Drivers/STM32F4xx_HAL_Driver/Src/stm32f4xx_hal_gpio.o
                0x00000000080031d8                HAL_GPIO_Init
 .text.HAL_GPIO_ReadPin
                0x0000000008003500       0x30 ./Drivers/STM32F4xx_HAL_Driver/Src/stm32f4xx_hal_gpio.o
                0x0000000008003500                HAL_GPIO_ReadPin
 .text.HAL_GPIO_WritePin
                0x0000000008003530       0x32 ./Drivers/STM32F4xx_HAL_Driver/Src/stm32f4xx_hal_gpio.o
                0x0000000008003530                HAL_GPIO_WritePin
 *fill*         0x0000000008003562        0x2 
 .text.HAL_GPIO_EXTI_IRQHandler
                0x0000000008003564       0x30 ./Drivers/STM32F4xx_HAL_Driver/Src/stm32f4xx_hal_gpio.o
                0x0000000008003564                HAL_GPIO_EXTI_IRQHandler
 .text.HAL_RCC_ClockConfig
                0x0000000008003594      0x1cc ./Drivers/STM32F4xx_HAL_Driver/Src/stm32f4xx_hal_rcc.o
                0x0000000008003594                HAL_RCC_ClockConfig
 .text.HAL_RCC_GetHCLKFreq
                0x0000000008003760       0x18 ./Drivers/STM32F4xx_HAL_Driver/Src/stm32f4xx_hal_rcc.o
                0x0000000008003760                HAL_RCC_GetHCLKFreq
 .text.HAL_RCC_GetPCLK1Freq
                0x0000000008003778       0x28 ./Drivers/STM32F4xx_HAL_Driver/Src/stm32f4xx_hal_rcc.o
                0x0000000008003778                HAL_RCC_GetPCLK1Freq
 .text.HAL_RCC_GetPCLK2Freq
                0x00000000080037a0       0x28 ./Drivers/STM32F4xx_HAL_Driver/Src/stm32f4xx_hal_rcc.o
                0x00000000080037a0                HAL_RCC_GetPCLK2Freq
 .text.HAL_RCC_GetSysClockFreq
                0x00000000080037c8      0x460 ./Drivers/STM32F4xx_HAL_Driver/Src/stm32f4xx_hal_rcc_ex.o
                0x00000000080037c8                HAL_RCC_GetSysClockFreq
 .text.HAL_RCC_OscConfig
                0x0000000008003c28      0x53c ./Drivers/STM32F4xx_HAL_Driver/Src/stm32f4xx_hal_rcc_ex.o
                0x0000000008003c28                HAL_RCC_OscConfig
 .text.HAL_TIM_Base_Init
                0x0000000008004164       0x9e ./Drivers/STM32F4xx_HAL_Driver/Src/stm32f4xx_hal_tim.o
                0x0000000008004164                HAL_TIM_Base_Init
 *fill*         0x0000000008004202        0x2 
 .text.HAL_TIM_Base_Start_IT
                0x0000000008004204       0xe0 ./Drivers/STM32F4xx_HAL_Driver/Src/stm32f4xx_hal_tim.o
                0x0000000008004204                HAL_TIM_Base_Start_IT
 .text.HAL_TIM_Base_Stop_IT
                0x00000000080042e4       0x5e ./Drivers/STM32F4xx_HAL_Driver/Src/stm32f4xx_hal_tim.o
                0x00000000080042e4                HAL_TIM_Base_Stop_IT
 .text.HAL_TIM_PWM_Init
                0x0000000008004342       0x9e ./Drivers/STM32F4xx_HAL_Driver/Src/stm32f4xx_hal_tim.o
                0x0000000008004342                HAL_TIM_PWM_Init
 .text.HAL_TIM_PWM_Start
                0x00000000080043e0      0x190 ./Drivers/STM32F4xx_HAL_Driver/Src/stm32f4xx_hal_tim.o
                0x00000000080043e0                HAL_TIM_PWM_Start
 .text.HAL_TIM_PWM_Start_IT
                0x0000000008004570      0x22c ./Drivers/STM32F4xx_HAL_Driver/Src/stm32f4xx_hal_tim.o
                0x0000000008004570                HAL_TIM_PWM_Start_IT
 .text.HAL_TIM_Encoder_Init
                0x000000000800479c      0x14c ./Drivers/STM32F4xx_HAL_Driver/Src/stm32f4xx_hal_tim.o
                0x000000000800479c                HAL_TIM_Encoder_Init
 .text.HAL_TIM_Encoder_Start
                0x00000000080048e8      0x11c ./Drivers/STM32F4xx_HAL_Driver/Src/stm32f4xx_hal_tim.o
                0x00000000080048e8                HAL_TIM_Encoder_Start
 .text.HAL_TIM_IRQHandler
                0x0000000008004a04      0x210 ./Drivers/STM32F4xx_HAL_Driver/Src/stm32f4xx_hal_tim.o
                0x0000000008004a04                HAL_TIM_IRQHandler
 .text.HAL_TIM_PWM_ConfigChannel
                0x0000000008004c14      0x184 ./Drivers/STM32F4xx_HAL_Driver/Src/stm32f4xx_hal_tim.o
                0x0000000008004c14                HAL_TIM_PWM_ConfigChannel
 .text.HAL_TIM_ConfigClockSource
                0x0000000008004d98      0x18e ./Drivers/STM32F4xx_HAL_Driver/Src/stm32f4xx_hal_tim.o
                0x0000000008004d98                HAL_TIM_ConfigClockSource
 .text.HAL_TIM_OC_DelayElapsedCallback
                0x0000000008004f26       0x14 ./Drivers/STM32F4xx_HAL_Driver/Src/stm32f4xx_hal_tim.o
                0x0000000008004f26                HAL_TIM_OC_DelayElapsedCallback
 .text.HAL_TIM_IC_CaptureCallback
                0x0000000008004f3a       0x14 ./Drivers/STM32F4xx_HAL_Driver/Src/stm32f4xx_hal_tim.o
                0x0000000008004f3a                HAL_TIM_IC_CaptureCallback
 .text.HAL_TIM_PWM_PulseFinishedCallback
                0x0000000008004f4e       0x14 ./Drivers/STM32F4xx_HAL_Driver/Src/stm32f4xx_hal_tim.o
                0x0000000008004f4e                HAL_TIM_PWM_PulseFinishedCallback
 .text.HAL_TIM_TriggerCallback
                0x0000000008004f62       0x14 ./Drivers/STM32F4xx_HAL_Driver/Src/stm32f4xx_hal_tim.o
                0x0000000008004f62                HAL_TIM_TriggerCallback
 *fill*         0x0000000008004f76        0x2 
 .text.TIM_Base_SetConfig
                0x0000000008004f78      0x140 ./Drivers/STM32F4xx_HAL_Driver/Src/stm32f4xx_hal_tim.o
                0x0000000008004f78                TIM_Base_SetConfig
 .text.TIM_OC1_SetConfig
                0x00000000080050b8       0xe0 ./Drivers/STM32F4xx_HAL_Driver/Src/stm32f4xx_hal_tim.o
 .text.TIM_OC2_SetConfig
                0x0000000008005198       0xec ./Drivers/STM32F4xx_HAL_Driver/Src/stm32f4xx_hal_tim.o
                0x0000000008005198                TIM_OC2_SetConfig
 .text.TIM_OC3_SetConfig
                0x0000000008005284       0xe8 ./Drivers/STM32F4xx_HAL_Driver/Src/stm32f4xx_hal_tim.o
 .text.TIM_OC4_SetConfig
                0x000000000800536c       0xac ./Drivers/STM32F4xx_HAL_Driver/Src/stm32f4xx_hal_tim.o
 .text.TIM_TI1_ConfigInputStage
                0x0000000008005418       0x5e ./Drivers/STM32F4xx_HAL_Driver/Src/stm32f4xx_hal_tim.o
 .text.TIM_TI2_ConfigInputStage
                0x0000000008005476       0x60 ./Drivers/STM32F4xx_HAL_Driver/Src/stm32f4xx_hal_tim.o
 .text.TIM_ITRx_SetConfig
                0x00000000080054d6       0x36 ./Drivers/STM32F4xx_HAL_Driver/Src/stm32f4xx_hal_tim.o
 .text.TIM_ETR_SetConfig
                0x000000000800550c       0x40 ./Drivers/STM32F4xx_HAL_Driver/Src/stm32f4xx_hal_tim.o
                0x000000000800550c                TIM_ETR_SetConfig
 .text.TIM_CCxChannelCmd
                0x000000000800554c       0x4a ./Drivers/STM32F4xx_HAL_Driver/Src/stm32f4xx_hal_tim.o
                0x000000000800554c                TIM_CCxChannelCmd
 *fill*         0x0000000008005596        0x2 
 .text.HAL_TIMEx_MasterConfigSynchronization
                0x0000000008005598       0xf8 ./Drivers/STM32F4xx_HAL_Driver/Src/stm32f4xx_hal_tim_ex.o
                0x0000000008005598                HAL_TIMEx_MasterConfigSynchronization
 .text.HAL_TIMEx_ConfigBreakDeadTime
                0x0000000008005690       0xa4 ./Drivers/STM32F4xx_HAL_Driver/Src/stm32f4xx_hal_tim_ex.o
                0x0000000008005690                HAL_TIMEx_ConfigBreakDeadTime
 .text.HAL_TIMEx_CommutCallback
                0x0000000008005734       0x14 ./Drivers/STM32F4xx_HAL_Driver/Src/stm32f4xx_hal_tim_ex.o
                0x0000000008005734                HAL_TIMEx_CommutCallback
 .text.HAL_TIMEx_BreakCallback
                0x0000000008005748       0x14 ./Drivers/STM32F4xx_HAL_Driver/Src/stm32f4xx_hal_tim_ex.o
                0x0000000008005748                HAL_TIMEx_BreakCallback
 .text.HAL_UART_Init
                0x000000000800575c       0x9a ./Drivers/STM32F4xx_HAL_Driver/Src/stm32f4xx_hal_uart.o
                0x000000000800575c                HAL_UART_Init
 .text.HAL_UART_Transmit
                0x00000000080057f6      0x124 ./Drivers/STM32F4xx_HAL_Driver/Src/stm32f4xx_hal_uart.o
                0x00000000080057f6                HAL_UART_Transmit
 *fill*         0x000000000800591a        0x2 
 .text.HAL_UART_Transmit_DMA
                0x000000000800591c       0xfc ./Drivers/STM32F4xx_HAL_Driver/Src/stm32f4xx_hal_uart.o
                0x000000000800591c                HAL_UART_Transmit_DMA
 .text.HAL_UART_Receive_DMA
                0x0000000008005a18       0x60 ./Drivers/STM32F4xx_HAL_Driver/Src/stm32f4xx_hal_uart.o
                0x0000000008005a18                HAL_UART_Receive_DMA
 .text.HAL_UART_IRQHandler
                0x0000000008005a78      0x51c ./Drivers/STM32F4xx_HAL_Driver/Src/stm32f4xx_hal_uart.o
                0x0000000008005a78                HAL_UART_IRQHandler
 .text.HAL_UART_TxHalfCpltCallback
                0x0000000008005f94       0x14 ./Drivers/STM32F4xx_HAL_Driver/Src/stm32f4xx_hal_uart.o
                0x0000000008005f94                HAL_UART_TxHalfCpltCallback
 .text.HAL_UART_RxHalfCpltCallback
                0x0000000008005fa8       0x14 ./Drivers/STM32F4xx_HAL_Driver/Src/stm32f4xx_hal_uart.o
                0x0000000008005fa8                HAL_UART_RxHalfCpltCallback
 .text.HAL_UART_ErrorCallback
                0x0000000008005fbc       0x14 ./Drivers/STM32F4xx_HAL_Driver/Src/stm32f4xx_hal_uart.o
                0x0000000008005fbc                HAL_UART_ErrorCallback
 .text.HAL_UARTEx_RxEventCallback
                0x0000000008005fd0       0x18 ./Drivers/STM32F4xx_HAL_Driver/Src/stm32f4xx_hal_uart.o
                0x0000000008005fd0                HAL_UARTEx_RxEventCallback
 .text.UART_DMATransmitCplt
                0x0000000008005fe8       0x9a ./Drivers/STM32F4xx_HAL_Driver/Src/stm32f4xx_hal_uart.o
 .text.UART_DMATxHalfCplt
                0x0000000008006082       0x1c ./Drivers/STM32F4xx_HAL_Driver/Src/stm32f4xx_hal_uart.o
 .text.UART_DMAReceiveCplt
                0x000000000800609e      0x126 ./Drivers/STM32F4xx_HAL_Driver/Src/stm32f4xx_hal_uart.o
 .text.UART_DMARxHalfCplt
                0x00000000080061c4       0x36 ./Drivers/STM32F4xx_HAL_Driver/Src/stm32f4xx_hal_uart.o
 .text.UART_DMAError
                0x00000000080061fa       0x94 ./Drivers/STM32F4xx_HAL_Driver/Src/stm32f4xx_hal_uart.o
 .text.UART_WaitOnFlagUntilTimeout
                0x000000000800628e       0xdc ./Drivers/STM32F4xx_HAL_Driver/Src/stm32f4xx_hal_uart.o
 *fill*         0x000000000800636a        0x2 
 .text.UART_Start_Receive_DMA
                0x000000000800636c      0x13c ./Drivers/STM32F4xx_HAL_Driver/Src/stm32f4xx_hal_uart.o
                0x000000000800636c                UART_Start_Receive_DMA
 .text.UART_EndTxTransfer
                0x00000000080064a8       0x50 ./Drivers/STM32F4xx_HAL_Driver/Src/stm32f4xx_hal_uart.o
 .text.UART_EndRxTransfer
                0x00000000080064f8       0xc6 ./Drivers/STM32F4xx_HAL_Driver/Src/stm32f4xx_hal_uart.o
 .text.UART_DMAAbortOnError
                0x00000000080065be       0x28 ./Drivers/STM32F4xx_HAL_Driver/Src/stm32f4xx_hal_uart.o
 .text.UART_Transmit_IT
                0x00000000080065e6       0xa0 ./Drivers/STM32F4xx_HAL_Driver/Src/stm32f4xx_hal_uart.o
 .text.UART_EndTransmit_IT
                0x0000000008006686       0x30 ./Drivers/STM32F4xx_HAL_Driver/Src/stm32f4xx_hal_uart.o
 .text.UART_Receive_IT
                0x00000000080066b6      0x176 ./Drivers/STM32F4xx_HAL_Driver/Src/stm32f4xx_hal_uart.o
 .text.UART_SetConfig
                0x000000000800682c      0x4e8 ./Drivers/STM32F4xx_HAL_Driver/Src/stm32f4xx_hal_uart.o
 .text.__libc_init_array
                0x0000000008006d14       0x48 /opt/st/stm32cubeide_1.10.1/plugins/com.st.stm32cube.ide.mcu.externaltools.gnu-tools-for-stm32.10.3-2021.10.linux64_1.0.0.202111181127/tools/bin/../lib/gcc/arm-none-eabi/10.3.1/../../../../arm-none-eabi/lib/thumb/v7e-m+fp/hard/libc_nano.a(lib_a-init.o)
                0x0000000008006d14                __libc_init_array
 .text.memset   0x0000000008006d5c       0x10 /opt/st/stm32cubeide_1.10.1/plugins/com.st.stm32cube.ide.mcu.externaltools.gnu-tools-for-stm32.10.3-2021.10.linux64_1.0.0.202111181127/tools/bin/../lib/gcc/arm-none-eabi/10.3.1/../../../../arm-none-eabi/lib/thumb/v7e-m+fp/hard/libc_nano.a(lib_a-memset.o)
                0x0000000008006d5c                memset
 *(.glue_7)
 .glue_7        0x0000000008006d6c        0x0 linker stubs
 *(.glue_7t)
 .glue_7t       0x0000000008006d6c        0x0 linker stubs
 *(.eh_frame)
 .eh_frame      0x0000000008006d6c        0x0 /opt/st/stm32cubeide_1.10.1/plugins/com.st.stm32cube.ide.mcu.externaltools.gnu-tools-for-stm32.10.3-2021.10.linux64_1.0.0.202111181127/tools/bin/../lib/gcc/arm-none-eabi/10.3.1/thumb/v7e-m+fp/hard/crtbegin.o
 *(.init)
 .init          0x0000000008006d6c        0x4 /opt/st/stm32cubeide_1.10.1/plugins/com.st.stm32cube.ide.mcu.externaltools.gnu-tools-for-stm32.10.3-2021.10.linux64_1.0.0.202111181127/tools/bin/../lib/gcc/arm-none-eabi/10.3.1/thumb/v7e-m+fp/hard/crti.o
                0x0000000008006d6c                _init
 .init          0x0000000008006d70        0x8 /opt/st/stm32cubeide_1.10.1/plugins/com.st.stm32cube.ide.mcu.externaltools.gnu-tools-for-stm32.10.3-2021.10.linux64_1.0.0.202111181127/tools/bin/../lib/gcc/arm-none-eabi/10.3.1/thumb/v7e-m+fp/hard/crtn.o
 *(.fini)
 .fini          0x0000000008006d78        0x4 /opt/st/stm32cubeide_1.10.1/plugins/com.st.stm32cube.ide.mcu.externaltools.gnu-tools-for-stm32.10.3-2021.10.linux64_1.0.0.202111181127/tools/bin/../lib/gcc/arm-none-eabi/10.3.1/thumb/v7e-m+fp/hard/crti.o
                0x0000000008006d78                _fini
 .fini          0x0000000008006d7c        0x8 /opt/st/stm32cubeide_1.10.1/plugins/com.st.stm32cube.ide.mcu.externaltools.gnu-tools-for-stm32.10.3-2021.10.linux64_1.0.0.202111181127/tools/bin/../lib/gcc/arm-none-eabi/10.3.1/thumb/v7e-m+fp/hard/crtn.o
                0x0000000008006d84                . = ALIGN (0x4)
                0x0000000008006d84                _etext = .

.vfp11_veneer   0x0000000008006d84        0x0
 .vfp11_veneer  0x0000000008006d84        0x0 linker stubs

.v4_bx          0x0000000008006d84        0x0
 .v4_bx         0x0000000008006d84        0x0 linker stubs

.iplt           0x0000000008006d84        0x0
 .iplt          0x0000000008006d84        0x0 /opt/st/stm32cubeide_1.10.1/plugins/com.st.stm32cube.ide.mcu.externaltools.gnu-tools-for-stm32.10.3-2021.10.linux64_1.0.0.202111181127/tools/bin/../lib/gcc/arm-none-eabi/10.3.1/thumb/v7e-m+fp/hard/crtbegin.o

.rodata         0x0000000008006d84       0x20
                0x0000000008006d84                . = ALIGN (0x4)
 *(.rodata)
 *(.rodata*)
 .rodata.AHBPrescTable
                0x0000000008006d84       0x10 ./Core/Src/system_stm32f4xx.o
                0x0000000008006d84                AHBPrescTable
 .rodata.APBPrescTable
                0x0000000008006d94        0x8 ./Core/Src/system_stm32f4xx.o
                0x0000000008006d94                APBPrescTable
 .rodata.flagBitshiftOffset.0
                0x0000000008006d9c        0x8 ./Drivers/STM32F4xx_HAL_Driver/Src/stm32f4xx_hal_dma.o
                0x0000000008006da4                . = ALIGN (0x4)

.ARM.extab      0x0000000008006da4        0x0
                0x0000000008006da4                . = ALIGN (0x4)
 *(.ARM.extab* .gnu.linkonce.armextab.*)
                0x0000000008006da4                . = ALIGN (0x4)

.ARM            0x0000000008006da4        0x8
                0x0000000008006da4                . = ALIGN (0x4)
                0x0000000008006da4                __exidx_start = .
 *(.ARM.exidx*)
 .ARM.exidx     0x0000000008006da4        0x8 /opt/st/stm32cubeide_1.10.1/plugins/com.st.stm32cube.ide.mcu.externaltools.gnu-tools-for-stm32.10.3-2021.10.linux64_1.0.0.202111181127/tools/bin/../lib/gcc/arm-none-eabi/10.3.1/thumb/v7e-m+fp/hard/libgcc.a(_udivmoddi4.o)
                0x0000000008006dac                __exidx_end = .
                0x0000000008006dac                . = ALIGN (0x4)

.rel.dyn        0x0000000008006dac        0x0
 .rel.iplt      0x0000000008006dac        0x0 /opt/st/stm32cubeide_1.10.1/plugins/com.st.stm32cube.ide.mcu.externaltools.gnu-tools-for-stm32.10.3-2021.10.linux64_1.0.0.202111181127/tools/bin/../lib/gcc/arm-none-eabi/10.3.1/thumb/v7e-m+fp/hard/crtbegin.o

.preinit_array  0x0000000008006dac        0x0
                0x0000000008006dac                . = ALIGN (0x4)
                0x0000000008006dac                PROVIDE (__preinit_array_start = .)
 *(.preinit_array*)
                0x0000000008006dac                PROVIDE (__preinit_array_end = .)
                0x0000000008006dac                . = ALIGN (0x4)

.init_array     0x0000000008006dac        0x8
                0x0000000008006dac                . = ALIGN (0x4)
                0x0000000008006dac                PROVIDE (__init_array_start = .)
 *(SORT_BY_NAME(.init_array.*))
 *(.init_array*)
 .init_array    0x0000000008006dac        0x4 /opt/st/stm32cubeide_1.10.1/plugins/com.st.stm32cube.ide.mcu.externaltools.gnu-tools-for-stm32.10.3-2021.10.linux64_1.0.0.202111181127/tools/bin/../lib/gcc/arm-none-eabi/10.3.1/thumb/v7e-m+fp/hard/crtbegin.o
 .init_array    0x0000000008006db0        0x4 ./Core/Src/motor.o
                0x0000000008006db4                PROVIDE (__init_array_end = .)
                0x0000000008006db4                . = ALIGN (0x4)

.fini_array     0x0000000008006db4        0x4
                0x0000000008006db4                . = ALIGN (0x4)
                [!provide]                        PROVIDE (__fini_array_start = .)
 *(SORT_BY_NAME(.fini_array.*))
 *(.fini_array*)
 .fini_array    0x0000000008006db4        0x4 /opt/st/stm32cubeide_1.10.1/plugins/com.st.stm32cube.ide.mcu.externaltools.gnu-tools-for-stm32.10.3-2021.10.linux64_1.0.0.202111181127/tools/bin/../lib/gcc/arm-none-eabi/10.3.1/thumb/v7e-m+fp/hard/crtbegin.o
                [!provide]                        PROVIDE (__fini_array_end = .)
                0x0000000008006db8                . = ALIGN (0x4)
                0x0000000008006db8                _sidata = LOADADDR (.data)

.data           0x0000000020000000      0x1a8 load address 0x0000000008006db8
                0x0000000020000000                . = ALIGN (0x4)
                0x0000000020000000                _sdata = .
 *(.data)
 *(.data*)
 .data.reflectime
                0x0000000020000000        0x2 ./Core/Src/UART_servo.o
                0x0000000020000000                reflectime
 *fill*         0x0000000020000002        0x2 
 .data.Arms     0x0000000020000004       0x60 ./Core/Src/UART_servo.o
                0x0000000020000004                Arms
 .data.getball_pos1
                0x0000000020000064        0x4 ./Core/Src/UART_servo.o
                0x0000000020000064                getball_pos1
 .data.getball_pos2
                0x0000000020000068        0x4 ./Core/Src/UART_servo.o
                0x0000000020000068                getball_pos2
 .data.putball_rail_pos1
                0x000000002000006c        0x4 ./Core/Src/UART_servo.o
                0x000000002000006c                putball_rail_pos1
 .data.putball_rail_pos2
                0x0000000020000070        0x4 ./Core/Src/UART_servo.o
                0x0000000020000070                putball_rail_pos2
 .data.putball_TDKbox_pos1
                0x0000000020000074        0x4 ./Core/Src/UART_servo.o
                0x0000000020000074                putball_TDKbox_pos1
 .data.putball_TDKbox_pos2
                0x0000000020000078        0x4 ./Core/Src/UART_servo.o
                0x0000000020000078                putball_TDKbox_pos2
 .data.close_pos
                0x000000002000007c        0x2 ./Core/Src/UART_servo.o
                0x000000002000007c                close_pos
 .data.open_angle
                0x000000002000007e        0x2 ./Core/Src/UART_servo.o
                0x000000002000007e                open_angle
 .data.ki       0x0000000020000080        0x4 ./Core/Src/motor.o
                0x0000000020000080                ki
 .data.kp       0x0000000020000084        0x4 ./Core/Src/motor.o
                0x0000000020000084                kp
 .data.arr      0x0000000020000088        0x4 ./Core/Src/motor.o
                0x0000000020000088                arr
 .data.span     0x000000002000008c        0x4 ./Core/Src/motor.o
                0x000000002000008c                span
 .data.lifter_speed
                0x0000000020000090        0x4 ./Core/Src/motor.o
                0x0000000020000090                lifter_speed
 .data.PID_controllers
                0x0000000020000094       0x58 ./Core/Src/motor.o
                0x0000000020000094                PID_controllers
 .data.lifters  0x00000000200000ec       0x30 ./Core/Src/motor.o
                0x00000000200000ec                lifters
 .data.responseTime
                0x000000002000011c        0x4 ./Core/Src/servo.o
                0x000000002000011c                responseTime
 .data.servoAngle
                0x0000000020000120        0xc ./Core/Src/servo.o
                0x0000000020000120                servoAngle
 .data.servoFR  0x000000002000012c       0x1c ./Core/Src/servo.o
                0x000000002000012c                servoFR
 .data.servoBR  0x0000000020000148       0x1c ./Core/Src/servo.o
                0x0000000020000148                servoBR
 .data.servoFM  0x0000000020000164       0x1c ./Core/Src/servo.o
                0x0000000020000164                servoFM
 .data.servoBM  0x0000000020000180       0x1c ./Core/Src/servo.o
                0x0000000020000180                servoBM
 .data.SystemCoreClock
                0x000000002000019c        0x4 ./Core/Src/system_stm32f4xx.o
                0x000000002000019c                SystemCoreClock
 .data.uwTickPrio
                0x00000000200001a0        0x4 ./Drivers/STM32F4xx_HAL_Driver/Src/stm32f4xx_hal.o
                0x00000000200001a0                uwTickPrio
 .data.uwTickFreq
                0x00000000200001a4        0x1 ./Drivers/STM32F4xx_HAL_Driver/Src/stm32f4xx_hal.o
                0x00000000200001a4                uwTickFreq
 *(.RamFunc)
 *(.RamFunc*)
                0x00000000200001a8                . = ALIGN (0x4)
 *fill*         0x00000000200001a5        0x3 
                0x00000000200001a8                _edata = .

.igot.plt       0x00000000200001a8        0x0 load address 0x0000000008006f60
 .igot.plt      0x00000000200001a8        0x0 /opt/st/stm32cubeide_1.10.1/plugins/com.st.stm32cube.ide.mcu.externaltools.gnu-tools-for-stm32.10.3-2021.10.linux64_1.0.0.202111181127/tools/bin/../lib/gcc/arm-none-eabi/10.3.1/thumb/v7e-m+fp/hard/crtbegin.o
                0x00000000200001a8                . = ALIGN (0x4)

.bss            0x00000000200001a8      0x4a0 load address 0x0000000008006f60
                0x00000000200001a8                _sbss = .
                0x00000000200001a8                __bss_start__ = _sbss
 *(.bss)
 .bss           0x00000000200001a8       0x1c /opt/st/stm32cubeide_1.10.1/plugins/com.st.stm32cube.ide.mcu.externaltools.gnu-tools-for-stm32.10.3-2021.10.linux64_1.0.0.202111181127/tools/bin/../lib/gcc/arm-none-eabi/10.3.1/thumb/v7e-m+fp/hard/crtbegin.o
 *(.bss*)
 .bss.Checksum_Calc
                0x00000000200001c4        0x4 ./Core/Src/UART_servo.o
                0x00000000200001c4                Checksum_Calc
 .bss.buffer_TX
                0x00000000200001c8       0x10 ./Core/Src/communication.o
                0x00000000200001c8                buffer_TX
 .bss.buffer_RX
                0x00000000200001d8        0x1 ./Core/Src/communication.o
                0x00000000200001d8                buffer_RX
 .bss.arrive    0x00000000200001d9        0x1 ./Core/Src/communication.o
                0x00000000200001d9                arrive
 *fill*         0x00000000200001da        0x2 
 .bss.rx        0x00000000200001dc        0x4 ./Core/Src/communication.o
                0x00000000200001dc                rx
 .bss.tx        0x00000000200001e0        0x4 ./Core/Src/communication.o
                0x00000000200001e0                tx
 .bss.htim1     0x00000000200001e4       0x48 ./Core/Src/main.o
                0x00000000200001e4                htim1
 .bss.htim2     0x000000002000022c       0x48 ./Core/Src/main.o
                0x000000002000022c                htim2
 .bss.htim3     0x0000000020000274       0x48 ./Core/Src/main.o
                0x0000000020000274                htim3
 .bss.htim5     0x00000000200002bc       0x48 ./Core/Src/main.o
                0x00000000200002bc                htim5
 .bss.htim7     0x0000000020000304       0x48 ./Core/Src/main.o
                0x0000000020000304                htim7
 .bss.htim9     0x000000002000034c       0x48 ./Core/Src/main.o
                0x000000002000034c                htim9
 .bss.htim10    0x0000000020000394       0x48 ./Core/Src/main.o
                0x0000000020000394                htim10
 .bss.htim11    0x00000000200003dc       0x48 ./Core/Src/main.o
                0x00000000200003dc                htim11
 .bss.htim12    0x0000000020000424       0x48 ./Core/Src/main.o
                0x0000000020000424                htim12
 .bss.htim13    0x000000002000046c       0x48 ./Core/Src/main.o
                0x000000002000046c                htim13
 .bss.huart5    0x00000000200004b4       0x44 ./Core/Src/main.o
                0x00000000200004b4                huart5
 .bss.huart3    0x00000000200004f8       0x44 ./Core/Src/main.o
                0x00000000200004f8                huart3
 .bss.hdma_usart3_rx
                0x000000002000053c       0x60 ./Core/Src/main.o
                0x000000002000053c                hdma_usart3_rx
 .bss.hdma_usart3_tx
                0x000000002000059c       0x60 ./Core/Src/main.o
                0x000000002000059c                hdma_usart3_tx
 .bss.delay_count
                0x00000000200005fc        0x4 ./Core/Src/mainpp.o
                0x00000000200005fc                delay_count
 .bss.divide_10_count
                0x0000000020000600        0x4 ./Core/Src/mainpp.o
                0x0000000020000600                divide_10_count
 .bss.divide_100_count
                0x0000000020000604        0x4 ./Core/Src/mainpp.o
                0x0000000020000604                divide_100_count
 .bss.timer     0x0000000020000608        0x4 ./Core/Src/mainpp.o
                0x0000000020000608                timer
 .bss.k         0x000000002000060c        0x4 ./Core/Src/mainpp.o
                0x000000002000060c                k
 .bss.test      0x0000000020000610        0x4 ./Core/Src/mainpp.o
                0x0000000020000610                test
 .bss.statusData
                0x0000000020000614       0x10 ./Core/Src/mission.o
                0x0000000020000614                statusData
 .bss.sp        0x0000000020000624        0x8 ./Core/Src/motor.o
                0x0000000020000624                sp
 .bss.sp_test   0x000000002000062c        0x8 ./Core/Src/motor.o
                0x000000002000062c                sp_test
 .bss.y         0x0000000020000634        0xc ./Core/Src/motor.o
                0x0000000020000634                y
 .bss.t         0x0000000020000640        0x4 ./Core/Src/servo.o
                0x0000000020000640                t
 .bss.uwTick    0x0000000020000644        0x4 ./Drivers/STM32F4xx_HAL_Driver/Src/stm32f4xx_hal.o
                0x0000000020000644                uwTick
 *(COMMON)
                0x0000000020000648                . = ALIGN (0x4)
                0x0000000020000648                _ebss = .
                0x0000000020000648                __bss_end__ = _ebss

._user_heap_stack
                0x0000000020000648      0x600 load address 0x0000000008006f60
                0x0000000020000648                . = ALIGN (0x8)
                [!provide]                        PROVIDE (end = .)
                0x0000000020000648                PROVIDE (_end = .)
                0x0000000020000848                . = (. + _Min_Heap_Size)
 *fill*         0x0000000020000648      0x200 
                0x0000000020000c48                . = (. + _Min_Stack_Size)
 *fill*         0x0000000020000848      0x400 
                0x0000000020000c48                . = ALIGN (0x8)

/DISCARD/
 libc.a(*)
 libm.a(*)
 libgcc.a(*)

.ARM.attributes
                0x0000000000000000       0x30
 *(.ARM.attributes)
 .ARM.attributes
                0x0000000000000000       0x1e /opt/st/stm32cubeide_1.10.1/plugins/com.st.stm32cube.ide.mcu.externaltools.gnu-tools-for-stm32.10.3-2021.10.linux64_1.0.0.202111181127/tools/bin/../lib/gcc/arm-none-eabi/10.3.1/thumb/v7e-m+fp/hard/crti.o
 .ARM.attributes
                0x000000000000001e       0x34 /opt/st/stm32cubeide_1.10.1/plugins/com.st.stm32cube.ide.mcu.externaltools.gnu-tools-for-stm32.10.3-2021.10.linux64_1.0.0.202111181127/tools/bin/../lib/gcc/arm-none-eabi/10.3.1/thumb/v7e-m+fp/hard/crtbegin.o
 .ARM.attributes
                0x0000000000000052       0x34 ./Core/Src/UART_servo.o
 .ARM.attributes
                0x0000000000000086       0x34 ./Core/Src/communication.o
 .ARM.attributes
                0x00000000000000ba       0x34 ./Core/Src/main.o
 .ARM.attributes
                0x00000000000000ee       0x34 ./Core/Src/mainpp.o
 .ARM.attributes
                0x0000000000000122       0x34 ./Core/Src/mission.o
 .ARM.attributes
                0x0000000000000156       0x34 ./Core/Src/motor.o
 .ARM.attributes
                0x000000000000018a       0x34 ./Core/Src/servo.o
 .ARM.attributes
                0x00000000000001be       0x34 ./Core/Src/stm32f4xx_hal_msp.o
 .ARM.attributes
                0x00000000000001f2       0x34 ./Core/Src/stm32f4xx_it.o
 .ARM.attributes
                0x0000000000000226       0x34 ./Core/Src/system_stm32f4xx.o
 .ARM.attributes
                0x000000000000025a       0x21 ./Core/Startup/startup_stm32f446retx.o
 .ARM.attributes
                0x000000000000027b       0x34 ./Drivers/STM32F4xx_HAL_Driver/Src/stm32f4xx_hal.o
 .ARM.attributes
                0x00000000000002af       0x34 ./Drivers/STM32F4xx_HAL_Driver/Src/stm32f4xx_hal_cortex.o
 .ARM.attributes
                0x00000000000002e3       0x34 ./Drivers/STM32F4xx_HAL_Driver/Src/stm32f4xx_hal_dma.o
 .ARM.attributes
                0x0000000000000317       0x34 ./Drivers/STM32F4xx_HAL_Driver/Src/stm32f4xx_hal_gpio.o
 .ARM.attributes
                0x000000000000034b       0x34 ./Drivers/STM32F4xx_HAL_Driver/Src/stm32f4xx_hal_rcc.o
 .ARM.attributes
                0x000000000000037f       0x34 ./Drivers/STM32F4xx_HAL_Driver/Src/stm32f4xx_hal_rcc_ex.o
 .ARM.attributes
                0x00000000000003b3       0x34 ./Drivers/STM32F4xx_HAL_Driver/Src/stm32f4xx_hal_tim.o
 .ARM.attributes
                0x00000000000003e7       0x34 ./Drivers/STM32F4xx_HAL_Driver/Src/stm32f4xx_hal_tim_ex.o
 .ARM.attributes
                0x000000000000041b       0x34 ./Drivers/STM32F4xx_HAL_Driver/Src/stm32f4xx_hal_uart.o
 .ARM.attributes
                0x000000000000044f       0x34 /opt/st/stm32cubeide_1.10.1/plugins/com.st.stm32cube.ide.mcu.externaltools.gnu-tools-for-stm32.10.3-2021.10.linux64_1.0.0.202111181127/tools/bin/../lib/gcc/arm-none-eabi/10.3.1/../../../../arm-none-eabi/lib/thumb/v7e-m+fp/hard/libc_nano.a(lib_a-init.o)
 .ARM.attributes
                0x0000000000000483       0x34 /opt/st/stm32cubeide_1.10.1/plugins/com.st.stm32cube.ide.mcu.externaltools.gnu-tools-for-stm32.10.3-2021.10.linux64_1.0.0.202111181127/tools/bin/../lib/gcc/arm-none-eabi/10.3.1/../../../../arm-none-eabi/lib/thumb/v7e-m+fp/hard/libc_nano.a(lib_a-memset.o)
 .ARM.attributes
                0x00000000000004b7       0x1e /opt/st/stm32cubeide_1.10.1/plugins/com.st.stm32cube.ide.mcu.externaltools.gnu-tools-for-stm32.10.3-2021.10.linux64_1.0.0.202111181127/tools/bin/../lib/gcc/arm-none-eabi/10.3.1/thumb/v7e-m+fp/hard/libgcc.a(_aeabi_uldivmod.o)
 .ARM.attributes
                0x00000000000004d5       0x34 /opt/st/stm32cubeide_1.10.1/plugins/com.st.stm32cube.ide.mcu.externaltools.gnu-tools-for-stm32.10.3-2021.10.linux64_1.0.0.202111181127/tools/bin/../lib/gcc/arm-none-eabi/10.3.1/thumb/v7e-m+fp/hard/libgcc.a(_udivmoddi4.o)
 .ARM.attributes
                0x0000000000000509       0x1e /opt/st/stm32cubeide_1.10.1/plugins/com.st.stm32cube.ide.mcu.externaltools.gnu-tools-for-stm32.10.3-2021.10.linux64_1.0.0.202111181127/tools/bin/../lib/gcc/arm-none-eabi/10.3.1/thumb/v7e-m+fp/hard/libgcc.a(_dvmd_tls.o)
 .ARM.attributes
                0x0000000000000527       0x1e /opt/st/stm32cubeide_1.10.1/plugins/com.st.stm32cube.ide.mcu.externaltools.gnu-tools-for-stm32.10.3-2021.10.linux64_1.0.0.202111181127/tools/bin/../lib/gcc/arm-none-eabi/10.3.1/thumb/v7e-m+fp/hard/crtn.o
OUTPUT(TDK_Mission (1).elf elf32-littlearm)
LOAD linker stubs
LOAD /opt/st/stm32cubeide_1.10.1/plugins/com.st.stm32cube.ide.mcu.externaltools.gnu-tools-for-stm32.10.3-2021.10.linux64_1.0.0.202111181127/tools/bin/../lib/gcc/arm-none-eabi/10.3.1/../../../../arm-none-eabi/lib/thumb/v7e-m+fp/hard/libc.a
LOAD /opt/st/stm32cubeide_1.10.1/plugins/com.st.stm32cube.ide.mcu.externaltools.gnu-tools-for-stm32.10.3-2021.10.linux64_1.0.0.202111181127/tools/bin/../lib/gcc/arm-none-eabi/10.3.1/../../../../arm-none-eabi/lib/thumb/v7e-m+fp/hard/libm.a
LOAD /opt/st/stm32cubeide_1.10.1/plugins/com.st.stm32cube.ide.mcu.externaltools.gnu-tools-for-stm32.10.3-2021.10.linux64_1.0.0.202111181127/tools/bin/../lib/gcc/arm-none-eabi/10.3.1/thumb/v7e-m+fp/hard/libgcc.a

.debug_info     0x0000000000000000    0x176aa
 .debug_info    0x0000000000000000     0x2236 ./Core/Src/UART_servo.o
 .debug_info    0x0000000000002236     0x1082 ./Core/Src/communication.o
 .debug_info    0x00000000000032b8     0x184c ./Core/Src/main.o
 .debug_info    0x0000000000004b04     0x14e6 ./Core/Src/mainpp.o
 .debug_info    0x0000000000005fea     0x13d9 ./Core/Src/mission.o
 .debug_info    0x00000000000073c3     0x24aa ./Core/Src/motor.o
 .debug_info    0x000000000000986d      0x9ff ./Core/Src/servo.o
 .debug_info    0x000000000000a26c     0x134b ./Core/Src/stm32f4xx_hal_msp.o
 .debug_info    0x000000000000b5b7      0xb6d ./Core/Src/stm32f4xx_it.o
 .debug_info    0x000000000000c124      0x55b ./Core/Src/system_stm32f4xx.o
 .debug_info    0x000000000000c67f       0x22 ./Core/Startup/startup_stm32f446retx.o
 .debug_info    0x000000000000c6a1      0x9d2 ./Drivers/STM32F4xx_HAL_Driver/Src/stm32f4xx_hal.o
 .debug_info    0x000000000000d073      0xe39 ./Drivers/STM32F4xx_HAL_Driver/Src/stm32f4xx_hal_cortex.o
 .debug_info    0x000000000000deac      0x94f ./Drivers/STM32F4xx_HAL_Driver/Src/stm32f4xx_hal_dma.o
 .debug_info    0x000000000000e7fb      0x7be ./Drivers/STM32F4xx_HAL_Driver/Src/stm32f4xx_hal_gpio.o
 .debug_info    0x000000000000efb9      0x9ab ./Drivers/STM32F4xx_HAL_Driver/Src/stm32f4xx_hal_rcc.o
 .debug_info    0x000000000000f964      0x9ec ./Drivers/STM32F4xx_HAL_Driver/Src/stm32f4xx_hal_rcc_ex.o
 .debug_info    0x0000000000010350     0x2bbe ./Drivers/STM32F4xx_HAL_Driver/Src/stm32f4xx_hal_tim.o
 .debug_info    0x0000000000012f0e     0x15e0 ./Drivers/STM32F4xx_HAL_Driver/Src/stm32f4xx_hal_tim_ex.o
 .debug_info    0x00000000000144ee     0x31bc ./Drivers/STM32F4xx_HAL_Driver/Src/stm32f4xx_hal_uart.o

.debug_abbrev   0x0000000000000000     0x2ed9
 .debug_abbrev  0x0000000000000000      0x2ce ./Core/Src/UART_servo.o
 .debug_abbrev  0x00000000000002ce      0x2b2 ./Core/Src/communication.o
 .debug_abbrev  0x0000000000000580      0x2da ./Core/Src/main.o
 .debug_abbrev  0x000000000000085a      0x2fc ./Core/Src/mainpp.o
 .debug_abbrev  0x0000000000000b56      0x343 ./Core/Src/mission.o
 .debug_abbrev  0x0000000000000e99      0x373 ./Core/Src/motor.o
 .debug_abbrev  0x000000000000120c      0x1eb ./Core/Src/servo.o
 .debug_abbrev  0x00000000000013f7      0x263 ./Core/Src/stm32f4xx_hal_msp.o
 .debug_abbrev  0x000000000000165a      0x1ba ./Core/Src/stm32f4xx_it.o
 .debug_abbrev  0x0000000000001814      0x116 ./Core/Src/system_stm32f4xx.o
 .debug_abbrev  0x000000000000192a       0x12 ./Core/Startup/startup_stm32f446retx.o
 .debug_abbrev  0x000000000000193c      0x20d ./Drivers/STM32F4xx_HAL_Driver/Src/stm32f4xx_hal.o
 .debug_abbrev  0x0000000000001b49      0x316 ./Drivers/STM32F4xx_HAL_Driver/Src/stm32f4xx_hal_cortex.o
 .debug_abbrev  0x0000000000001e5f      0x25b ./Drivers/STM32F4xx_HAL_Driver/Src/stm32f4xx_hal_dma.o
 .debug_abbrev  0x00000000000020ba      0x1c4 ./Drivers/STM32F4xx_HAL_Driver/Src/stm32f4xx_hal_gpio.o
 .debug_abbrev  0x000000000000227e      0x2aa ./Drivers/STM32F4xx_HAL_Driver/Src/stm32f4xx_hal_rcc.o
 .debug_abbrev  0x0000000000002528      0x1fb ./Drivers/STM32F4xx_HAL_Driver/Src/stm32f4xx_hal_rcc_ex.o
 .debug_abbrev  0x0000000000002723      0x25d ./Drivers/STM32F4xx_HAL_Driver/Src/stm32f4xx_hal_tim.o
 .debug_abbrev  0x0000000000002980      0x265 ./Drivers/STM32F4xx_HAL_Driver/Src/stm32f4xx_hal_tim_ex.o
 .debug_abbrev  0x0000000000002be5      0x2f4 ./Drivers/STM32F4xx_HAL_Driver/Src/stm32f4xx_hal_uart.o

.debug_aranges  0x0000000000000000      0xf80
 .debug_aranges
                0x0000000000000000       0x70 ./Core/Src/UART_servo.o
 .debug_aranges
                0x0000000000000070       0x48 ./Core/Src/communication.o
 .debug_aranges
                0x00000000000000b8       0xa8 ./Core/Src/main.o
 .debug_aranges
                0x0000000000000160       0x50 ./Core/Src/mainpp.o
 .debug_aranges
                0x00000000000001b0       0x58 ./Core/Src/mission.o
 .debug_aranges
                0x0000000000000208       0x70 ./Core/Src/motor.o
 .debug_aranges
                0x0000000000000278       0x48 ./Core/Src/servo.o
 .debug_aranges
                0x00000000000002c0       0x68 ./Core/Src/stm32f4xx_hal_msp.o
 .debug_aranges
                0x0000000000000328       0xe0 ./Core/Src/stm32f4xx_it.o
 .debug_aranges
                0x0000000000000408       0x28 ./Core/Src/system_stm32f4xx.o
 .debug_aranges
                0x0000000000000430       0x28 ./Core/Startup/startup_stm32f446retx.o
 .debug_aranges
                0x0000000000000458       0xf0 ./Drivers/STM32F4xx_HAL_Driver/Src/stm32f4xx_hal.o
 .debug_aranges
                0x0000000000000548      0x118 ./Drivers/STM32F4xx_HAL_Driver/Src/stm32f4xx_hal_cortex.o
 .debug_aranges
                0x0000000000000660       0x90 ./Drivers/STM32F4xx_HAL_Driver/Src/stm32f4xx_hal_dma.o
 .debug_aranges
                0x00000000000006f0       0x58 ./Drivers/STM32F4xx_HAL_Driver/Src/stm32f4xx_hal_gpio.o
 .debug_aranges
                0x0000000000000748       0x88 ./Drivers/STM32F4xx_HAL_Driver/Src/stm32f4xx_hal_rcc.o
 .debug_aranges
                0x00000000000007d0       0x78 ./Drivers/STM32F4xx_HAL_Driver/Src/stm32f4xx_hal_rcc_ex.o
 .debug_aranges
                0x0000000000000848      0x3d0 ./Drivers/STM32F4xx_HAL_Driver/Src/stm32f4xx_hal_tim.o
 .debug_aranges
                0x0000000000000c18      0x168 ./Drivers/STM32F4xx_HAL_Driver/Src/stm32f4xx_hal_tim_ex.o
 .debug_aranges
                0x0000000000000d80      0x200 ./Drivers/STM32F4xx_HAL_Driver/Src/stm32f4xx_hal_uart.o

.debug_ranges   0x0000000000000000      0xe78
 .debug_ranges  0x0000000000000000       0x60 ./Core/Src/UART_servo.o
 .debug_ranges  0x0000000000000060       0x38 ./Core/Src/communication.o
 .debug_ranges  0x0000000000000098       0x98 ./Core/Src/main.o
 .debug_ranges  0x0000000000000130       0x40 ./Core/Src/mainpp.o
 .debug_ranges  0x0000000000000170       0x48 ./Core/Src/mission.o
 .debug_ranges  0x00000000000001b8       0x60 ./Core/Src/motor.o
 .debug_ranges  0x0000000000000218       0x38 ./Core/Src/servo.o
 .debug_ranges  0x0000000000000250       0x58 ./Core/Src/stm32f4xx_hal_msp.o
 .debug_ranges  0x00000000000002a8       0xd0 ./Core/Src/stm32f4xx_it.o
 .debug_ranges  0x0000000000000378       0x18 ./Core/Src/system_stm32f4xx.o
 .debug_ranges  0x0000000000000390       0x20 ./Core/Startup/startup_stm32f446retx.o
 .debug_ranges  0x00000000000003b0       0xe0 ./Drivers/STM32F4xx_HAL_Driver/Src/stm32f4xx_hal.o
 .debug_ranges  0x0000000000000490      0x108 ./Drivers/STM32F4xx_HAL_Driver/Src/stm32f4xx_hal_cortex.o
 .debug_ranges  0x0000000000000598       0x80 ./Drivers/STM32F4xx_HAL_Driver/Src/stm32f4xx_hal_dma.o
 .debug_ranges  0x0000000000000618       0x48 ./Drivers/STM32F4xx_HAL_Driver/Src/stm32f4xx_hal_gpio.o
 .debug_ranges  0x0000000000000660       0x78 ./Drivers/STM32F4xx_HAL_Driver/Src/stm32f4xx_hal_rcc.o
 .debug_ranges  0x00000000000006d8       0x68 ./Drivers/STM32F4xx_HAL_Driver/Src/stm32f4xx_hal_rcc_ex.o
 .debug_ranges  0x0000000000000740      0x3c0 ./Drivers/STM32F4xx_HAL_Driver/Src/stm32f4xx_hal_tim.o
 .debug_ranges  0x0000000000000b00      0x158 ./Drivers/STM32F4xx_HAL_Driver/Src/stm32f4xx_hal_tim_ex.o
 .debug_ranges  0x0000000000000c58      0x220 ./Drivers/STM32F4xx_HAL_Driver/Src/stm32f4xx_hal_uart.o

.debug_macro    0x0000000000000000    0x253cb
 .debug_macro   0x0000000000000000      0x323 ./Core/Src/UART_servo.o
 .debug_macro   0x0000000000000323      0xb50 ./Core/Src/UART_servo.o
 .debug_macro   0x0000000000000e73      0x29b ./Core/Src/UART_servo.o
 .debug_macro   0x000000000000110e       0x2e ./Core/Src/UART_servo.o
 .debug_macro   0x000000000000113c       0x28 ./Core/Src/UART_servo.o
 .debug_macro   0x0000000000001164       0x1c ./Core/Src/UART_servo.o
 .debug_macro   0x0000000000001180       0x22 ./Core/Src/UART_servo.o
 .debug_macro   0x00000000000011a2       0x8e ./Core/Src/UART_servo.o
 .debug_macro   0x0000000000001230       0x51 ./Core/Src/UART_servo.o
 .debug_macro   0x0000000000001281      0x103 ./Core/Src/UART_servo.o
 .debug_macro   0x0000000000001384       0x6a ./Core/Src/UART_servo.o
 .debug_macro   0x00000000000013ee      0x1df ./Core/Src/UART_servo.o
 .debug_macro   0x00000000000015cd       0x1c ./Core/Src/UART_servo.o
 .debug_macro   0x00000000000015e9       0x22 ./Core/Src/UART_servo.o
 .debug_macro   0x000000000000160b       0xd9 ./Core/Src/UART_servo.o
 .debug_macro   0x00000000000016e4     0x102d ./Core/Src/UART_servo.o
 .debug_macro   0x0000000000002711      0x11f ./Core/Src/UART_servo.o
 .debug_macro   0x0000000000002830    0x16749 ./Core/Src/UART_servo.o
 .debug_macro   0x0000000000018f79       0x6d ./Core/Src/UART_servo.o
 .debug_macro   0x0000000000018fe6     0x367e ./Core/Src/UART_servo.o
 .debug_macro   0x000000000001c664      0x17b ./Core/Src/UART_servo.o
 .debug_macro   0x000000000001c7df       0x5c ./Core/Src/UART_servo.o
 .debug_macro   0x000000000001c83b      0xc90 ./Core/Src/UART_servo.o
 .debug_macro   0x000000000001d4cb      0x9fe ./Core/Src/UART_servo.o
 .debug_macro   0x000000000001dec9      0x115 ./Core/Src/UART_servo.o
 .debug_macro   0x000000000001dfde      0x1a0 ./Core/Src/UART_servo.o
 .debug_macro   0x000000000001e17e       0xa5 ./Core/Src/UART_servo.o
 .debug_macro   0x000000000001e223      0x16d ./Core/Src/UART_servo.o
 .debug_macro   0x000000000001e390      0x287 ./Core/Src/UART_servo.o
 .debug_macro   0x000000000001e617       0x5f ./Core/Src/UART_servo.o
 .debug_macro   0x000000000001e676      0x236 ./Core/Src/UART_servo.o
 .debug_macro   0x000000000001e8ac      0x132 ./Core/Src/UART_servo.o
 .debug_macro   0x000000000001e9de      0x29c ./Core/Src/UART_servo.o
 .debug_macro   0x000000000001ec7a       0x2e ./Core/Src/UART_servo.o
 .debug_macro   0x000000000001eca8      0x11a ./Core/Src/UART_servo.o
 .debug_macro   0x000000000001edc2       0xe8 ./Core/Src/UART_servo.o
 .debug_macro   0x000000000001eeaa       0x89 ./Core/Src/UART_servo.o
 .debug_macro   0x000000000001ef33      0x8e6 ./Core/Src/UART_servo.o
 .debug_macro   0x000000000001f819       0x4d ./Core/Src/UART_servo.o
 .debug_macro   0x000000000001f866      0x295 ./Core/Src/UART_servo.o
 .debug_macro   0x000000000001fafb      0x126 ./Core/Src/UART_servo.o
 .debug_macro   0x000000000001fc21      0x18a ./Core/Src/UART_servo.o
 .debug_macro   0x000000000001fdab       0x10 ./Core/Src/UART_servo.o
 .debug_macro   0x000000000001fdbb      0x3d1 ./Core/Src/UART_servo.o
 .debug_macro   0x000000000002018c       0x18 ./Core/Src/UART_servo.o
 .debug_macro   0x00000000000201a4       0x52 ./Core/Src/UART_servo.o
 .debug_macro   0x00000000000201f6       0x1e ./Core/Src/UART_servo.o
 .debug_macro   0x0000000000020214       0x3c ./Core/Src/UART_servo.o
 .debug_macro   0x0000000000020250       0x34 ./Core/Src/UART_servo.o
 .debug_macro   0x0000000000020284       0x16 ./Core/Src/UART_servo.o
 .debug_macro   0x000000000002029a       0x43 ./Core/Src/UART_servo.o
 .debug_macro   0x00000000000202dd       0x34 ./Core/Src/UART_servo.o
 .debug_macro   0x0000000000020311       0x10 ./Core/Src/UART_servo.o
 .debug_macro   0x0000000000020321       0x58 ./Core/Src/UART_servo.o
 .debug_macro   0x0000000000020379       0x71 ./Core/Src/UART_servo.o
 .debug_macro   0x00000000000203ea       0x16 ./Core/Src/UART_servo.o
 .debug_macro   0x0000000000020400      0x12a ./Core/Src/UART_servo.o
 .debug_macro   0x000000000002052a      0x364 ./Core/Src/UART_servo.o
 .debug_macro   0x000000000002088e      0x194 ./Core/Src/UART_servo.o
 .debug_macro   0x0000000000020a22       0x10 ./Core/Src/UART_servo.o
 .debug_macro   0x0000000000020a32       0x16 ./Core/Src/UART_servo.o
 .debug_macro   0x0000000000020a48       0x35 ./Core/Src/UART_servo.o
 .debug_macro   0x0000000000020a7d       0x16 ./Core/Src/UART_servo.o
 .debug_macro   0x0000000000020a93       0x29 ./Core/Src/UART_servo.o
 .debug_macro   0x0000000000020abc       0x10 ./Core/Src/UART_servo.o
 .debug_macro   0x0000000000020acc      0x3c7 ./Core/Src/UART_servo.o
 .debug_macro   0x0000000000020e93      0x323 ./Core/Src/communication.o
 .debug_macro   0x00000000000211b6       0x10 ./Core/Src/communication.o
 .debug_macro   0x00000000000211c6       0x1c ./Core/Src/communication.o
 .debug_macro   0x00000000000211e2       0xde ./Core/Src/communication.o
 .debug_macro   0x00000000000212c0       0x16 ./Core/Src/communication.o
 .debug_macro   0x00000000000212d6       0x20 ./Core/Src/communication.o
 .debug_macro   0x00000000000212f6      0x1e7 ./Core/Src/main.o
 .debug_macro   0x00000000000214dd      0xa78 ./Core/Src/main.o
 .debug_macro   0x0000000000021f55     0x102d ./Core/Src/main.o
 .debug_macro   0x0000000000022f82      0x174 ./Core/Src/main.o
 .debug_macro   0x00000000000230f6       0x34 ./Core/Src/main.o
 .debug_macro   0x000000000002312a      0x367 ./Core/Src/mainpp.o
 .debug_macro   0x0000000000023491      0x369 ./Core/Src/mission.o
 .debug_macro   0x00000000000237fa      0x368 ./Core/Src/motor.o
 .debug_macro   0x0000000000023b62       0x10 ./Core/Src/motor.o
 .debug_macro   0x0000000000023b72       0x10 ./Core/Src/motor.o
 .debug_macro   0x0000000000023b82      0x1e7 ./Core/Src/servo.o
 .debug_macro   0x0000000000023d69      0x1dd ./Core/Src/stm32f4xx_hal_msp.o
 .debug_macro   0x0000000000023f46      0x1e7 ./Core/Src/stm32f4xx_it.o
 .debug_macro   0x000000000002412d      0x1ce ./Core/Src/system_stm32f4xx.o
 .debug_macro   0x00000000000242fb      0x22e ./Drivers/STM32F4xx_HAL_Driver/Src/stm32f4xx_hal.o
 .debug_macro   0x0000000000024529      0x1ce ./Drivers/STM32F4xx_HAL_Driver/Src/stm32f4xx_hal_cortex.o
 .debug_macro   0x00000000000246f7      0x1d4 ./Drivers/STM32F4xx_HAL_Driver/Src/stm32f4xx_hal_dma.o
 .debug_macro   0x00000000000248cb      0x1d4 ./Drivers/STM32F4xx_HAL_Driver/Src/stm32f4xx_hal_gpio.o
 .debug_macro   0x0000000000024a9f      0x1f2 ./Drivers/STM32F4xx_HAL_Driver/Src/stm32f4xx_hal_rcc.o
 .debug_macro   0x0000000000024c91      0x1ce ./Drivers/STM32F4xx_HAL_Driver/Src/stm32f4xx_hal_rcc_ex.o
 .debug_macro   0x0000000000024e5f      0x1cf ./Drivers/STM32F4xx_HAL_Driver/Src/stm32f4xx_hal_tim.o
 .debug_macro   0x000000000002502e      0x1ce ./Drivers/STM32F4xx_HAL_Driver/Src/stm32f4xx_hal_tim_ex.o
 .debug_macro   0x00000000000251fc      0x1cf ./Drivers/STM32F4xx_HAL_Driver/Src/stm32f4xx_hal_uart.o

.debug_line     0x0000000000000000    0x1375b
 .debug_line    0x0000000000000000      0xd25 ./Core/Src/UART_servo.o
 .debug_line    0x0000000000000d25      0xb53 ./Core/Src/communication.o
 .debug_line    0x0000000000001878      0xb77 ./Core/Src/main.o
 .debug_line    0x00000000000023ef      0xc19 ./Core/Src/mainpp.o
 .debug_line    0x0000000000003008      0xcac ./Core/Src/mission.o
 .debug_line    0x0000000000003cb4      0xe9d ./Core/Src/motor.o
 .debug_line    0x0000000000004b51      0x7d3 ./Core/Src/servo.o
 .debug_line    0x0000000000005324      0x99d ./Core/Src/stm32f4xx_hal_msp.o
 .debug_line    0x0000000000005cc1      0x8de ./Core/Src/stm32f4xx_it.o
 .debug_line    0x000000000000659f      0x719 ./Core/Src/system_stm32f4xx.o
 .debug_line    0x0000000000006cb8       0x88 ./Core/Startup/startup_stm32f446retx.o
 .debug_line    0x0000000000006d40      0x97f ./Drivers/STM32F4xx_HAL_Driver/Src/stm32f4xx_hal.o
 .debug_line    0x00000000000076bf      0xc2e ./Drivers/STM32F4xx_HAL_Driver/Src/stm32f4xx_hal_cortex.o
 .debug_line    0x00000000000082ed      0xee3 ./Drivers/STM32F4xx_HAL_Driver/Src/stm32f4xx_hal_dma.o
 .debug_line    0x00000000000091d0      0xadf ./Drivers/STM32F4xx_HAL_Driver/Src/stm32f4xx_hal_gpio.o
 .debug_line    0x0000000000009caf      0xd07 ./Drivers/STM32F4xx_HAL_Driver/Src/stm32f4xx_hal_rcc.o
 .debug_line    0x000000000000a9b6     0x1392 ./Drivers/STM32F4xx_HAL_Driver/Src/stm32f4xx_hal_rcc_ex.o
 .debug_line    0x000000000000bd48     0x3673 ./Drivers/STM32F4xx_HAL_Driver/Src/stm32f4xx_hal_tim.o
 .debug_line    0x000000000000f3bb     0x197c ./Drivers/STM32F4xx_HAL_Driver/Src/stm32f4xx_hal_tim_ex.o
 .debug_line    0x0000000000010d37     0x2a24 ./Drivers/STM32F4xx_HAL_Driver/Src/stm32f4xx_hal_uart.o

.debug_str      0x0000000000000000    0xd3b4d
 .debug_str     0x0000000000000000    0xcf399 ./Core/Src/UART_servo.o
                                      0xcf8a5 (size before relaxing)
 .debug_str     0x00000000000cf399      0x3f4 ./Core/Src/communication.o
                                      0xce488 (size before relaxing)
 .debug_str     0x00000000000cf78d     0x10bf ./Core/Src/main.o
                                      0xca42d (size before relaxing)
 .debug_str     0x00000000000d084c      0x38e ./Core/Src/mainpp.o
                                      0xce90e (size before relaxing)
 .debug_str     0x00000000000d0bda      0x15c ./Core/Src/mission.o
                                      0xce7aa (size before relaxing)
 .debug_str     0x00000000000d0d36      0x1d6 ./Core/Src/motor.o
                                      0xcfb24 (size before relaxing)
 .debug_str     0x00000000000d0f0c       0x86 ./Core/Src/servo.o
                                      0xc9c97 (size before relaxing)
 .debug_str     0x00000000000d0f92      0x155 ./Core/Src/stm32f4xx_hal_msp.o
                                      0xc9f96 (size before relaxing)
 .debug_str     0x00000000000d10e7      0x264 ./Core/Src/stm32f4xx_it.o
                                      0xc9975 (size before relaxing)
 .debug_str     0x00000000000d134b       0xdb ./Core/Src/system_stm32f4xx.o
                                      0xc9109 (size before relaxing)
 .debug_str     0x00000000000d1426       0x36 ./Core/Startup/startup_stm32f446retx.o
                                         0x74 (size before relaxing)
 .debug_str     0x00000000000d145c      0x591 ./Drivers/STM32F4xx_HAL_Driver/Src/stm32f4xx_hal.o
                                      0xc9cce (size before relaxing)
 .debug_str     0x00000000000d19ed      0x324 ./Drivers/STM32F4xx_HAL_Driver/Src/stm32f4xx_hal_cortex.o
                                      0xc99dc (size before relaxing)
 .debug_str     0x00000000000d1d11      0x2ee ./Drivers/STM32F4xx_HAL_Driver/Src/stm32f4xx_hal_dma.o
                                      0xc94fe (size before relaxing)
 .debug_str     0x00000000000d1fff       0xd7 ./Drivers/STM32F4xx_HAL_Driver/Src/stm32f4xx_hal_gpio.o
                                      0xc9284 (size before relaxing)
 .debug_str     0x00000000000d20d6      0x228 ./Drivers/STM32F4xx_HAL_Driver/Src/stm32f4xx_hal_rcc.o
                                      0xc9542 (size before relaxing)
 .debug_str     0x00000000000d22fe      0x324 ./Drivers/STM32F4xx_HAL_Driver/Src/stm32f4xx_hal_rcc_ex.o
                                      0xc9575 (size before relaxing)
 .debug_str     0x00000000000d2622      0xbce ./Drivers/STM32F4xx_HAL_Driver/Src/stm32f4xx_hal_tim.o
                                      0xca45e (size before relaxing)
 .debug_str     0x00000000000d31f0      0x3e1 ./Drivers/STM32F4xx_HAL_Driver/Src/stm32f4xx_hal_tim_ex.o
                                      0xc9c7a (size before relaxing)
 .debug_str     0x00000000000d35d1      0x57c ./Drivers/STM32F4xx_HAL_Driver/Src/stm32f4xx_hal_uart.o
                                      0xc9ab7 (size before relaxing)

.comment        0x0000000000000000       0x50
 .comment       0x0000000000000000       0x50 ./Core/Src/UART_servo.o
                                         0x51 (size before relaxing)
 .comment       0x0000000000000050       0x51 ./Core/Src/communication.o
 .comment       0x0000000000000050       0x51 ./Core/Src/main.o
 .comment       0x0000000000000050       0x51 ./Core/Src/mainpp.o
 .comment       0x0000000000000050       0x51 ./Core/Src/mission.o
 .comment       0x0000000000000050       0x51 ./Core/Src/motor.o
 .comment       0x0000000000000050       0x51 ./Core/Src/servo.o
 .comment       0x0000000000000050       0x51 ./Core/Src/stm32f4xx_hal_msp.o
 .comment       0x0000000000000050       0x51 ./Core/Src/stm32f4xx_it.o
 .comment       0x0000000000000050       0x51 ./Core/Src/system_stm32f4xx.o
 .comment       0x0000000000000050       0x51 ./Drivers/STM32F4xx_HAL_Driver/Src/stm32f4xx_hal.o
 .comment       0x0000000000000050       0x51 ./Drivers/STM32F4xx_HAL_Driver/Src/stm32f4xx_hal_cortex.o
 .comment       0x0000000000000050       0x51 ./Drivers/STM32F4xx_HAL_Driver/Src/stm32f4xx_hal_dma.o
 .comment       0x0000000000000050       0x51 ./Drivers/STM32F4xx_HAL_Driver/Src/stm32f4xx_hal_gpio.o
 .comment       0x0000000000000050       0x51 ./Drivers/STM32F4xx_HAL_Driver/Src/stm32f4xx_hal_rcc.o
 .comment       0x0000000000000050       0x51 ./Drivers/STM32F4xx_HAL_Driver/Src/stm32f4xx_hal_rcc_ex.o
 .comment       0x0000000000000050       0x51 ./Drivers/STM32F4xx_HAL_Driver/Src/stm32f4xx_hal_tim.o
 .comment       0x0000000000000050       0x51 ./Drivers/STM32F4xx_HAL_Driver/Src/stm32f4xx_hal_tim_ex.o
 .comment       0x0000000000000050       0x51 ./Drivers/STM32F4xx_HAL_Driver/Src/stm32f4xx_hal_uart.o

.debug_frame    0x0000000000000000     0x3f2c
 .debug_frame   0x0000000000000000      0x194 ./Core/Src/UART_servo.o
 .debug_frame   0x0000000000000194       0xd8 ./Core/Src/communication.o
 .debug_frame   0x000000000000026c      0x254 ./Core/Src/main.o
 .debug_frame   0x00000000000004c0       0xf8 ./Core/Src/mainpp.o
 .debug_frame   0x00000000000005b8      0x114 ./Core/Src/mission.o
 .debug_frame   0x00000000000006cc      0x190 ./Core/Src/motor.o
 .debug_frame   0x000000000000085c       0xdc ./Core/Src/servo.o
 .debug_frame   0x0000000000000938      0x180 ./Core/Src/stm32f4xx_hal_msp.o
 .debug_frame   0x0000000000000ab8      0x2c4 ./Core/Src/stm32f4xx_it.o
 .debug_frame   0x0000000000000d7c       0x58 ./Core/Src/system_stm32f4xx.o
 .debug_frame   0x0000000000000dd4      0x374 ./Drivers/STM32F4xx_HAL_Driver/Src/stm32f4xx_hal.o
 .debug_frame   0x0000000000001148      0x498 ./Drivers/STM32F4xx_HAL_Driver/Src/stm32f4xx_hal_cortex.o
 .debug_frame   0x00000000000015e0      0x250 ./Drivers/STM32F4xx_HAL_Driver/Src/stm32f4xx_hal_dma.o
 .debug_frame   0x0000000000001830      0x14c ./Drivers/STM32F4xx_HAL_Driver/Src/stm32f4xx_hal_gpio.o
 .debug_frame   0x000000000000197c      0x1f4 ./Drivers/STM32F4xx_HAL_Driver/Src/stm32f4xx_hal_rcc.o
 .debug_frame   0x0000000000001b70      0x1e8 ./Drivers/STM32F4xx_HAL_Driver/Src/stm32f4xx_hal_rcc_ex.o
 .debug_frame   0x0000000000001d58     0x11c4 ./Drivers/STM32F4xx_HAL_Driver/Src/stm32f4xx_hal_tim.o
 .debug_frame   0x0000000000002f1c      0x638 ./Drivers/STM32F4xx_HAL_Driver/Src/stm32f4xx_hal_tim_ex.o
 .debug_frame   0x0000000000003554      0x92c ./Drivers/STM32F4xx_HAL_Driver/Src/stm32f4xx_hal_uart.o
 .debug_frame   0x0000000000003e80       0x2c /opt/st/stm32cubeide_1.10.1/plugins/com.st.stm32cube.ide.mcu.externaltools.gnu-tools-for-stm32.10.3-2021.10.linux64_1.0.0.202111181127/tools/bin/../lib/gcc/arm-none-eabi/10.3.1/../../../../arm-none-eabi/lib/thumb/v7e-m+fp/hard/libc_nano.a(lib_a-init.o)
 .debug_frame   0x0000000000003eac       0x20 /opt/st/stm32cubeide_1.10.1/plugins/com.st.stm32cube.ide.mcu.externaltools.gnu-tools-for-stm32.10.3-2021.10.linux64_1.0.0.202111181127/tools/bin/../lib/gcc/arm-none-eabi/10.3.1/../../../../arm-none-eabi/lib/thumb/v7e-m+fp/hard/libc_nano.a(lib_a-memset.o)
 .debug_frame   0x0000000000003ecc       0x2c /opt/st/stm32cubeide_1.10.1/plugins/com.st.stm32cube.ide.mcu.externaltools.gnu-tools-for-stm32.10.3-2021.10.linux64_1.0.0.202111181127/tools/bin/../lib/gcc/arm-none-eabi/10.3.1/thumb/v7e-m+fp/hard/libgcc.a(_aeabi_uldivmod.o)
 .debug_frame   0x0000000000003ef8       0x34 /opt/st/stm32cubeide_1.10.1/plugins/com.st.stm32cube.ide.mcu.externaltools.gnu-tools-for-stm32.10.3-2021.10.linux64_1.0.0.202111181127/tools/bin/../lib/gcc/arm-none-eabi/10.3.1/thumb/v7e-m+fp/hard/libgcc.a(_udivmoddi4.o)
