../Core/Src/communication.cpp:20:6:void UART_setup()	8	static
../Core/Src/communication.cpp:24:6:void UART_TransmitData_Status_IT(UART_HandleTypeDef*, float, float, float, float)	32	static
../Core/Src/communication.cpp:32:6:void UART_ReceiveData_arrriveDestination_IT(UART_HandleTypeDef*, bool*)	16	static
../Core/Src/communication.cpp:37:6:void UART_TRANSMIT()	8	static
../Core/Src/communication.cpp:40:6:void HAL_UART_TxCpltCallback(UART_HandleTypeDef*)	16	static
../Core/Src/communication.cpp:51:6:void HAL_UART_RxCpltCallback(UART_HandleTypeDef*)	16	static
