../Core/Src/main.c:92:5:main	8	static
../Core/Src/main.c:155:6:SystemClock_Config	88	static
../Core/Src/main.c:202:13:MX_NVIC_Init	8	static
../Core/Src/main.c:232:13:MX_TIM1_Init	80	static
../Core/Src/main.c:309:13:MX_TIM2_Init	32	static
../Core/Src/main.c:354:13:MX_TIM3_Init	56	static
../Core/Src/main.c:403:13:MX_TIM5_Init	56	static
../Core/Src/main.c:452:13:MX_TIM7_Init	16	static
../Core/Src/main.c:490:13:MX_TIM9_Init	24	static
../Core/Src/main.c:528:13:MX_TIM10_Init	8	static
../Core/Src/main.c:559:13:MX_TIM11_Init	8	static
../Core/Src/main.c:590:13:MX_TIM12_Init	40	static
../Core/Src/main.c:636:13:MX_TIM13_Init	8	static
../Core/Src/main.c:667:13:MX_UART5_Init	8	static
../Core/Src/main.c:700:13:MX_USART3_UART_Init	8	static
../Core/Src/main.c:731:13:MX_DMA_Init	16	static
../Core/Src/main.c:752:13:MX_GPIO_Init	48	static
../Core/Src/main.c:851:6:Error_Handler	4	static,ignoring_inline_asm
