../Core/Src/mission.cpp:34:6:void GoTo(float, float, float, float)	24	static
../Core/Src/mission.cpp:48:6:void Cascade(float, float)	16	static
../Core/Src/mission.cpp:61:6:void pose_reset()	8	static
../Core/Src/mission.cpp:75:6:void takeBall(int)	24	static
../Core/Src/mission.cpp:95:6:void placeBall(int)	24	static
../Core/Src/mission.cpp:106:6:void mission_1_R()	8	static
../Core/Src/mission.cpp:163:6:void mission_1_L()	8	static
../Core/Src/mission.cpp:250:6:void mission_2()	8	static
../Core/Src/mission.cpp:311:6:void mission_3()	8	static
