../Core/Src/stm32f4xx_it.c:78:6:NMI_Handler	4	static
../Core/Src/stm32f4xx_it.c:93:6:HardFault_Handler	4	static
../Core/Src/stm32f4xx_it.c:108:6:MemManage_Handler	4	static
../Core/Src/stm32f4xx_it.c:123:6:BusFault_Handler	4	static
../Core/Src/stm32f4xx_it.c:138:6:UsageFault_Handler	4	static
../Core/Src/stm32f4xx_it.c:153:6:SVC_Handler	4	static
../Core/Src/stm32f4xx_it.c:166:6:DebugMon_Handler	4	static
../Core/Src/stm32f4xx_it.c:179:6:PendSV_Handler	4	static
../Core/Src/stm32f4xx_it.c:192:6:SysTick_Handler	8	static
../Core/Src/stm32f4xx_it.c:213:6:EXTI0_IRQHandler	8	static
../Core/Src/stm32f4xx_it.c:227:6:EXTI1_IRQHandler	8	static
../Core/Src/stm32f4xx_it.c:241:6:EXTI2_IRQHandler	8	static
../Core/Src/stm32f4xx_it.c:255:6:EXTI3_IRQHandler	8	static
../Core/Src/stm32f4xx_it.c:269:6:EXTI4_IRQHandler	8	static
../Core/Src/stm32f4xx_it.c:283:6:DMA1_Stream1_IRQHandler	8	static
../Core/Src/stm32f4xx_it.c:297:6:DMA1_Stream3_IRQHandler	8	static
../Core/Src/stm32f4xx_it.c:311:6:EXTI9_5_IRQHandler	8	static
../Core/Src/stm32f4xx_it.c:327:6:TIM1_BRK_TIM9_IRQHandler	8	static
../Core/Src/stm32f4xx_it.c:342:6:TIM1_UP_TIM10_IRQHandler	8	static
../Core/Src/stm32f4xx_it.c:357:6:TIM1_TRG_COM_TIM11_IRQHandler	8	static
../Core/Src/stm32f4xx_it.c:372:6:TIM2_IRQHandler	8	static
../Core/Src/stm32f4xx_it.c:386:6:USART3_IRQHandler	8	static
../Core/Src/stm32f4xx_it.c:400:6:EXTI15_10_IRQHandler	8	static
../Core/Src/stm32f4xx_it.c:414:6:TIM8_UP_TIM13_IRQHandler	8	static
../Core/Src/stm32f4xx_it.c:428:6:TIM7_IRQHandler	8	static
